04-22 16:40:31.478   405   405 E lowmemorykiller: Error opening /dev/memcg/apps/uid_10008/pid_1137/memory.soft_limit_in_bytes; errno=2
04-22 16:40:31.478   405   405 E lowmemorykiller: Error opening /dev/memcg/apps/uid_10010/pid_1471/memory.soft_limit_in_bytes; errno=2
04-22 16:40:31.481  1559  1559 D USER_TEST: Event: system_app_wtf@1587544795419
04-22 16:40:31.482  1272  1396 V FaceRecognizeThread_YUV: thread end,thread=Thread-17
04-22 16:40:31.483  1272  1396 V FaceRecognizeThread_YUV: in while,thread=Thread-17
04-22 16:40:31.504  1272  1396 V FaceRecognizeThread_YUV: thread end,thread=Thread-17
04-22 16:40:31.504  1272  1396 V FaceRecognizeThread_YUV: in while,thread=Thread-17
04-22 16:40:31.510  1699  1699 I sh      : type=1400 audit(0.0:90): avc: denied { open } for path="/tmp/hawk_fifo" dev="tmpfs" ino=14050 scontext=u:r:system_app:s0 tcontext=u:object_r:system_app_tmpfs:s0 tclass=file permissive=1
04-22 16:40:31.516  1559  1559 D USER_TEST: system_app_wtf event generated!
04-22 16:40:31.520  1559  1559 D USER_TEST: Event: system_app_wtf@1587544795452
04-22 16:40:31.524  1272  1396 V FaceRecognizeThread_YUV: thread end,thread=Thread-17
04-22 16:40:31.524  1272  1396 V FaceRecognizeThread_YUV: in while,thread=Thread-17
04-22 16:40:31.544  1559  1559 D USER_TEST: system_app_wtf event generated!
04-22 16:40:31.545  1272  1396 V FaceRecognizeThread_YUV: thread end,thread=Thread-17
04-22 16:40:31.545  1272  1396 V FaceRecognizeThread_YUV: in while,thread=Thread-17
04-22 16:40:31.547  1559  1559 D USER_TEST: Event: system_app_wtf@1587544798300
04-22 16:40:31.566  1272  1396 V FaceRecognizeThread_YUV: thread end,thread=Thread-17
04-22 16:40:31.566  1272  1396 V FaceRecognizeThread_YUV: in while,thread=Thread-17
04-22 16:40:31.570  1559  1559 D USER_TEST: system_app_wtf event generated!
04-22 16:40:31.573  1559  1559 D USER_TEST: Event: system_app_wtf@1587544798376
04-22 16:40:31.586  1272  1396 V FaceRecognizeThread_YUV: thread end,thread=Thread-17
04-22 16:40:31.587  1272  1396 V FaceRecognizeThread_YUV: in while,thread=Thread-17
04-22 16:40:31.595  1559  1559 D USER_TEST: system_app_wtf event generated!
04-22 16:40:31.598  1559  1559 D USER_TEST: Event: system_app_wtf@1587544799546
04-22 16:40:31.607  1272  1396 V FaceRecognizeThread_YUV: thread end,thread=Thread-17
04-22 16:40:31.607  1272  1396 V FaceRecognizeThread_YUV: in while,thread=Thread-17
04-22 16:40:31.624  1559  1559 D USER_TEST: system_app_wtf event generated!
04-22 16:40:31.626  1559  1559 D USER_TEST: Event: system_app_wtf@1587544799964
04-22 16:40:31.627  1272  1396 V FaceRecognizeThread_YUV: thread end,thread=Thread-17
04-22 16:40:31.628  1272  1396 V FaceRecognizeThread_YUV: in while,thread=Thread-17
04-22 16:40:31.632  1272  1294 D CrashReport: waiting!
04-22 16:40:31.648  1559  1559 D USER_TEST: system_app_wtf event generated!
04-22 16:40:31.648  1272  1396 V FaceRecognizeThread_YUV: thread end,thread=Thread-17
04-22 16:40:31.648  1272  1396 V FaceRecognizeThread_YUV: in while,thread=Thread-17
04-22 16:40:31.655   405   405 E lowmemorykiller: Error opening /dev/memcg/apps/uid_1000/pid_1559/memory.soft_limit_in_bytes; errno=2
04-22 16:40:31.655   405   405 E lowmemorykiller: Error opening /dev/memcg/apps/uid_1000/pid_1105/memory.soft_limit_in_bytes; errno=2
04-22 16:40:31.669  1272  1396 V FaceRecognizeThread_YUV: thread end,thread=Thread-17
04-22 16:40:31.669  1272  1396 V FaceRecognizeThread_YUV: in while,thread=Thread-17
04-22 16:40:31.673   599   697 D RecurrenceRule: Resolving using anchor 2020-04-22T16:40:31.672+08:00[Asia/Shanghai]
04-22 16:40:31.679   599   697 D RecurrenceRule: Resolving using anchor 2020-04-22T16:40:31.679+08:00[Asia/Shanghai]
04-22 16:40:31.687   599   697 D RecurrenceRule: Cycle 15 from 2020-04-01T00:00+08:00[Asia/Shanghai] to 2020-05-01T00:00+08:00[Asia/Shanghai]
04-22 16:40:31.688   599   697 D NetworkStats: Resolving plan for NetworkTemplate: matchRule=MOBILE_ALL, subscriberId=460067..., matchSubscriberIds=[460067...]
04-22 16:40:31.689  1272  1396 V FaceRecognizeThread_YUV: thread end,thread=Thread-17
04-22 16:40:31.689  1272  1396 V FaceRecognizeThread_YUV: in while,thread=Thread-17
04-22 16:40:31.692   599   697 D NetworkStats: Found active matching subId 1
04-22 16:40:31.701   599   697 D NetworkStats: Resolved to plan null
04-22 16:40:31.710  1272  1396 V FaceRecognizeThread_YUV: thread end,thread=Thread-17
04-22 16:40:31.710  1272  1396 V FaceRecognizeThread_YUV: in while,thread=Thread-17
04-22 16:40:31.731  1272  1396 V FaceRecognizeThread_YUV: thread end,thread=Thread-17
04-22 16:40:31.731  1272  1396 V FaceRecognizeThread_YUV: in while,thread=Thread-17
04-22 16:40:31.751  1272  1396 V FaceRecognizeThread_YUV: thread end,thread=Thread-17
04-22 16:40:31.752  1272  1396 V FaceRecognizeThread_YUV: in while,thread=Thread-17
04-22 16:40:31.772  1272  1396 V FaceRecognizeThread_YUV: thread end,thread=Thread-17
04-22 16:40:31.772  1272  1396 V FaceRecognizeThread_YUV: in while,thread=Thread-17
04-22 16:40:31.793  1272  1396 V FaceRecognizeThread_YUV: thread end,thread=Thread-17
04-22 16:40:31.793  1272  1396 V FaceRecognizeThread_YUV: in while,thread=Thread-17
04-22 16:40:31.814  1272  1396 V FaceRecognizeThread_YUV: thread end,thread=Thread-17
04-22 16:40:31.814  1272  1396 V FaceRecognizeThread_YUV: in while,thread=Thread-17
04-22 16:40:31.834  1272  1396 V FaceRecognizeThread_YUV: thread end,thread=Thread-17
04-22 16:40:31.834  1272  1396 V FaceRecognizeThread_YUV: in while,thread=Thread-17
04-22 16:40:31.855  1272  1396 V FaceRecognizeThread_YUV: thread end,thread=Thread-17
04-22 16:40:31.855  1272  1396 V FaceRecognizeThread_YUV: in while,thread=Thread-17
04-22 16:40:31.875  1272  1396 V FaceRecognizeThread_YUV: thread end,thread=Thread-17
04-22 16:40:31.876  1272  1396 V FaceRecognizeThread_YUV: in while,thread=Thread-17
04-22 16:40:31.896  1272  1396 V FaceRecognizeThread_YUV: thread end,thread=Thread-17
04-22 16:40:31.896  1272  1396 V FaceRecognizeThread_YUV: in while,thread=Thread-17
04-22 16:40:31.918  1272  1396 V FaceRecognizeThread_YUV: thread end,thread=Thread-17
04-22 16:40:31.919  1272  1396 V FaceRecognizeThread_YUV: in while,thread=Thread-17
04-22 16:40:31.939  1272  1396 V FaceRecognizeThread_YUV: thread end,thread=Thread-17
04-22 16:40:31.939  1272  1396 V FaceRecognizeThread_YUV: in while,thread=Thread-17
04-22 16:40:31.959  1272  1396 V FaceRecognizeThread_YUV: thread end,thread=Thread-17
04-22 16:40:31.959  1272  1396 V FaceRecognizeThread_YUV: in while,thread=Thread-17
04-22 16:40:31.980  1272  1396 V FaceRecognizeThread_YUV: thread end,thread=Thread-17
04-22 16:40:31.980  1272  1396 V FaceRecognizeThread_YUV: in while,thread=Thread-17
04-22 16:40:31.997   599   626 D AutofillManagerService: Close system dialogs
04-22 16:40:32.000  1272  1396 V FaceRecognizeThread_YUV: thread end,thread=Thread-17
04-22 16:40:32.000  1272  1396 V FaceRecognizeThread_YUV: in while,thread=Thread-17
04-22 16:40:32.002   386   527 D audio_hw_primary: out_set_parameters: enter: usecase(0: low-latency-playback) kvpairs: stream_pause=0-out->devices(2)-adev->mode(0)-in_call(0)-standby(0)
04-22 16:40:32.002   386   527 D audio_hw_primary: out_set_parameters: exit: code(0)
04-22 16:40:32.005   739   739 D StatusBar: hiding the MENU button
04-22 16:40:32.009   739   904 D mali_winsys: EGLint new_window_surface(egl_winsys_display *, void *, EGLSurface, EGLConfig, egl_winsys_surface **, EGLBoolean) returns 0x3000
04-22 16:40:32.020  1272  1396 V FaceRecognizeThread_YUV: thread end,thread=Thread-17
04-22 16:40:32.020  1272  1396 V FaceRecognizeThread_YUV: in while,thread=Thread-17
04-22 16:40:32.020   739   739 E BufferItemConsumer: [unnamed-739-8] Failed to release buffer: Unknown error -1 (1)
04-22 16:40:32.021   739   739 V StatusBar: onReceive: Intent { act=android.intent.action.CLOSE_SYSTEM_DIALOGS flg=0x50000010 (has extras) }
04-22 16:40:32.021   739   739 D StatusBar: animateCollapse(): mExpandedVisible=false flags=0
04-22 16:40:32.041  1272  1396 V FaceRecognizeThread_YUV: thread end,thread=Thread-17
04-22 16:40:32.041  1272  1396 V FaceRecognizeThread_YUV: in while,thread=Thread-17
04-22 16:40:32.062  1272  1396 V FaceRecognizeThread_YUV: thread end,thread=Thread-17
04-22 16:40:32.062  1272  1396 V FaceRecognizeThread_YUV: in while,thread=Thread-17
04-22 16:40:32.082  1272  1396 V FaceRecognizeThread_YUV: thread end,thread=Thread-17
04-22 16:40:32.082  1272  1396 V FaceRecognizeThread_YUV: in while,thread=Thread-17
04-22 16:40:32.102  1272  1396 V FaceRecognizeThread_YUV: thread end,thread=Thread-17
04-22 16:40:32.102  1272  1396 V FaceRecognizeThread_YUV: in while,thread=Thread-17
04-22 16:40:32.123  1272  1396 V FaceRecognizeThread_YUV: thread end,thread=Thread-17
04-22 16:40:32.123  1272  1396 V FaceRecognizeThread_YUV: in while,thread=Thread-17
04-22 16:40:32.133  1272  1294 D CrashReport: waiting!
04-22 16:40:32.143  1272  1396 V FaceRecognizeThread_YUV: thread end,thread=Thread-17
04-22 16:40:32.143  1272  1396 V FaceRecognizeThread_YUV: in while,thread=Thread-17
04-22 16:40:32.156   386   527 D audio_hw_primary: out_set_parameters: enter: usecase(0: low-latency-playback) kvpairs: stream_pause=1-out->devices(2)-adev->mode(0)-in_call(0)-standby(0)
04-22 16:40:32.156   386   527 D audio_hw_primary: out_set_parameters: exit: code(0)
04-22 16:40:32.163  1272  1396 V FaceRecognizeThread_YUV: thread end,thread=Thread-17
04-22 16:40:32.163  1272  1396 V FaceRecognizeThread_YUV: in while,thread=Thread-17
04-22 16:40:32.184  1272  1396 V FaceRecognizeThread_YUV: thread end,thread=Thread-17
04-22 16:40:32.184  1272  1396 V FaceRecognizeThread_YUV: in while,thread=Thread-17
04-22 16:40:32.204  1272  1396 V FaceRecognizeThread_YUV: thread end,thread=Thread-17
04-22 16:40:32.204  1272  1396 V FaceRecognizeThread_YUV: in while,thread=Thread-17
04-22 16:40:32.225  1272  1396 V FaceRecognizeThread_YUV: thread end,thread=Thread-17
04-22 16:40:32.225  1272  1396 V FaceRecognizeThread_YUV: in while,thread=Thread-17
04-22 16:40:32.246  1272  1396 V FaceRecognizeThread_YUV: thread end,thread=Thread-17
04-22 16:40:32.246  1272  1396 V FaceRecognizeThread_YUV: in while,thread=Thread-17
04-22 16:40:32.266  1272  1396 V FaceRecognizeThread_YUV: thread end,thread=Thread-17
04-22 16:40:32.266  1272  1396 V FaceRecognizeThread_YUV: in while,thread=Thread-17
04-22 16:40:32.287  1272  1396 V FaceRecognizeThread_YUV: thread end,thread=Thread-17
04-22 16:40:32.287  1272  1396 V FaceRecognizeThread_YUV: in while,thread=Thread-17
04-22 16:40:32.308  1272  1396 V FaceRecognizeThread_YUV: thread end,thread=Thread-17
04-22 16:40:32.308  1272  1396 V FaceRecognizeThread_YUV: in while,thread=Thread-17
04-22 16:40:32.328  1272  1396 V FaceRecognizeThread_YUV: thread end,thread=Thread-17
04-22 16:40:32.329  1272  1396 V FaceRecognizeThread_YUV: in while,thread=Thread-17
04-22 16:40:32.349  1272  1396 V FaceRecognizeThread_YUV: thread end,thread=Thread-17
04-22 16:40:32.349  1272  1396 V FaceRecognizeThread_YUV: in while,thread=Thread-17
04-22 16:40:32.371  1272  1396 V FaceRecognizeThread_YUV: thread end,thread=Thread-17
04-22 16:40:32.371  1272  1396 V FaceRecognizeThread_YUV: in while,thread=Thread-17
04-22 16:40:32.392  1272  1396 V FaceRecognizeThread_YUV: thread end,thread=Thread-17
04-22 16:40:32.392  1272  1396 V FaceRecognizeThread_YUV: in while,thread=Thread-17
04-22 16:40:32.413  1272  1396 V FaceRecognizeThread_YUV: thread end,thread=Thread-17
04-22 16:40:32.413  1272  1396 V FaceRecognizeThread_YUV: in while,thread=Thread-17
04-22 16:40:32.433  1272  1396 V FaceRecognizeThread_YUV: thread end,thread=Thread-17
04-22 16:40:32.434  1272  1396 V FaceRecognizeThread_YUV: in while,thread=Thread-17
04-22 16:40:32.454  1272  1396 V FaceRecognizeThread_YUV: thread end,thread=Thread-17
04-22 16:40:32.454  1272  1396 V FaceRecognizeThread_YUV: in while,thread=Thread-17
04-22 16:40:32.474  1272  1396 V FaceRecognizeThread_YUV: thread end,thread=Thread-17
04-22 16:40:32.474  1272  1396 V FaceRecognizeThread_YUV: in while,thread=Thread-17
04-22 16:40:32.495  1272  1396 V FaceRecognizeThread_YUV: thread end,thread=Thread-17
04-22 16:40:32.495  1272  1396 V FaceRecognizeThread_YUV: in while,thread=Thread-17
04-22 16:40:32.515  1272  1396 V FaceRecognizeThread_YUV: thread end,thread=Thread-17
04-22 16:40:32.515  1272  1396 V FaceRecognizeThread_YUV: in while,thread=Thread-17
04-22 16:40:32.536  1272  1396 V FaceRecognizeThread_YUV: thread end,thread=Thread-17
04-22 16:40:32.536  1272  1396 V FaceRecognizeThread_YUV: in while,thread=Thread-17
04-22 16:40:32.556  1272  1396 V FaceRecognizeThread_YUV: thread end,thread=Thread-17
04-22 16:40:32.556  1272  1396 V FaceRecognizeThread_YUV: in while,thread=Thread-17
04-22 16:40:32.577  1272  1396 V FaceRecognizeThread_YUV: thread end,thread=Thread-17
04-22 16:40:32.577  1272  1396 V FaceRecognizeThread_YUV: in while,thread=Thread-17
04-22 16:40:32.598  1272  1396 V FaceRecognizeThread_YUV: thread end,thread=Thread-17
04-22 16:40:32.598  1272  1396 V FaceRecognizeThread_YUV: in while,thread=Thread-17
04-22 16:40:32.619  1272  1396 V FaceRecognizeThread_YUV: thread end,thread=Thread-17
04-22 16:40:32.619  1272  1396 V FaceRecognizeThread_YUV: in while,thread=Thread-17
04-22 16:40:32.634  1272  1294 D CrashReport: waiting!
04-22 16:40:32.639  1272  1396 V FaceRecognizeThread_YUV: thread end,thread=Thread-17
04-22 16:40:32.639  1272  1396 V FaceRecognizeThread_YUV: in while,thread=Thread-17
04-22 16:40:32.660  1272  1396 V FaceRecognizeThread_YUV: thread end,thread=Thread-17
04-22 16:40:32.660  1272  1396 V FaceRecognizeThread_YUV: in while,thread=Thread-17
04-22 16:40:32.680  1272  1396 V FaceRecognizeThread_YUV: thread end,thread=Thread-17
04-22 16:40:32.680  1272  1396 V FaceRecognizeThread_YUV: in while,thread=Thread-17
04-22 16:40:32.701  1272  1396 V FaceRecognizeThread_YUV: thread end,thread=Thread-17
04-22 16:40:32.701  1272  1396 V FaceRecognizeThread_YUV: in while,thread=Thread-17
04-22 16:40:32.721  1272  1396 V FaceRecognizeThread_YUV: thread end,thread=Thread-17
04-22 16:40:32.722  1272  1396 V FaceRecognizeThread_YUV: in while,thread=Thread-17
04-22 16:40:32.744  1272  1396 V FaceRecognizeThread_YUV: thread end,thread=Thread-17
04-22 16:40:32.744  1272  1396 V FaceRecognizeThread_YUV: in while,thread=Thread-17
04-22 16:40:32.765  1272  1396 V FaceRecognizeThread_YUV: thread end,thread=Thread-17
04-22 16:40:32.765  1272  1396 V FaceRecognizeThread_YUV: in while,thread=Thread-17
04-22 16:40:32.786  1272  1396 V FaceRecognizeThread_YUV: thread end,thread=Thread-17
04-22 16:40:32.786  1272  1396 V FaceRecognizeThread_YUV: in while,thread=Thread-17
04-22 16:40:32.806  1272  1396 V FaceRecognizeThread_YUV: thread end,thread=Thread-17
04-22 16:40:32.806  1272  1396 V FaceRecognizeThread_YUV: in while,thread=Thread-17
04-22 16:40:32.827  1272  1396 V FaceRecognizeThread_YUV: thread end,thread=Thread-17
04-22 16:40:32.827  1272  1396 V FaceRecognizeThread_YUV: in while,thread=Thread-17
04-22 16:40:32.848  1272  1396 V FaceRecognizeThread_YUV: thread end,thread=Thread-17
04-22 16:40:32.848  1272  1396 V FaceRecognizeThread_YUV: in while,thread=Thread-17
04-22 16:40:32.868  1272  1396 V FaceRecognizeThread_YUV: thread end,thread=Thread-17
04-22 16:40:32.868  1272  1396 V FaceRecognizeThread_YUV: in while,thread=Thread-17
04-22 16:40:32.888  1272  1396 V FaceRecognizeThread_YUV: thread end,thread=Thread-17
04-22 16:40:32.890  1272  1396 V FaceRecognizeThread_YUV: in while,thread=Thread-17
04-22 16:40:32.910  1272  1396 V FaceRecognizeThread_YUV: thread end,thread=Thread-17
04-22 16:40:32.910  1272  1396 V FaceRecognizeThread_YUV: in while,thread=Thread-17
04-22 16:40:32.931  1272  1396 V FaceRecognizeThread_YUV: thread end,thread=Thread-17
04-22 16:40:32.931  1272  1396 V FaceRecognizeThread_YUV: in while,thread=Thread-17
04-22 16:40:32.952  1272  1396 V FaceRecognizeThread_YUV: thread end,thread=Thread-17
04-22 16:40:32.952  1272  1396 V FaceRecognizeThread_YUV: in while,thread=Thread-17
04-22 16:40:32.972  1272  1396 V FaceRecognizeThread_YUV: thread end,thread=Thread-17
04-22 16:40:32.972  1272  1396 V FaceRecognizeThread_YUV: in while,thread=Thread-17
04-22 16:40:32.993  1272  1396 V FaceRecognizeThread_YUV: thread end,thread=Thread-17
04-22 16:40:32.993  1272  1396 V FaceRecognizeThread_YUV: in while,thread=Thread-17
04-22 16:40:33.014  1272  1396 V FaceRecognizeThread_YUV: thread end,thread=Thread-17
04-22 16:40:33.014  1272  1396 V FaceRecognizeThread_YUV: in while,thread=Thread-17
04-22 16:40:33.034  1272  1396 V FaceRecognizeThread_YUV: thread end,thread=Thread-17
04-22 16:40:33.034  1272  1396 V FaceRecognizeThread_YUV: in while,thread=Thread-17
04-22 16:40:33.055  1272  1396 V FaceRecognizeThread_YUV: thread end,thread=Thread-17
04-22 16:40:33.055  1272  1396 V FaceRecognizeThread_YUV: in while,thread=Thread-17
04-22 16:40:33.075  1272  1396 V FaceRecognizeThread_YUV: thread end,thread=Thread-17
04-22 16:40:33.075  1272  1396 V FaceRecognizeThread_YUV: in while,thread=Thread-17
04-22 16:40:33.096  1272  1396 V FaceRecognizeThread_YUV: thread end,thread=Thread-17
04-22 16:40:33.096  1272  1396 V FaceRecognizeThread_YUV: in while,thread=Thread-17
04-22 16:40:33.117  1272  1396 V FaceRecognizeThread_YUV: thread end,thread=Thread-17
04-22 16:40:33.117  1272  1396 V FaceRecognizeThread_YUV: in while,thread=Thread-17
04-22 16:40:33.136  1272  1294 D CrashReport: waiting!
04-22 16:40:33.137  1272  1396 V FaceRecognizeThread_YUV: thread end,thread=Thread-17
04-22 16:40:33.137  1272  1396 V FaceRecognizeThread_YUV: in while,thread=Thread-17
04-22 16:40:33.158  1272  1396 V FaceRecognizeThread_YUV: thread end,thread=Thread-17
04-22 16:40:33.158  1272  1396 V FaceRecognizeThread_YUV: in while,thread=Thread-17
04-22 16:40:33.179  1272  1396 V FaceRecognizeThread_YUV: thread end,thread=Thread-17
04-22 16:40:33.179  1272  1396 V FaceRecognizeThread_YUV: in while,thread=Thread-17
04-22 16:40:33.201  1272  1396 V FaceRecognizeThread_YUV: thread end,thread=Thread-17
04-22 16:40:33.201  1272  1396 V FaceRecognizeThread_YUV: in while,thread=Thread-17
04-22 16:40:33.222  1272  1396 V FaceRecognizeThread_YUV: thread end,thread=Thread-17
04-22 16:40:33.222  1272  1396 V FaceRecognizeThread_YUV: in while,thread=Thread-17
04-22 16:40:33.242  1272  1396 V FaceRecognizeThread_YUV: thread end,thread=Thread-17
04-22 16:40:33.242  1272  1396 V FaceRecognizeThread_YUV: in while,thread=Thread-17
04-22 16:40:33.263  1272  1396 V FaceRecognizeThread_YUV: thread end,thread=Thread-17
04-22 16:40:33.263  1272  1396 V FaceRecognizeThread_YUV: in while,thread=Thread-17
04-22 16:40:33.283  1272  1396 V FaceRecognizeThread_YUV: thread end,thread=Thread-17
04-22 16:40:33.283  1272  1396 V FaceRecognizeThread_YUV: in while,thread=Thread-17
04-22 16:40:33.304  1272  1396 V FaceRecognizeThread_YUV: thread end,thread=Thread-17
04-22 16:40:33.304  1272  1396 V FaceRecognizeThread_YUV: in while,thread=Thread-17
04-22 16:40:33.325  1272  1396 V FaceRecognizeThread_YUV: thread end,thread=Thread-17
04-22 16:40:33.325  1272  1396 V FaceRecognizeThread_YUV: in while,thread=Thread-17
04-22 16:40:33.345  1272  1396 V FaceRecognizeThread_YUV: thread end,thread=Thread-17
04-22 16:40:33.345  1272  1396 V FaceRecognizeThread_YUV: in while,thread=Thread-17
04-22 16:40:33.366  1272  1396 V FaceRecognizeThread_YUV: thread end,thread=Thread-17
04-22 16:40:33.366  1272  1396 V FaceRecognizeThread_YUV: in while,thread=Thread-17
04-22 16:40:33.387  1272  1396 V FaceRecognizeThread_YUV: thread end,thread=Thread-17
04-22 16:40:33.387  1272  1396 V FaceRecognizeThread_YUV: in while,thread=Thread-17
04-22 16:40:33.407  1272  1396 V FaceRecognizeThread_YUV: thread end,thread=Thread-17
04-22 16:40:33.407  1272  1396 V FaceRecognizeThread_YUV: in while,thread=Thread-17
04-22 16:40:33.428  1272  1396 V FaceRecognizeThread_YUV: thread end,thread=Thread-17
04-22 16:40:33.428  1272  1396 V FaceRecognizeThread_YUV: in while,thread=Thread-17
04-22 16:40:33.448  1272  1396 V FaceRecognizeThread_YUV: thread end,thread=Thread-17
04-22 16:40:33.449  1272  1396 V FaceRecognizeThread_YUV: in while,thread=Thread-17
04-22 16:40:33.469  1272  1396 V FaceRecognizeThread_YUV: thread end,thread=Thread-17
04-22 16:40:33.469  1272  1396 V FaceRecognizeThread_YUV: in while,thread=Thread-17
04-22 16:40:33.489  1272  1396 V FaceRecognizeThread_YUV: thread end,thread=Thread-17
04-22 16:40:33.490  1272  1396 V FaceRecognizeThread_YUV: in while,thread=Thread-17
04-22 16:40:33.511  1272  1396 V FaceRecognizeThread_YUV: thread end,thread=Thread-17
04-22 16:40:33.512  1272  1396 V FaceRecognizeThread_YUV: in while,thread=Thread-17
04-22 16:40:33.532  1272  1396 V FaceRecognizeThread_YUV: thread end,thread=Thread-17
04-22 16:40:33.532  1272  1396 V FaceRecognizeThread_YUV: in while,thread=Thread-17
04-22 16:40:33.552  1272  1396 V FaceRecognizeThread_YUV: thread end,thread=Thread-17
04-22 16:40:33.553  1272  1396 V FaceRecognizeThread_YUV: in while,thread=Thread-17
04-22 16:40:33.573  1272  1396 V FaceRecognizeThread_YUV: thread end,thread=Thread-17
04-22 16:40:33.573  1272  1396 V FaceRecognizeThread_YUV: in while,thread=Thread-17
04-22 16:40:33.593  1272  1396 V FaceRecognizeThread_YUV: thread end,thread=Thread-17
04-22 16:40:33.594  1272  1396 V FaceRecognizeThread_YUV: in while,thread=Thread-17
04-22 16:40:33.614  1272  1396 V FaceRecognizeThread_YUV: thread end,thread=Thread-17
04-22 16:40:33.614  1272  1396 V FaceRecognizeThread_YUV: in while,thread=Thread-17
04-22 16:40:33.635  1272  1396 V FaceRecognizeThread_YUV: thread end,thread=Thread-17
04-22 16:40:33.635  1272  1396 V FaceRecognizeThread_YUV: in while,thread=Thread-17
04-22 16:40:33.637  1272  1294 D CrashReport: waiting!
04-22 16:40:33.656  1272  1396 V FaceRecognizeThread_YUV: thread end,thread=Thread-17
04-22 16:40:33.656  1272  1396 V FaceRecognizeThread_YUV: in while,thread=Thread-17
04-22 16:40:33.677  1272  1396 V FaceRecognizeThread_YUV: thread end,thread=Thread-17
04-22 16:40:33.677  1272  1396 V FaceRecognizeThread_YUV: in while,thread=Thread-17
04-22 16:40:33.698  1272  1396 V FaceRecognizeThread_YUV: thread end,thread=Thread-17
04-22 16:40:33.698  1272  1396 V FaceRecognizeThread_YUV: in while,thread=Thread-17
04-22 16:40:33.718  1272  1396 V FaceRecognizeThread_YUV: thread end,thread=Thread-17
04-22 16:40:33.718  1272  1396 V FaceRecognizeThread_YUV: in while,thread=Thread-17
04-22 16:40:33.740  1272  1396 V FaceRecognizeThread_YUV: thread end,thread=Thread-17
04-22 16:40:33.741  1272  1396 V FaceRecognizeThread_YUV: in while,thread=Thread-17
04-22 16:40:33.761  1272  1396 V FaceRecognizeThread_YUV: thread end,thread=Thread-17
04-22 16:40:33.761  1272  1396 V FaceRecognizeThread_YUV: in while,thread=Thread-17
04-22 16:40:33.782  1272  1396 V FaceRecognizeThread_YUV: thread end,thread=Thread-17
04-22 16:40:33.782  1272  1396 V FaceRecognizeThread_YUV: in while,thread=Thread-17
04-22 16:40:33.802  1272  1396 V FaceRecognizeThread_YUV: thread end,thread=Thread-17
04-22 16:40:33.802  1272  1396 V FaceRecognizeThread_YUV: in while,thread=Thread-17
04-22 16:40:33.823  1272  1396 V FaceRecognizeThread_YUV: thread end,thread=Thread-17
04-22 16:40:33.823  1272  1396 V FaceRecognizeThread_YUV: in while,thread=Thread-17
04-22 16:40:33.843  1272  1396 V FaceRecognizeThread_YUV: thread end,thread=Thread-17
04-22 16:40:33.843  1272  1396 V FaceRecognizeThread_YUV: in while,thread=Thread-17
04-22 16:40:33.864  1272  1396 V FaceRecognizeThread_YUV: thread end,thread=Thread-17
04-22 16:40:33.864  1272  1396 V FaceRecognizeThread_YUV: in while,thread=Thread-17
04-22 16:40:33.885  1272  1396 V FaceRecognizeThread_YUV: thread end,thread=Thread-17
04-22 16:40:33.885  1272  1396 V FaceRecognizeThread_YUV: in while,thread=Thread-17
04-22 16:40:33.905  1272  1396 V FaceRecognizeThread_YUV: thread end,thread=Thread-17
04-22 16:40:33.905  1272  1396 V FaceRecognizeThread_YUV: in while,thread=Thread-17
04-22 16:40:33.926  1272  1396 V FaceRecognizeThread_YUV: thread end,thread=Thread-17
04-22 16:40:33.926  1272  1396 V FaceRecognizeThread_YUV: in while,thread=Thread-17
04-22 16:40:33.947  1272  1396 V FaceRecognizeThread_YUV: thread end,thread=Thread-17
04-22 16:40:33.947  1272  1396 V FaceRecognizeThread_YUV: in while,thread=Thread-17
04-22 16:40:33.969  1272  1396 V FaceRecognizeThread_YUV: thread end,thread=Thread-17
04-22 16:40:33.969  1272  1396 V FaceRecognizeThread_YUV: in while,thread=Thread-17
04-22 16:40:33.990  1272  1396 V FaceRecognizeThread_YUV: thread end,thread=Thread-17
04-22 16:40:33.990  1272  1396 V FaceRecognizeThread_YUV: in while,thread=Thread-17
04-22 16:40:34.011  1272  1396 V FaceRecognizeThread_YUV: thread end,thread=Thread-17
04-22 16:40:34.011  1272  1396 V FaceRecognizeThread_YUV: in while,thread=Thread-17
04-22 16:40:34.031  1272  1396 V FaceRecognizeThread_YUV: thread end,thread=Thread-17
04-22 16:40:34.031  1272  1396 V FaceRecognizeThread_YUV: in while,thread=Thread-17
04-22 16:40:34.052  1272  1396 V FaceRecognizeThread_YUV: thread end,thread=Thread-17
04-22 16:40:34.052  1272  1396 V FaceRecognizeThread_YUV: in while,thread=Thread-17
04-22 16:40:34.073  1272  1396 V FaceRecognizeThread_YUV: thread end,thread=Thread-17
04-22 16:40:34.073  1272  1396 V FaceRecognizeThread_YUV: in while,thread=Thread-17
04-22 16:40:34.094  1272  1396 V FaceRecognizeThread_YUV: thread end,thread=Thread-17
04-22 16:40:34.094  1272  1396 V FaceRecognizeThread_YUV: in while,thread=Thread-17
04-22 16:40:34.114  1272  1396 V FaceRecognizeThread_YUV: thread end,thread=Thread-17
04-22 16:40:34.114  1272  1396 V FaceRecognizeThread_YUV: in while,thread=Thread-17
04-22 16:40:34.135  1272  1396 V FaceRecognizeThread_YUV: thread end,thread=Thread-17
04-22 16:40:34.135  1272  1396 V FaceRecognizeThread_YUV: in while,thread=Thread-17
04-22 16:40:34.138  1272  1294 D CrashReport: end!
04-22 16:40:34.138  1272  1294 D CrashReport: anr handler onThreadBlock proc state is unvisiable!
04-22 16:40:34.138  1272  1294 W CrashReport: although thread is blocked ,may not be anr error,so restore handler check wait time and restart check main thread
04-22 16:40:34.139  1272  1294 W CrashReport: scheduleCheckBlock fail as main thread is blocked.
04-22 16:40:34.155  1272  1396 V FaceRecognizeThread_YUV: thread end,thread=Thread-17
04-22 16:40:34.156  1272  1396 V FaceRecognizeThread_YUV: in while,thread=Thread-17
04-22 16:40:34.176  1272  1396 V FaceRecognizeThread_YUV: thread end,thread=Thread-17
04-22 16:40:34.176  1272  1396 V FaceRecognizeThread_YUV: in while,thread=Thread-17
04-22 16:40:34.198  1272  1396 V FaceRecognizeThread_YUV: thread end,thread=Thread-17
04-22 16:40:34.198  1272  1396 V FaceRecognizeThread_YUV: in while,thread=Thread-17
04-22 16:40:34.219  1272  1396 V FaceRecognizeThread_YUV: thread end,thread=Thread-17
04-22 16:40:34.219  1272  1396 V FaceRecognizeThread_YUV: in while,thread=Thread-17
04-22 16:40:34.239  1272  1396 V FaceRecognizeThread_YUV: thread end,thread=Thread-17
04-22 16:40:34.239  1272  1396 V FaceRecognizeThread_YUV: in while,thread=Thread-17
04-22 16:40:34.260  1272  1396 V FaceRecognizeThread_YUV: thread end,thread=Thread-17
04-22 16:40:34.260  1272  1396 V FaceRecognizeThread_YUV: in while,thread=Thread-17
04-22 16:40:34.280  1272  1396 V FaceRecognizeThread_YUV: thread end,thread=Thread-17
04-22 16:40:34.280  1272  1396 V FaceRecognizeThread_YUV: in while,thread=Thread-17
04-22 16:40:34.301  1272  1396 V FaceRecognizeThread_YUV: thread end,thread=Thread-17
04-22 16:40:34.301  1272  1396 V FaceRecognizeThread_YUV: in while,thread=Thread-17
04-22 16:40:34.322  1272  1396 V FaceRecognizeThread_YUV: thread end,thread=Thread-17
04-22 16:40:34.322  1272  1396 V FaceRecognizeThread_YUV: in while,thread=Thread-17
04-22 16:40:34.342  1272  1396 V FaceRecognizeThread_YUV: thread end,thread=Thread-17
04-22 16:40:34.343  1272  1396 V FaceRecognizeThread_YUV: in while,thread=Thread-17
04-22 16:40:34.363  1272  1396 V FaceRecognizeThread_YUV: thread end,thread=Thread-17
04-22 16:40:34.363  1272  1396 V FaceRecognizeThread_YUV: in while,thread=Thread-17
04-22 16:40:34.384  1272  1396 V FaceRecognizeThread_YUV: thread end,thread=Thread-17
04-22 16:40:34.385  1272  1396 V FaceRecognizeThread_YUV: in while,thread=Thread-17
04-22 16:40:34.405  1272  1396 V FaceRecognizeThread_YUV: thread end,thread=Thread-17
04-22 16:40:34.405  1272  1396 V FaceRecognizeThread_YUV: in while,thread=Thread-17
04-22 16:40:34.427  1272  1396 V FaceRecognizeThread_YUV: thread end,thread=Thread-17
04-22 16:40:34.427  1272  1396 V FaceRecognizeThread_YUV: in while,thread=Thread-17
04-22 16:40:34.448  1272  1396 V FaceRecognizeThread_YUV: thread end,thread=Thread-17
04-22 16:40:34.448  1272  1396 V FaceRecognizeThread_YUV: in while,thread=Thread-17
04-22 16:40:34.468  1272  1396 V FaceRecognizeThread_YUV: thread end,thread=Thread-17
04-22 16:40:34.469  1272  1396 V FaceRecognizeThread_YUV: in while,thread=Thread-17
04-22 16:40:34.489  1272  1396 V FaceRecognizeThread_YUV: thread end,thread=Thread-17
04-22 16:40:34.489  1272  1396 V FaceRecognizeThread_YUV: in while,thread=Thread-17
04-22 16:40:34.510  1272  1396 V FaceRecognizeThread_YUV: thread end,thread=Thread-17
04-22 16:40:34.510  1272  1396 V FaceRecognizeThread_YUV: in while,thread=Thread-17
04-22 16:40:34.530  1272  1396 V FaceRecognizeThread_YUV: thread end,thread=Thread-17
04-22 16:40:34.530  1272  1396 V FaceRecognizeThread_YUV: in while,thread=Thread-17
04-22 16:40:34.551  1272  1396 V FaceRecognizeThread_YUV: thread end,thread=Thread-17
04-22 16:40:34.551  1272  1396 V FaceRecognizeThread_YUV: in while,thread=Thread-17
04-22 16:40:34.572  1272  1396 V FaceRecognizeThread_YUV: thread end,thread=Thread-17
04-22 16:40:34.572  1272  1396 V FaceRecognizeThread_YUV: in while,thread=Thread-17
04-22 16:40:34.592  1272  1396 V FaceRecognizeThread_YUV: thread end,thread=Thread-17
04-22 16:40:34.592  1272  1396 V FaceRecognizeThread_YUV: in while,thread=Thread-17
04-22 16:40:34.613  1272  1396 V FaceRecognizeThread_YUV: thread end,thread=Thread-17
04-22 16:40:34.613  1272  1396 V FaceRecognizeThread_YUV: in while,thread=Thread-17
04-22 16:40:34.633  1272  1396 V FaceRecognizeThread_YUV: thread end,thread=Thread-17
04-22 16:40:34.634  1272  1396 V FaceRecognizeThread_YUV: in while,thread=Thread-17
04-22 16:40:34.654  1272  1396 V FaceRecognizeThread_YUV: thread end,thread=Thread-17
04-22 16:40:34.654  1272  1396 V FaceRecognizeThread_YUV: in while,thread=Thread-17
04-22 16:40:34.674  1272  1396 V FaceRecognizeThread_YUV: thread end,thread=Thread-17
04-22 16:40:34.674  1272  1396 V FaceRecognizeThread_YUV: in while,thread=Thread-17
04-22 16:40:34.695  1272  1396 V FaceRecognizeThread_YUV: thread end,thread=Thread-17
04-22 16:40:34.695  1272  1396 V FaceRecognizeThread_YUV: in while,thread=Thread-17
04-22 16:40:34.716  1272  1396 V FaceRecognizeThread_YUV: thread end,thread=Thread-17
04-22 16:40:34.716  1272  1396 V FaceRecognizeThread_YUV: in while,thread=Thread-17
04-22 16:40:34.736  1272  1396 V FaceRecognizeThread_YUV: thread end,thread=Thread-17
04-22 16:40:34.738  1272  1396 V FaceRecognizeThread_YUV: in while,thread=Thread-17
04-22 16:40:34.758  1272  1396 V FaceRecognizeThread_YUV: thread end,thread=Thread-17
04-22 16:40:34.758  1272  1396 V FaceRecognizeThread_YUV: in while,thread=Thread-17
04-22 16:40:34.779  1272  1396 V FaceRecognizeThread_YUV: thread end,thread=Thread-17
04-22 16:40:34.779  1272  1396 V FaceRecognizeThread_YUV: in while,thread=Thread-17
04-22 16:40:34.800  1272  1396 V FaceRecognizeThread_YUV: thread end,thread=Thread-17
04-22 16:40:34.800  1272  1396 V FaceRecognizeThread_YUV: in while,thread=Thread-17
04-22 16:40:34.820  1272  1396 V FaceRecognizeThread_YUV: thread end,thread=Thread-17
04-22 16:40:34.820  1272  1396 V FaceRecognizeThread_YUV: in while,thread=Thread-17
04-22 16:40:34.841  1272  1396 V FaceRecognizeThread_YUV: thread end,thread=Thread-17
04-22 16:40:34.841  1272  1396 V FaceRecognizeThread_YUV: in while,thread=Thread-17
04-22 16:40:34.862  1272  1396 V FaceRecognizeThread_YUV: thread end,thread=Thread-17
04-22 16:40:34.862  1272  1396 V FaceRecognizeThread_YUV: in while,thread=Thread-17
04-22 16:40:34.882  1272  1396 V FaceRecognizeThread_YUV: thread end,thread=Thread-17
04-22 16:40:34.882  1272  1396 V FaceRecognizeThread_YUV: in while,thread=Thread-17
04-22 16:40:34.903  1272  1396 V FaceRecognizeThread_YUV: thread end,thread=Thread-17
04-22 16:40:34.903  1272  1396 V FaceRecognizeThread_YUV: in while,thread=Thread-17
04-22 16:40:34.923  1272  1396 V FaceRecognizeThread_YUV: thread end,thread=Thread-17
04-22 16:40:34.923  1272  1396 V FaceRecognizeThread_YUV: in while,thread=Thread-17
04-22 16:40:34.944  1272  1396 V FaceRecognizeThread_YUV: thread end,thread=Thread-17
04-22 16:40:34.944  1272  1396 V FaceRecognizeThread_YUV: in while,thread=Thread-17
04-22 16:40:34.965  1272  1396 V FaceRecognizeThread_YUV: thread end,thread=Thread-17
04-22 16:40:34.966  1272  1396 V FaceRecognizeThread_YUV: in while,thread=Thread-17
04-22 16:40:34.987  1272  1396 V FaceRecognizeThread_YUV: thread end,thread=Thread-17
04-22 16:40:34.987  1272  1396 V FaceRecognizeThread_YUV: in while,thread=Thread-17
04-22 16:40:35.008  1272  1396 V FaceRecognizeThread_YUV: thread end,thread=Thread-17
04-22 16:40:35.009  1272  1396 V FaceRecognizeThread_YUV: in while,thread=Thread-17
04-22 16:40:35.029  1272  1396 V FaceRecognizeThread_YUV: thread end,thread=Thread-17
04-22 16:40:35.029  1272  1396 V FaceRecognizeThread_YUV: in while,thread=Thread-17
04-22 16:40:35.050  1272  1396 V FaceRecognizeThread_YUV: thread end,thread=Thread-17
04-22 16:40:35.050  1272  1396 V FaceRecognizeThread_YUV: in while,thread=Thread-17
04-22 16:40:35.070  1272  1396 V FaceRecognizeThread_YUV: thread end,thread=Thread-17
04-22 16:40:35.071  1272  1396 V FaceRecognizeThread_YUV: in while,thread=Thread-17
04-22 16:40:35.091  1272  1396 V FaceRecognizeThread_YUV: thread end,thread=Thread-17
04-22 16:40:35.091  1272  1396 V FaceRecognizeThread_YUV: in while,thread=Thread-17
04-22 16:40:35.112  1272  1396 V FaceRecognizeThread_YUV: thread end,thread=Thread-17
04-22 16:40:35.114  1272  1396 V FaceRecognizeThread_YUV: in while,thread=Thread-17
04-22 16:40:35.125   386   527 D audio_hw_primary: out_standby: enter: usecase(0: low-latency-playback), adev=0xf0a8c000, out=0xf0fd0000
04-22 16:40:35.126   386   527 D audio_hw_primary: stop_output_stream: enter: usecase(0: low-latency-playback), adev=0xf0a8c000, out=0xf0fd0000
04-22 16:40:35.126   386   527 D audio_hw_primary: disable_snd_device: count=1, snd_device(2,speaker), usecase =0, offload_disable=1
04-22 16:40:35.126   386   527 D audio_hw_primary: disable_snd_device: reset snd_device(2: speaker)
04-22 16:40:35.129   386   527 V audio_hw_primary: platform_add_backend_name: path=low-latency-playback, adev->mode=0, usecase->id=0
04-22 16:40:35.134  1272  1396 V FaceRecognizeThread_YUV: thread end,thread=Thread-17
04-22 16:40:35.134  1272  1396 V FaceRecognizeThread_YUV: in while,thread=Thread-17
04-22 16:40:35.136   386   527 V audio_hw_primary: disable_audio_route: type=1, usecase=(0,low-latency-playback), snd_device=speaker, mixer_path=low-latency-playback
04-22 16:40:35.136   386   527 D audio_hw_primary: stop_output_stream: exit: status(0)
04-22 16:40:35.137   383   433 D adspd   : [ADSP][   105.592743][audsrv  ] stream eos(id 0x0, type 0x1)
04-22 16:40:35.137   383   433 D adspd   : [ADSP][   105.592773][audsrv  ] stream eos(id 0x0, type 0x1)
04-22 16:40:35.143   383   433 I adspd   : [ADSP][   105.599426][audipc  ] audio_ipc pause stream type                      0x00010000 services/audio/audio_ipc.c:265
04-22 16:40:35.143   383   433 D adspd   : [ADSP][   105.599426][audsrv  ] stream stop(id 0x0, type 0x1)
04-22 16:40:35.143   383   433 D adspd   : [ADSP][   105.599457][audsrv  ] audio out close(id 0x0)
04-22 16:40:35.143   383   433 D adspd   : [ADSP][   105.599487][audsrv  ] stream exit(id 0x0, type0x1)
04-22 16:40:35.143   383   433 D adspd   : [ADSP][   105.599518][audsrv  ] stream free done(id 0x0, type 0x1)
04-22 16:40:35.143   383   433 D adspd   : [ADSP][   105.599548][audsrv  ] release_adsp_wakelock: wake=0, level=2
04-22 16:40:35.143   386   527 D audio_fifo: report_usecase_status: 210 low_latency_enable=0
04-22 16:40:35.144   386   527 D audio_hw_primary: out_standby: usecase (low-latency-playback) exit
04-22 16:40:35.155  1272  1396 V FaceRecognizeThread_YUV: thread end,thread=Thread-17
04-22 16:40:35.155  1272  1396 V FaceRecognizeThread_YUV: in while,thread=Thread-17
04-22 16:40:35.176  1272  1396 V FaceRecognizeThread_YUV: thread end,thread=Thread-17
04-22 16:40:35.176  1272  1396 V FaceRecognizeThread_YUV: in while,thread=Thread-17
04-22 16:40:35.197  1272  1396 V FaceRecognizeThread_YUV: thread end,thread=Thread-17
04-22 16:40:35.197  1272  1396 V FaceRecognizeThread_YUV: in while,thread=Thread-17
04-22 16:40:35.218  1272  1396 V FaceRecognizeThread_YUV: thread end,thread=Thread-17
04-22 16:40:35.218  1272  1396 V FaceRecognizeThread_YUV: in while,thread=Thread-17
04-22 16:40:35.241  1272  1396 V FaceRecognizeThread_YUV: thread end,thread=Thread-17
04-22 16:40:35.241  1272  1396 V FaceRecognizeThread_YUV: in while,thread=Thread-17
04-22 16:40:35.261  1272  1396 V FaceRecognizeThread_YUV: thread end,thread=Thread-17
04-22 16:40:35.262  1272  1396 V FaceRecognizeThread_YUV: in while,thread=Thread-17
04-22 16:40:35.282  1272  1396 V FaceRecognizeThread_YUV: thread end,thread=Thread-17
04-22 16:40:35.282  1272  1396 V FaceRecognizeThread_YUV: in while,thread=Thread-17
04-22 16:40:35.295   386  1053 D audio_hw_primary: start_output_stream: enter: usecase(0: low-latency-playback) devices(0x2), adev=0xf0a8c000, out=0xf0fd0000
04-22 16:40:35.295   386  1053 D audio_hw_primary: start_output_stream: opening PCM device card_id(0) device_id(0) format(0)
04-22 16:40:35.295   386  1053 I pcm-c   : pcm_open: channels 0x2 rate 0xbb80 period_size 0xf0 period_count 0x4
04-22 16:40:35.295   386  1053 I pcm-c   : pcm_open: start_threshold 0x3c stop_threshold 0x7fffffff silence_threshold 0x0 silence_size 0x0
04-22 16:40:35.296   386  1053 D audio_fifo: report_usecase_status: 207 low_latency_enable=1
04-22 16:40:35.296   386  1053 V audio_hw_primary: select_devices: enter: uc_id=0
04-22 16:40:35.296   386  1053 V audio_hw_primary: usecase->type=1, usecase->stream.out->devices 2 out=0xf0fd0000
04-22 16:40:35.296   386  1053 D audio_hw_primary: get_output_snd_device: enter: output devices(0x2), mode(0)
04-22 16:40:35.296   386  1053 D audio_hw_primary: get_output_snd_device: exit: snd_device(speaker),devices=2,
04-22 16:40:35.296   386  1053 D audio_hw_primary: select_devices: out_snd_device(2: speaker) in_snd_device(0: SND DEVICE NOT FOUND)
04-22 16:40:35.296   386  1053 D audio_hw_primary: select_devices: usecase->:out_snd_device(0: SND DEVICE NOT FOUND) in_snd_device(0: SND DEVICE NOT FOUND)
04-22 16:40:35.296   386  1053 V audio_hw_primary: platform_add_backend_name: path=low-latency-playback, adev->mode=0, usecase->id=0
04-22 16:40:35.296   386  1053 D audio_route: Apply path: low-latency-playback
04-22 16:40:35.303  1272  1396 V FaceRecognizeThread_YUV: thread end,thread=Thread-17
04-22 16:40:35.303  1272  1396 V FaceRecognizeThread_YUV: in while,thread=Thread-17
04-22 16:40:35.314   386  1053 V audio_hw_primary: enable_audio_route: type=1, usecase=(0,low-latency-playback), snd_device=speaker, mixer_path=low-latency-playback
04-22 16:40:35.314   386  1053 D audio_hw_primary: enable_snd_device: count=0, snd_device(2,speaker), usecase =0, offload_disable=1
04-22 16:40:35.314   386  1053 D audio_route: Apply path: speaker
04-22 16:40:35.314   383   433 D adspd   : [ADSP][   105.770416][audipc  ] snd_stream_set_route, stream_id:0, stream_dir: 1
04-22 16:40:35.315   739   739 D StatusBar: hiding the MENU button
04-22 16:40:35.316   386  1053 D audio_fifo: get_out_device_id: dev 17
04-22 16:40:35.316   386  1053 D audio_fifo: report_out_device_status: device 0x2 snd_device 0x2 dev 0x11
04-22 16:40:35.316   386  1053 D audio_fifo: report_out_device_status: 129 out_device_off=17
04-22 16:40:35.316   739   904 D mali_winsys: EGLint new_window_surface(egl_winsys_display *, void *, EGLSurface, EGLConfig, egl_winsys_surface **, EGLBoolean) returns 0x3000
04-22 16:40:35.322   386  1053 D audio_fifo: report_out_device_status: 139 out_device_on=17
04-22 16:40:35.322   386  1053 V audio_hw_primary: select_devices: exit: status(0)
04-22 16:40:35.322   386  1053 D audio_hw_primary: start_output_stream: exit
04-22 16:40:35.322   386  1053 D audio_hw_primary: out_write, lowlatency is using  devices:2
04-22 16:40:35.323   383   433 D adspd   : [ADSP][   105.778931][audipc  ] request_adsp_wakelock: wake=1
04-22 16:40:35.323   383   433 I adspd   : [ADSP][   105.778931][audipc  ] audio_ipc alloc stream type                      0x00010000 services/audio/audio_ipc.c:149
04-22 16:40:35.323   383   433 D adspd   : [ADSP][   105.778931][audsrv  ] stream init(id 0x0, type 0x1)
04-22 16:40:35.323  1272  1396 V FaceRecognizeThread_YUV: thread end,thread=Thread-17
04-22 16:40:35.323   383   433 D adspd   : [ADSP][   105.778961][audsrv  ] rqr_frm_cnt:240
04-22 16:40:35.323  1272  1396 V FaceRecognizeThread_YUV: in while,thread=Thread-17
04-22 16:40:35.326   739   739 E BufferItemConsumer: [unnamed-739-9] Failed to release buffer: Unknown error -1 (1)
04-22 16:40:35.326   386   527 D audio_hw_primary: out_set_parameters: enter: usecase(0: low-latency-playback) kvpairs: stream_pause=0-out->devices(2)-adev->mode(0)-in_call(0)-standby(0)
04-22 16:40:35.326   386   527 D audio_hw_primary: out_set_parameters: exit: code(0)
04-22 16:40:35.327   739   739 V StatusBar: onReceive: Intent { act=android.intent.action.CLOSE_SYSTEM_DIALOGS flg=0x50000010 (has extras) }
04-22 16:40:35.327   739   739 D StatusBar: animateCollapse(): mExpandedVisible=false flags=0
04-22 16:40:35.327   383   433 I adspd   : [ADSP][   105.783081][audipc  ] audio_ipc resume stream type                     0x00010000 services/audio/audio_ipc.c:200
04-22 16:40:35.327   383   433 D adspd   : [ADSP][   105.783081][audsrv  ] stream start(id 0x0, type 0x1)
04-22 16:40:35.328   383   433 D adspd   : [ADSP][   105.783081][audsrv  ] audio out open(id 0x0)
04-22 16:40:35.328   383   433 D adspd   : [ADSP][   105.783112][audsrv  ] samplerate=48000, idx=0
04-22 16:40:35.328   383   433 D adspd   : [ADSP][   105.783112][audsrv  ] dev->idx:0, dev->dir:0, bits:5
04-22 16:40:35.328   383   433 D adspd   : [ADSP][   105.783142][audsrv  ] ramp vol start, tid=0,dframes=780,(ch=0, pre=0, now=10000000),volinc=139810,framecnt=f0
04-22 16:40:35.328   383   433 D adspd   : [ADSP][   105.783173][audsrv  ] ramp vol start, tid=0,dframes=780,(ch=1, pre=0, now=10000000),volinc=139810,framecnt=f0
04-22 16:40:35.343  1272  1396 V FaceRecognizeThread_YUV: thread end,thread=Thread-17
04-22 16:40:35.343  1272  1396 V FaceRecognizeThread_YUV: in while,thread=Thread-17
04-22 16:40:35.347   383   433 D adspd   : [ADSP][   105.803314][audsrv  ] ramp vol end, trackid=0, ch=0
04-22 16:40:35.347   383   433 D adspd   : [ADSP][   105.803345][audsrv  ] ramp vol end, trackid=0, ch=1
04-22 16:40:35.364  1272  1396 V FaceRecognizeThread_YUV: thread end,thread=Thread-17
04-22 16:40:35.364  1272  1396 V FaceRecognizeThread_YUV: in while,thread=Thread-17
04-22 16:40:35.385  1272  1396 V FaceRecognizeThread_YUV: thread end,thread=Thread-17
04-22 16:40:35.385  1272  1396 V FaceRecognizeThread_YUV: in while,thread=Thread-17
04-22 16:40:35.405  1272  1396 V FaceRecognizeThread_YUV: thread end,thread=Thread-17
04-22 16:40:35.405  1272  1396 V FaceRecognizeThread_YUV: in while,thread=Thread-17
04-22 16:40:35.425  1272  1396 V FaceRecognizeThread_YUV: thread end,thread=Thread-17
04-22 16:40:35.426  1272  1396 V FaceRecognizeThread_YUV: in while,thread=Thread-17
04-22 16:40:35.447  1272  1396 V FaceRecognizeThread_YUV: thread end,thread=Thread-17
04-22 16:40:35.447  1272  1396 V FaceRecognizeThread_YUV: in while,thread=Thread-17
04-22 16:40:35.467  1272  1396 V FaceRecognizeThread_YUV: thread end,thread=Thread-17
04-22 16:40:35.467  1272  1396 V FaceRecognizeThread_YUV: in while,thread=Thread-17
04-22 16:40:35.487  1272  1396 V FaceRecognizeThread_YUV: thread end,thread=Thread-17
04-22 16:40:35.488  1272  1396 V FaceRecognizeThread_YUV: in while,thread=Thread-17
04-22 16:40:35.491   386   527 D audio_hw_primary: out_set_parameters: enter: usecase(0: low-latency-playback) kvpairs: stream_pause=1-out->devices(2)-adev->mode(0)-in_call(0)-standby(0)
04-22 16:40:35.491   386   527 D audio_hw_primary: out_set_parameters: exit: code(0)
04-22 16:40:35.509  1272  1396 V FaceRecognizeThread_YUV: thread end,thread=Thread-17
04-22 16:40:35.509  1272  1396 V FaceRecognizeThread_YUV: in while,thread=Thread-17
04-22 16:40:35.524   739   739 D StatusBar: hiding the MENU button
04-22 16:40:35.528   739   904 D mali_winsys: EGLint new_window_surface(egl_winsys_display *, void *, EGLSurface, EGLConfig, egl_winsys_surface **, EGLBoolean) returns 0x3000
04-22 16:40:35.530  1272  1396 V FaceRecognizeThread_YUV: thread end,thread=Thread-17
04-22 16:40:35.530  1272  1396 V FaceRecognizeThread_YUV: in while,thread=Thread-17
04-22 16:40:35.534   386   527 D audio_hw_primary: out_set_parameters: enter: usecase(0: low-latency-playback) kvpairs: stream_pause=0-out->devices(2)-adev->mode(0)-in_call(0)-standby(0)
04-22 16:40:35.534   386   527 D audio_hw_primary: out_set_parameters: exit: code(0)
04-22 16:40:35.538   739   739 E BufferItemConsumer: [unnamed-739-10] Failed to release buffer: Unknown error -1 (1)
04-22 16:40:35.538   739   739 V StatusBar: onReceive: Intent { act=android.intent.action.CLOSE_SYSTEM_DIALOGS flg=0x50000010 (has extras) }
04-22 16:40:35.538   739   739 D StatusBar: animateCollapse(): mExpandedVisible=false flags=0
04-22 16:40:35.550  1272  1396 V FaceRecognizeThread_YUV: thread end,thread=Thread-17
04-22 16:40:35.550  1272  1396 V FaceRecognizeThread_YUV: in while,thread=Thread-17
04-22 16:40:35.570  1272  1396 V FaceRecognizeThread_YUV: thread end,thread=Thread-17
04-22 16:40:35.570  1272  1396 V FaceRecognizeThread_YUV: in while,thread=Thread-17
04-22 16:40:35.591  1272  1396 V FaceRecognizeThread_YUV: thread end,thread=Thread-17
04-22 16:40:35.591  1272  1396 V FaceRecognizeThread_YUV: in while,thread=Thread-17
04-22 16:40:35.611  1272  1396 V FaceRecognizeThread_YUV: thread end,thread=Thread-17
04-22 16:40:35.611  1272  1396 V FaceRecognizeThread_YUV: in while,thread=Thread-17
04-22 16:40:35.632  1272  1396 V FaceRecognizeThread_YUV: thread end,thread=Thread-17
04-22 16:40:35.632  1272  1396 V FaceRecognizeThread_YUV: in while,thread=Thread-17
04-22 16:40:35.652  1272  1396 V FaceRecognizeThread_YUV: thread end,thread=Thread-17
04-22 16:40:35.652  1272  1396 V FaceRecognizeThread_YUV: in while,thread=Thread-17
04-22 16:40:35.671   386   527 D audio_hw_primary: out_set_parameters: enter: usecase(0: low-latency-playback) kvpairs: stream_pause=1-out->devices(2)-adev->mode(0)-in_call(0)-standby(0)
04-22 16:40:35.671   386   527 D audio_hw_primary: out_set_parameters: exit: code(0)
04-22 16:40:35.672  1272  1396 V FaceRecognizeThread_YUV: thread end,thread=Thread-17
04-22 16:40:35.672  1272  1396 V FaceRecognizeThread_YUV: in while,thread=Thread-17
04-22 16:40:35.693  1272  1396 V FaceRecognizeThread_YUV: thread end,thread=Thread-17
04-22 16:40:35.693  1272  1396 V FaceRecognizeThread_YUV: in while,thread=Thread-17
04-22 16:40:35.713  1272  1396 V FaceRecognizeThread_YUV: thread end,thread=Thread-17
04-22 16:40:35.713  1272  1396 V FaceRecognizeThread_YUV: in while,thread=Thread-17
04-22 16:40:35.734  1272  1396 V FaceRecognizeThread_YUV: thread end,thread=Thread-17
04-22 16:40:35.734  1272  1396 V FaceRecognizeThread_YUV: in while,thread=Thread-17
04-22 16:40:35.753   739   739 D StatusBar: hiding the MENU button
04-22 16:40:35.754   386   527 D audio_hw_primary: out_set_parameters: enter: usecase(0: low-latency-playback) kvpairs: stream_pause=0-out->devices(2)-adev->mode(0)-in_call(0)-standby(0)
04-22 16:40:35.754   386   527 D audio_hw_primary: out_set_parameters: exit: code(0)
04-22 16:40:35.754  1272  1396 V FaceRecognizeThread_YUV: thread end,thread=Thread-17
04-22 16:40:35.754  1272  1396 V FaceRecognizeThread_YUV: in while,thread=Thread-17
04-22 16:40:35.756   739   904 D mali_winsys: EGLint new_window_surface(egl_winsys_display *, void *, EGLSurface, EGLConfig, egl_winsys_surface **, EGLBoolean) returns 0x3000
04-22 16:40:35.774   739   739 E BufferItemConsumer: [unnamed-739-11] Failed to release buffer: Unknown error -1 (1)
04-22 16:40:35.775  1272  1396 V FaceRecognizeThread_YUV: thread end,thread=Thread-17
04-22 16:40:35.775  1272  1396 V FaceRecognizeThread_YUV: in while,thread=Thread-17
04-22 16:40:35.775   739   739 V StatusBar: onReceive: Intent { act=android.intent.action.CLOSE_SYSTEM_DIALOGS flg=0x50000010 (has extras) }
04-22 16:40:35.775   739   739 D StatusBar: animateCollapse(): mExpandedVisible=false flags=0
04-22 16:40:35.795  1272  1396 V FaceRecognizeThread_YUV: thread end,thread=Thread-17
04-22 16:40:35.795  1272  1396 V FaceRecognizeThread_YUV: in while,thread=Thread-17
04-22 16:40:35.815  1272  1396 V FaceRecognizeThread_YUV: thread end,thread=Thread-17
04-22 16:40:35.815  1272  1396 V FaceRecognizeThread_YUV: in while,thread=Thread-17
04-22 16:40:35.836  1272  1396 V FaceRecognizeThread_YUV: thread end,thread=Thread-17
04-22 16:40:35.836  1272  1396 V FaceRecognizeThread_YUV: in while,thread=Thread-17
04-22 16:40:35.856  1272  1396 V FaceRecognizeThread_YUV: thread end,thread=Thread-17
04-22 16:40:35.856  1272  1396 V FaceRecognizeThread_YUV: in while,thread=Thread-17
04-22 16:40:35.877  1272  1396 V FaceRecognizeThread_YUV: thread end,thread=Thread-17
04-22 16:40:35.877  1272  1396 V FaceRecognizeThread_YUV: in while,thread=Thread-17
