--------- beginning of system
01-01 08:00:29.274   854   854 I TelecomFramework: TelecomAccountRegistry: Unregistering phone account ComponentInfo{com.android.phone/com.android.services.telephony.TelephonyConnectionService}, 89860619140006530925, UserHandle{0}.
01-01 08:00:29.284   854   854 I TelecomFramework: PstnPhoneCapabilitiesNotifier: handleVideoCapabilitesChanged. Video capability - false
01-01 08:00:29.288   599   658 I chatty  : uid=1000(system) Binder:599_3 expire 6 lines
01-01 08:00:29.291   599   658 D Telecom : Logging: END_SESSION (dur: 3 ms): TSI.rPA@AAg
01-01 08:00:29.353   599   616 I ActivityManager: user 0 is still locked. Cannot load recents
01-01 08:00:29.606   599   628 I WindowManager: ******* TELLING SURFACE FLINGER WE ARE BOOTED!
01-01 08:00:29.613   599   628 I SystemServiceManager: Starting phase 1000
01-01 08:00:29.626   599   620 I ActivityManager: Start proc 1105:com.asr.offlinelog/1000 for broadcast com.asr.offlinelog/.BootCompletedReceiver
01-01 08:00:29.629   599   628 D ActivityManager: Finishing user boot 0
01-01 08:00:29.629   599   628 I ActivityManager: User 0 state changed from BOOTING to RUNNING_LOCKED
01-01 08:00:29.631   599   628 D CryptdConnector: SND -> {2 cryptfs unlock_user_key 0 0 [scrubbed] [scrubbed]}
01-01 08:00:29.631   261   272 D vold    : e4crypt_unlock_user_key 0 serial=0 token_present=0
01-01 08:00:29.658   261   272 D vold    : Skipping non-key .
01-01 08:00:29.658   261   272 D vold    : Skipping non-key ..
01-01 08:00:29.658   261   272 D vold    : Trying user CE key /data/misc/vold/user_keys/ce/0/current
01-01 08:00:29.664   261   272 D vold    : Successfully retrieved key
01-01 08:00:29.664   261   272 D vold    : Added key 259061994 (ext4:3ecc870628ae75a9) to keyring 125413042 in process 261
01-01 08:00:29.664   261   272 D vold    : Added key 789261909 (f2fs:3ecc870628ae75a9) to keyring 125413042 in process 261
01-01 08:00:29.664   261   272 D vold    : Added key 118485951 (fscrypt:3ecc870628ae75a9) to keyring 125413042 in process 261
01-01 08:00:29.664   261   272 D vold    : Installed ce key for user 0
01-01 08:00:29.664   599   694 D CryptdConnector: RCV <- {200 2 Command succeeded}
01-01 08:00:29.665   599   628 D StorageManagerService: Setting property: sys.user.0.ce_available=true
01-01 08:00:29.666   599   628 I ActivityManager: User 0 state changed from RUNNING_LOCKED to RUNNING_UNLOCKING
01-01 08:00:29.666   599   628 D CryptdConnector: SND -> {3 cryptfs prepare_user_storage ! 0 0 2}
01-01 08:00:29.667   261   272 D vold    : e4crypt_prepare_user_storage for volume null, user 0, serial 0, flags 2
01-01 08:00:29.667   261   272 D vold    : Preparing: /data/system_ce/0
01-01 08:00:29.667   261   272 D vold    : Preparing: /data/misc_ce/0
01-01 08:00:29.667   261   272 D vold    : Preparing: /data/media/0
01-01 08:00:29.667   261   272 D vold    : Preparing: /data/data
01-01 08:00:29.668   261   272 I vold    : Found policy 3ecc870628ae75a9 at /data/system_ce/0 which matches expected value
01-01 08:00:29.669   261   272 I vold    : Found policy 3ecc870628ae75a9 at /data/misc_ce/0 which matches expected value
01-01 08:00:29.670   261   272 I vold    : Found policy 3ecc870628ae75a9 at /data/media/0 which matches expected value
01-01 08:00:29.670   261   272 I vold    : Found policy 3ecc870628ae75a9 at /data/data which matches expected value
01-01 08:00:29.670   261   272 V vold    : Starting restorecon of /data/system_ce/0
01-01 08:00:29.680   261   272 V vold    : Finished restorecon of /data/system_ce/0
01-01 08:00:29.680   261   272 V vold    : Starting restorecon of /data/misc_ce/0
01-01 08:00:29.689   261   272 V vold    : Finished restorecon of /data/misc_ce/0
01-01 08:00:29.689   599   694 D CryptdConnector: RCV <- {200 3 Command succeeded}
01-01 08:00:29.691   599   628 V UserDataPreparer: Found /data/user/0 with serial number 0
01-01 08:00:29.691   599   628 V UserDataPreparer: Found /data/system_ce/0 with serial number 0
01-01 08:00:29.692   599   628 V PackageManager: reconcileAppsData for null u0 0x2 migrateAppData=false
01-01 08:00:29.858   599   628 V PackageManager: reconcileAppsData finished 69 packages
01-01 08:00:29.859   599   620 I SystemServiceManager: Calling onUnlockUser u0
01-01 08:00:29.861   599   620 D BluetoothManagerService: User 0 unlocked
01-01 08:00:29.862   599   620 D StorageManagerService: onUnlockUser 0
01-01 08:00:29.863   599   627 D BluetoothManagerService: MESSAGE_USER_UNLOCKED
01-01 08:00:29.863   599   627 D BluetoothManagerService: Enabled but not bound; retrying after unlock
01-01 08:00:29.863   599   627 E BluetoothManagerService: Fail to bind to: Intent { act=android.bluetooth.IBluetooth }
01-01 08:00:29.867   599   620 D VoldConnector: SND -> {6 volume user_started 0}
01-01 08:00:29.868   261   271 D vold    : Linking /storage/emulated/0 to /mnt/user/0/primary
01-01 08:00:29.869   599   693 D VoldConnector: RCV <- {200 6 Command succeeded}
01-01 08:00:29.875   599   692 D StorageManagerService: Volume emulated broadcasting mounted to UserHandle{0}
01-01 08:00:29.881   599   706 D ConnectivityService: Got NetworkFactory Messenger for WIFI
01-01 08:00:29.881   599   706 D ConnectivityService: Got NetworkFactory Messenger for WIFI_UT
01-01 08:00:29.884   599   620 I BackupManagerService: Instantiating BackupManagerService
01-01 08:00:29.918   599   620 V BackupManagerService: No ancestral data
01-01 08:00:29.943   599   620 V BackupManagerService: Starting with transport android/com.android.internal.backup.LocalTransport
01-01 08:00:29.944   599   620 D BackupTransportManager: Binding to transport: android/com.android.internal.backup.LocalTransportService
01-01 08:00:29.959   599   616 I ActivityManager: Start proc 1137:android.process.media/u0a8 for broadcast com.android.providers.downloads/.DownloadReceiver
01-01 08:00:29.967   599   620 I BackupManagerService: Backup enabled => false
01-01 08:00:29.968   599   620 W SystemServiceManager: Service com.android.server.backup.BackupManagerService$Lifecycle took 85 ms in onUnlockUser 
01-01 08:00:29.968   599   620 W VoiceInteractionManagerService: no available voice recognition services found for user 0
01-01 08:00:29.969   599  1131 V KeyValueBackupJob: Scheduling k/v pass in 244 minutes
01-01 08:00:29.970   599   620 D AutofillManagerServiceImpl: Reset component for user 0
01-01 08:00:29.970   599   620 D AutofillManagerServiceImpl: Reset component for user 0
01-01 08:00:29.970   599   620 I ActivityManager: Loading recents for user 0 into memory.
01-01 08:00:29.970   599   621 D AutofillUI: destroySaveUiUiThread(): already destroyed
01-01 08:00:30.004   599   620 I ActivityManager: User 0 state changed from RUNNING_UNLOCKING to RUNNING_UNLOCKED
01-01 08:00:30.004   599   620 I ActivityManager: Sending BOOT_COMPLETE user #0
01-01 08:00:30.017   599   599 D BackupTransportManager: Bound to transport: android/com.android.internal.backup.LocalTransportService
01-01 08:00:30.032   599   658 D Telecom : Logging: START_SESSION
01-01 08:00:30.033   599   658 V Telecom : Logging: END_SUBSESSION (dur: 0 mS): TSI.getCallState@AAk
01-01 08:00:30.033   599   658 D Telecom : Logging: END_SESSION (dur: 1 ms): TSI.getCallState@AAk
01-01 08:00:30.034   599   616 I ActivityManager: START u0 {act=android.intent.action.MAIN cat=[android.intent.category.HOME] flg=0x10000100 cmp=com.android.launcher3/.Launcher} from uid 0
01-01 08:00:30.053   599   626 I AppWidgetServiceImpl: Async processing of onUserUnlocked u0 took 85 ms
01-01 08:00:30.063   599   616 I ActivityManager: Start proc 1174:com.android.launcher3/u0a11 for activity com.android.launcher3/.Launcher
01-01 08:00:30.068   599  1131 I BackupManagerService: Found stale backup journal, scheduling
01-01 08:00:30.163   599   895 W WallpaperManagerService: Cannot extract colors because wallpaper could not be read.
01-01 08:00:30.184   599   599 V MediaRouterService: restoreBluetoothA2dp(false)
01-01 08:00:30.210   599   895 I BroadcastQueue: Delay finish: com.android.providers.media/.MediaScannerReceiver
01-01 08:00:30.286   599   619 W ActivityManager: Unable to start service Intent { cmp=com.android.printspooler/.model.PrintSpoolerService } U=0: not found
01-01 08:00:30.292   599   628 W WindowManager: App freeze timeout expired.
01-01 08:00:30.425   599   895 D AutofillManagerServiceImpl: Reset component for user 0
01-01 08:00:31.278  1174  1174 E SchedPolicy: set_timerslack_ns write failed: Operation not permitted
01-01 08:00:31.291  1174  1174 E SchedPolicy: set_timerslack_ns write failed: Operation not permitted
01-01 08:00:31.382   599   616 I BroadcastQueue: Resuming delayed broadcast
01-01 08:00:31.395   599   616 I ActivityManager: Start proc 1245:net.sourceforge.opencamera/u0a40 for broadcast net.sourceforge.opencamera/.CameraStorageReceiver
01-01 08:00:31.502   599   599 I SyncManager: Loaded persisted syncs: 0 periodic syncs, 0 oneshot syncs, 7 total system server jobs, JobStats: FirstLoad: 0/0/0 LastSave: -1/-1/-1
01-01 08:00:31.571   599   599 I ActivityManager: Start proc 1272:com.unisound.vds/1000 for broadcast com.unisound.vds/.MyReceiver
01-01 08:00:31.591   599  1271 I BootReceiver: Copying audit failures to DropBox
01-01 08:00:31.592   599  1271 I BootReceiver: Checking for fsck errors
01-01 08:00:31.593   599  1271 I BootReceiver: fs_stat, partition:persist stat:0x1
01-01 08:00:31.593   599  1271 I BootReceiver: fs_stat, partition:modem stat:0x1
01-01 08:00:31.594   599  1271 I BootReceiver: fs_stat, partition:oem stat:0x1
01-01 08:00:31.594   599  1271 I BootReceiver: fs_stat, partition:userdata stat:0x9
01-01 08:00:31.594   599  1271 I BootReceiver: fs_stat, partition:cache stat:0x9
01-01 08:00:32.069   854   854 I TelecomFramework: PstnIncomingCallNotifier: Unregistering: Handler (com.android.internal.telephony.GsmCdmaPhone) {c016a2c}
01-01 08:00:32.069   854   854 D TelecomFramework: PstnPhoneCapabilitiesNotifier: Unregistering: Handler (com.android.internal.telephony.GsmCdmaPhone) {c016a2c}
01-01 08:00:32.069   854   854 D TelecomFramework: TelecomAccountRegistry: Found 2 phones.  Attempting to register.
01-01 08:00:32.069   854   854 D TelecomFramework: TelecomAccountRegistry: Phone with subscription id -2
01-01 08:00:32.069   854   854 D TelecomFramework: TelecomAccountRegistry: Phone with subscription id -3
01-01 08:00:32.076   599   895 D Telecom : Logging: START_SESSION
01-01 08:00:32.076   599   895 D Telecom : PhoneAccountRegistrar: addOrReplacePhoneAccount(ComponentInfo{com.android.phone/com.android.services.telephony.TelephonyConnectionService}, E, UserHandle{0} -> [[ ] PhoneAccount: ComponentInfo{com.android.phone/com.android.services.telephony.TelephonyConnectionService}, E, UserHandle{0} Capabilities: CallProvider MultiUser PlaceEmerg SimSub  Audio Routes: BESW Schemes: tel voicemail  Extras: Bundle[mParcelledData.dataSize=124] GroupId: ]): TSI.rPA@AAo
01-01 08:00:32.076   599   895 I Telecom : PhoneAccountRegistrar: Modify account: [ComponentInfo{com.android.phone/com.android.services.telephony.TelephonyConnectionService}, E, UserHandle{0}]: TSI.rPA@AAo
01-01 08:00:32.076   599   895 W Telecom : PhoneAccountRegistrar: addOrReplacePhoneAccount, will add account[[ ] PhoneAccount: ComponentInfo{com.android.phone/com.android.services.telephony.TelephonyConnectionService}, E, UserHandle{0} Capabilities: CallProvider MultiUser PlaceEmerg SimSub  Audio Routes: BESW Schemes: tel voicemail  Extras: Bundle[mParcelledData.dataSize=124] GroupId: ]: TSI.rPA@AAo
01-01 08:00:32.076   599   895 V Telecom : PhoneAccountRegistrar: maybeReplaceOldAccount: Not replacing PhoneAccount, no group Id or default.: TSI.rPA@AAo
01-01 08:00:32.078   599   895 V Telecom : Logging: END_SUBSESSION (dur: 2 mS): TSI.rPA@AAo
01-01 08:00:32.078   599   895 D Telecom : Logging: END_SESSION (dur: 2 ms): TSI.rPA@AAo
01-01 08:00:32.078   854   854 I TelecomFramework: AccountEntry: Registered phoneAccount: [[ ] PhoneAccount: ComponentInfo{com.android.phone/com.android.services.telephony.TelephonyConnectionService}, E, UserHandle{0} Capabilities: CallProvider MultiUser PlaceEmerg SimSub  Audio Routes: BESW Schemes: tel voicemail  Extras: Bundle[{android.telecom.extra.SUPPORTS_VIDEO_CALLING_FALLBACK=false}] GroupId: ] with handle: ComponentInfo{com.android.phone/com.android.services.telephony.TelephonyConnectionService}, E, UserHandle{0}
01-01 08:00:32.079   854   854 I TelecomFramework: PstnIncomingCallNotifier: Registering: Handler (com.android.internal.telephony.GsmCdmaPhone) {c016a2c}
01-01 08:00:32.079   854   854 D TelecomFramework: PstnPhoneCapabilitiesNotifier: Registering: Handler (com.android.internal.telephony.GsmCdmaPhone) {c016a2c}
01-01 08:00:32.080   599   895 D Telecom : Logging: START_SESSION
01-01 08:00:32.081   599   895 V Telecom : Logging: CREATE_SUBSESSION (Invisible subsession): TSI.gCCPA@AAs
01-01 08:00:32.081   599   895 V Telecom : Logging: CONTINUE_SUBSESSION (Invisible Subsession) with Method TSI.gSDP: TSI.gCCPA@AAs
01-01 08:00:32.081   599   895 V Telecom : Logging: END_SUBSESSION (Invisible Subsession) (dur: 0 ms): TSI.gCCPA@AAs
01-01 08:00:32.081   599   895 W Telecom : PhoneAccountRegistrar: getPhoneAccounts, mState.accounts.size=1: TSI.gCCPA@AAs
01-01 08:00:32.081   599   895 V Telecom : Logging: END_SUBSESSION (dur: 1 mS): TSI.gCCPA@AAs
01-01 08:00:32.082   599   895 D Telecom : Logging: END_SESSION (dur: 2 ms): TSI.gCCPA@AAs
01-01 08:00:32.083   599   895 D Telecom : Logging: START_SESSION
01-01 08:00:32.083   599   895 V Telecom : Logging: END_SUBSESSION (dur: 0 mS): TSI.gUSOPA@AAw
01-01 08:00:32.083   599   895 D Telecom : Logging: END_SESSION (dur: 0 ms): TSI.gUSOPA@AAw
01-01 08:00:32.088   854   854 I TelecomFramework: PstnPhoneCapabilitiesNotifier: handleVideoCapabilitesChanged. Video capability - false
01-01 08:00:32.096   599   895 D Telecom : Logging: START_SESSION
01-01 08:00:32.097   599   895 D Telecom : PhoneAccountRegistrar: addOrReplacePhoneAccount(ComponentInfo{com.android.phone/com.android.services.telephony.TelephonyConnectionService}, E, UserHandle{0} -> [[ ] PhoneAccount: ComponentInfo{com.android.phone/com.android.services.telephony.TelephonyConnectionService}, E, UserHandle{0} Capabilities: CallProvider MultiUser PlaceEmerg SimSub  Audio Routes: BESW Schemes: tel voicemail  Extras: Bundle[mParcelledData.dataSize=124] GroupId: ]): TSI.rPA@AA0
01-01 08:00:32.097   599   895 I Telecom : PhoneAccountRegistrar: Modify account: [ComponentInfo{com.android.phone/com.android.services.telephony.TelephonyConnectionService}, E, UserHandle{0}]: TSI.rPA@AA0
01-01 08:00:32.097   599   895 W Telecom : PhoneAccountRegistrar: addOrReplacePhoneAccount, will add account[[ ] PhoneAccount: ComponentInfo{com.android.phone/com.android.services.telephony.TelephonyConnectionService}, E, UserHandle{0} Capabilities: CallProvider MultiUser PlaceEmerg SimSub  Audio Routes: BESW Schemes: tel voicemail  Extras: Bundle[mParcelledData.dataSize=124] GroupId: ]: TSI.rPA@AA0
01-01 08:00:32.097   599   895 V Telecom : PhoneAccountRegistrar: maybeReplaceOldAccount: Not replacing PhoneAccount, no group Id or default.: TSI.rPA@AA0
01-01 08:00:32.099   599   895 V Telecom : Logging: END_SUBSESSION (dur: 3 mS): TSI.rPA@AA0
01-01 08:00:32.099   599   895 D Telecom : Logging: END_SESSION (dur: 3 ms): TSI.rPA@AA0
01-01 08:00:32.103   854   854 D MccTable: updateMccMncConfiguration mccmnc='46006' fromServiceState=false
01-01 08:00:32.105   854   854 D MccTable: updateMccMncConfiguration defaultMccMnc=
01-01 08:00:32.105   854   854 D MccTable: updateMccMncConfiguration: mcc=460, mnc=6
01-01 08:00:32.105   854   854 D MccTable: updateMccMncConfiguration updateConfig config={0.0 460mcc6mnc ?localeList ?layoutDir ?swdp ?wdp ?hdp ?density ?lsize ?long ?ldr ?wideColorGamut ?orien ?uimode ?night ?touch ?keyb/?/? ?nav/?}
01-01 08:00:32.106   599   895 I ActivityManager: Config changes=3 {1.0 460mcc6mnc [zh_CN] ldltr sw400dp w400dp h592dp 320dpi nrml port finger -keyb/v/h -nav/h appBounds=Rect(0, 0 - 800, 1184) s.6}
01-01 08:00:32.110   599   895 I ActivityManager: Override config changes=3 {1.0 460mcc6mnc [zh_CN] ldltr sw400dp w400dp h592dp 320dpi nrml port finger -keyb/v/h -nav/h appBounds=Rect(0, 0 - 800, 1184) s.6} for displayId=0
01-01 08:00:32.169   854   854 I TelecomFramework: PstnIncomingCallNotifier: Unregistering: Handler (com.android.internal.telephony.GsmCdmaPhone) {c016a2c}
01-01 08:00:32.169   854   854 D TelecomFramework: PstnPhoneCapabilitiesNotifier: Unregistering: Handler (com.android.internal.telephony.GsmCdmaPhone) {c016a2c}
01-01 08:00:32.170   854   854 D TelecomFramework: TelecomAccountRegistry: Found 2 phones.  Attempting to register.
01-01 08:00:32.170   854   854 D TelecomFramework: TelecomAccountRegistry: Phone with subscription id -2
01-01 08:00:32.170   854   854 D TelecomFramework: TelecomAccountRegistry: Phone with subscription id -3
01-01 08:00:32.176   599   658 D Telecom : Logging: START_SESSION
01-01 08:00:32.177   599   658 D Telecom : PhoneAccountRegistrar: addOrReplacePhoneAccount(ComponentInfo{com.android.phone/com.android.services.telephony.TelephonyConnectionService}, E, UserHandle{0} -> [[ ] PhoneAccount: ComponentInfo{com.android.phone/com.android.services.telephony.TelephonyConnectionService}, E, UserHandle{0} Capabilities: CallProvider MultiUser PlaceEmerg SimSub  Audio Routes: BESW Schemes: tel voicemail  Extras: Bundle[mParcelledData.dataSize=124] GroupId: ]): TSI.rPA@AA4
01-01 08:00:32.177   599   658 I Telecom : PhoneAccountRegistrar: Modify account: [ComponentInfo{com.android.phone/com.android.services.telephony.TelephonyConnectionService}, E, UserHandle{0}]: TSI.rPA@AA4
01-01 08:00:32.177   599   658 W Telecom : PhoneAccountRegistrar: addOrReplacePhoneAccount, will add account[[ ] PhoneAccount: ComponentInfo{com.android.phone/com.android.services.telephony.TelephonyConnectionService}, E, UserHandle{0} Capabilities: CallProvider MultiUser PlaceEmerg SimSub  Audio Routes: BESW Schemes: tel voicemail  Extras: Bundle[mParcelledData.dataSize=124] GroupId: ]: TSI.rPA@AA4
01-01 08:00:32.177   599   658 V Telecom : PhoneAccountRegistrar: maybeReplaceOldAccount: Not replacing PhoneAccount, no group Id or default.: TSI.rPA@AA4
01-01 08:00:32.178   599   658 V Telecom : Logging: END_SUBSESSION (dur: 2 mS): TSI.rPA@AA4
01-01 08:00:32.178   599   658 D Telecom : Logging: END_SESSION (dur: 2 ms): TSI.rPA@AA4
01-01 08:00:32.180   854   854 I TelecomFramework: AccountEntry: Registered phoneAccount: [[ ] PhoneAccount: ComponentInfo{com.android.phone/com.android.services.telephony.TelephonyConnectionService}, E, UserHandle{0} Capabilities: CallProvider MultiUser PlaceEmerg SimSub  Audio Routes: BESW Schemes: tel voicemail  Extras: Bundle[{android.telecom.extra.SUPPORTS_VIDEO_CALLING_FALLBACK=false}] GroupId: ] with handle: ComponentInfo{com.android.phone/com.android.services.telephony.TelephonyConnectionService}, E, UserHandle{0}
01-01 08:00:32.180   854   854 I TelecomFramework: PstnIncomingCallNotifier: Registering: Handler (com.android.internal.telephony.GsmCdmaPhone) {c016a2c}
01-01 08:00:32.180   854   854 D TelecomFramework: PstnPhoneCapabilitiesNotifier: Registering: Handler (com.android.internal.telephony.GsmCdmaPhone) {c016a2c}
01-01 08:00:32.181   599   658 D Telecom : Logging: START_SESSION
01-01 08:00:32.182   599   658 V Telecom : Logging: CREATE_SUBSESSION (Invisible subsession): TSI.gCCPA@AA8
01-01 08:00:32.182   599   658 V Telecom : Logging: CONTINUE_SUBSESSION (Invisible Subsession) with Method TSI.gSDP: TSI.gCCPA@AA8
01-01 08:00:32.182   599   658 V Telecom : Logging: END_SUBSESSION (Invisible Subsession) (dur: 0 ms): TSI.gCCPA@AA8
01-01 08:00:32.182   599   658 W Telecom : PhoneAccountRegistrar: getPhoneAccounts, mState.accounts.size=1: TSI.gCCPA@AA8
01-01 08:00:32.182   599   658 V Telecom : Logging: END_SUBSESSION (dur: 1 mS): TSI.gCCPA@AA8
01-01 08:00:32.183   599   658 D Telecom : Logging: END_SESSION (dur: 1 ms): TSI.gCCPA@AA8
01-01 08:00:32.186   599   658 D Telecom : Logging: START_SESSION
01-01 08:00:32.187   599   658 V Telecom : Logging: END_SUBSESSION (dur: 0 mS): TSI.gUSOPA@ABA
01-01 08:00:32.187   599   658 D Telecom : Logging: END_SESSION (dur: 0 ms): TSI.gUSOPA@ABA
01-01 08:00:32.192   854   854 I TelecomFramework: PstnPhoneCapabilitiesNotifier: handleVideoCapabilitesChanged. Video capability - false
01-01 08:00:32.199   599   895 D Telecom : Logging: START_SESSION
01-01 08:00:32.199   599   895 D Telecom : PhoneAccountRegistrar: addOrReplacePhoneAccount(ComponentInfo{com.android.phone/com.android.services.telephony.TelephonyConnectionService}, E, UserHandle{0} -> [[ ] PhoneAccount: ComponentInfo{com.android.phone/com.android.services.telephony.TelephonyConnectionService}, E, UserHandle{0} Capabilities: CallProvider MultiUser PlaceEmerg SimSub  Audio Routes: BESW Schemes: tel voicemail  Extras: Bundle[mParcelledData.dataSize=124] GroupId: ]): TSI.rPA@ABE
01-01 08:00:32.199   599   895 I Telecom : PhoneAccountRegistrar: Modify account: [ComponentInfo{com.android.phone/com.android.services.telephony.TelephonyConnectionService}, E, UserHandle{0}]: TSI.rPA@ABE
01-01 08:00:32.199   599   895 W Telecom : PhoneAccountRegistrar: addOrReplacePhoneAccount, will add account[[ ] PhoneAccount: ComponentInfo{com.android.phone/com.android.services.telephony.TelephonyConnectionService}, E, UserHandle{0} Capabilities: CallProvider MultiUser PlaceEmerg SimSub  Audio Routes: BESW Schemes: tel voicemail  Extras: Bundle[mParcelledData.dataSize=124] GroupId: ]: TSI.rPA@ABE
01-01 08:00:32.199   599   895 V Telecom : PhoneAccountRegistrar: maybeReplaceOldAccount: Not replacing PhoneAccount, no group Id or default.: TSI.rPA@ABE
01-01 08:00:32.201   599   895 V Telecom : Logging: END_SUBSESSION (dur: 2 mS): TSI.rPA@ABE
01-01 08:00:32.201   599   895 D Telecom : Logging: END_SESSION (dur: 2 ms): TSI.rPA@ABE
01-01 08:00:32.225   599   895 D BluetoothManagerService: Creating new ProfileServiceConnections object for profile: 1
01-01 08:00:32.226   599   895 E BluetoothManagerService: Fail to bind to: Intent { act=android.bluetooth.IBluetoothHeadset }
01-01 08:00:32.226   599   895 W BluetoothManagerService: Unable to bind with intent: Intent { act=android.bluetooth.IBluetoothHeadset }
01-01 08:00:32.258  1272  1272 W ContextImpl: Calling a method in the system process without a qualified user: android.app.ContextImpl.startActivity:854 android.content.ContextWrapper.startActivity:372 android.content.ContextWrapper.startActivity:372 com.unisound.vds.MyReceiver.onReceive:28 android.app.ActivityThread.handleReceiver:3187 
01-01 08:00:32.258  1272  1272 W ContextImpl: Calling a method in the system process without a qualified user: android.app.ContextImpl.startActivity:866 android.app.ContextImpl.startActivity:855 android.content.ContextWrapper.startActivity:372 android.content.ContextWrapper.startActivity:372 com.unisound.vds.MyReceiver.onReceive:28 
01-01 08:00:32.259   599   658 I ActivityManager: START u0 {flg=0x10000000 cmp=com.unisound.vds/.MainActivity} from uid 1000
01-01 08:00:32.293  1272  1315 W ContextImpl: Calling a method in the system process without a qualified user: android.app.ContextImpl.startService:1476 android.content.ContextWrapper.startService:650 com.hyphenate.push.platform.b.a.c:14 com.hyphenate.push.platform.b.a.b:0 com.hyphenate.push.platform.a.a:6 
01-01 08:00:32.298   599   895 I ActivityManager: Start proc 1339:com.cameraled.service/1000 for broadcast com.cameraled.service/.CameraLedReceiver
01-01 08:00:32.299   599   658 W ActivityManager: Unable to start service Intent { cmp=com.unisound.vds/com.hyphenate.chat.EMChatService } U=0: not found
01-01 08:00:32.304  1272  1315 W ContextImpl: Calling a method in the system process without a qualified user: android.app.ContextImpl.startService:1476 android.content.ContextWrapper.startService:650 com.hyphenate.push.platform.b.a.e:55 com.hyphenate.push.platform.b.a.b:3 com.hyphenate.push.platform.a.a:6 
01-01 08:00:32.305   599   658 W ActivityManager: Unable to start service Intent { cmp=com.unisound.vds/com.hyphenate.chat.EMJobService } U=0: not found
01-01 08:00:32.435   854   854 I TelecomFramework: PstnIncomingCallNotifier: Unregistering: Handler (com.android.internal.telephony.GsmCdmaPhone) {c016a2c}
01-01 08:00:32.435   854   854 D TelecomFramework: PstnPhoneCapabilitiesNotifier: Unregistering: Handler (com.android.internal.telephony.GsmCdmaPhone) {c016a2c}
01-01 08:00:32.436   854   854 D TelecomFramework: TelecomAccountRegistry: Found 2 phones.  Attempting to register.
01-01 08:00:32.436   854   854 D TelecomFramework: TelecomAccountRegistry: Phone with subscription id -2
01-01 08:00:32.436   854   854 D TelecomFramework: TelecomAccountRegistry: Phone with subscription id -3
01-01 08:00:32.446   599   658 D Telecom : Logging: START_SESSION
01-01 08:00:32.446   599   658 D Telecom : PhoneAccountRegistrar: addOrReplacePhoneAccount(ComponentInfo{com.android.phone/com.android.services.telephony.TelephonyConnectionService}, E, UserHandle{0} -> [[ ] PhoneAccount: ComponentInfo{com.android.phone/com.android.services.telephony.TelephonyConnectionService}, E, UserHandle{0} Capabilities: CallProvider MultiUser PlaceEmerg SimSub  Audio Routes: BESW Schemes: tel voicemail  Extras: Bundle[mParcelledData.dataSize=124] GroupId: ]): TSI.rPA@ABI
01-01 08:00:32.446   599   658 I Telecom : PhoneAccountRegistrar: Modify account: [ComponentInfo{com.android.phone/com.android.services.telephony.TelephonyConnectionService}, E, UserHandle{0}]: TSI.rPA@ABI
01-01 08:00:32.446   599   658 W Telecom : PhoneAccountRegistrar: addOrReplacePhoneAccount, will add account[[ ] PhoneAccount: ComponentInfo{com.android.phone/com.android.services.telephony.TelephonyConnectionService}, E, UserHandle{0} Capabilities: CallProvider MultiUser PlaceEmerg SimSub  Audio Routes: BESW Schemes: tel voicemail  Extras: Bundle[mParcelledData.dataSize=124] GroupId: ]: TSI.rPA@ABI
01-01 08:00:32.446   599   658 V Telecom : PhoneAccountRegistrar: maybeReplaceOldAccount: Not replacing PhoneAccount, no group Id or default.: TSI.rPA@ABI
01-01 08:00:32.448   599   658 V Telecom : Logging: END_SUBSESSION (dur: 2 mS): TSI.rPA@ABI
01-01 08:00:32.448   599   658 D Telecom : Logging: END_SESSION (dur: 2 ms): TSI.rPA@ABI
01-01 08:00:32.448   854   854 I TelecomFramework: AccountEntry: Registered phoneAccount: [[ ] PhoneAccount: ComponentInfo{com.android.phone/com.android.services.telephony.TelephonyConnectionService}, E, UserHandle{0} Capabilities: CallProvider MultiUser PlaceEmerg SimSub  Audio Routes: BESW Schemes: tel voicemail  Extras: Bundle[{android.telecom.extra.SUPPORTS_VIDEO_CALLING_FALLBACK=false}] GroupId: ] with handle: ComponentInfo{com.android.phone/com.android.services.telephony.TelephonyConnectionService}, E, UserHandle{0}
01-01 08:00:32.449   854   854 I TelecomFramework: PstnIncomingCallNotifier: Registering: Handler (com.android.internal.telephony.GsmCdmaPhone) {c016a2c}
01-01 08:00:32.449   854   854 D TelecomFramework: PstnPhoneCapabilitiesNotifier: Registering: Handler (com.android.internal.telephony.GsmCdmaPhone) {c016a2c}
01-01 08:00:32.449   599   895 I ActivityManager: START u0 {cmp=com.unisound.vds/.ui.VdsMainActivity} from uid 1000
01-01 08:00:32.450   599   658 D Telecom : Logging: START_SESSION
01-01 08:00:32.452   599   658 V Telecom : Logging: CREATE_SUBSESSION (Invisible subsession): TSI.gCCPA@ABM
01-01 08:00:32.452   599   658 V Telecom : Logging: CONTINUE_SUBSESSION (Invisible Subsession) with Method TSI.gSDP: TSI.gCCPA@ABM
01-01 08:00:32.452   599   658 V Telecom : Logging: END_SUBSESSION (Invisible Subsession) (dur: 0 ms): TSI.gCCPA@ABM
01-01 08:00:32.453   599   658 W Telecom : PhoneAccountRegistrar: getPhoneAccounts, mState.accounts.size=1: TSI.gCCPA@ABM
01-01 08:00:32.453   599   658 V Telecom : Logging: END_SUBSESSION (dur: 3 mS): TSI.gCCPA@ABM
01-01 08:00:32.453   599   658 D Telecom : Logging: END_SESSION (dur: 3 ms): TSI.gCCPA@ABM
01-01 08:00:32.455   599   658 D Telecom : Logging: START_SESSION
01-01 08:00:32.455   599   658 V Telecom : Logging: END_SUBSESSION (dur: 0 mS): TSI.gUSOPA@ABQ
01-01 08:00:32.455   599   658 D Telecom : Logging: END_SESSION (dur: 0 ms): TSI.gUSOPA@ABQ
01-01 08:00:32.457   854   854 I TelecomFramework: PstnPhoneCapabilitiesNotifier: handleVideoCapabilitesChanged. Video capability - false
01-01 08:00:32.462   599   895 D Telecom : Logging: START_SESSION
01-01 08:00:32.462   599   895 D Telecom : PhoneAccountRegistrar: addOrReplacePhoneAccount(ComponentInfo{com.android.phone/com.android.services.telephony.TelephonyConnectionService}, E, UserHandle{0} -> [[ ] PhoneAccount: ComponentInfo{com.android.phone/com.android.services.telephony.TelephonyConnectionService}, E, UserHandle{0} Capabilities: CallProvider MultiUser PlaceEmerg SimSub  Audio Routes: BESW Schemes: tel voicemail  Extras: Bundle[mParcelledData.dataSize=124] GroupId: ]): TSI.rPA@ABU
01-01 08:00:32.463   599   895 I Telecom : PhoneAccountRegistrar: Modify account: [ComponentInfo{com.android.phone/com.android.services.telephony.TelephonyConnectionService}, E, UserHandle{0}]: TSI.rPA@ABU
01-01 08:00:32.463   599   895 W Telecom : PhoneAccountRegistrar: addOrReplacePhoneAccount, will add account[[ ] PhoneAccount: ComponentInfo{com.android.phone/com.android.services.telephony.TelephonyConnectionService}, E, UserHandle{0} Capabilities: CallProvider MultiUser PlaceEmerg SimSub  Audio Routes: BESW Schemes: tel voicemail  Extras: Bundle[mParcelledData.dataSize=124] GroupId: ]: TSI.rPA@ABU
01-01 08:00:32.463   599   895 V Telecom : PhoneAccountRegistrar: maybeReplaceOldAccount: Not replacing PhoneAccount, no group Id or default.: TSI.rPA@ABU
01-01 08:00:32.466   599   895 V Telecom : Logging: END_SUBSESSION (dur: 4 mS): TSI.rPA@ABU
01-01 08:00:32.466   599   895 D Telecom : Logging: END_SESSION (dur: 4 ms): TSI.rPA@ABU
01-01 08:00:32.508  1339  1339 W ContextImpl: Calling a method in the system process without a qualified user: android.app.ContextImpl.startService:1476 android.content.ContextWrapper.startService:650 android.content.ContextWrapper.startService:650 com.cameraled.service.CameraLedReceiver.onReceive:19 android.app.ActivityThread.handleReceiver:3187 
01-01 08:00:32.511   599   658 I BroadcastQueue: Delay finish: com.cameraled.service/.CameraLedReceiver
01-01 08:00:32.512  1272  1272 W ContextImpl: Calling a method in the system process without a qualified user: android.app.ContextImpl.bindService:1556 android.content.ContextWrapper.bindService:684 com.unisound.vds.ui.BaseVdsActivity.startCameraLedControllserService:226 com.unisound.vds.ui.BaseVdsActivity.onCreate:77 com.unisound.vds.ui.VdsMainActivity.onCreate:436 
01-01 08:00:32.713   854  1051 D MccTable: updateMccMncConfiguration mccmnc='46006' fromServiceState=false
01-01 08:00:32.715   854  1051 D MccTable: updateMccMncConfiguration defaultMccMnc=46006
01-01 08:00:32.716   854  1051 D MccTable: updateMccMncConfiguration: mcc=460, mnc=6
01-01 08:00:32.716   854  1051 D MccTable: updateMccMncConfiguration updateConfig config={0.0 460mcc6mnc ?localeList ?layoutDir ?swdp ?wdp ?hdp ?density ?lsize ?long ?ldr ?wideColorGamut ?orien ?uimode ?night ?touch ?keyb/?/? ?nav/?}
--------- beginning of crash
01-01 08:00:33.068  1272  1272 E AndroidRuntime: FATAL EXCEPTION: main
01-01 08:00:33.068  1272  1272 E AndroidRuntime: Process: com.unisound.vds, PID: 1272
01-01 08:00:33.068  1272  1272 E AndroidRuntime: java.lang.RuntimeException: Unable to resume activity {com.unisound.vds/com.unisound.vds.ui.VdsMainActivity}: java.lang.RuntimeException: Fail to connect to camera service
01-01 08:00:33.068  1272  1272 E AndroidRuntime: 	at android.app.ActivityThread.performResumeActivity(ActivityThread.java:3581)
01-01 08:00:33.068  1272  1272 E AndroidRuntime: 	at android.app.ActivityThread.handleResumeActivity(ActivityThread.java:3621)
01-01 08:00:33.068  1272  1272 E AndroidRuntime: 	at android.app.ActivityThread.handleLaunchActivity(ActivityThread.java:2862)
01-01 08:00:33.068  1272  1272 E AndroidRuntime: 	at android.app.ActivityThread.-wrap11(Unknown Source:0)
01-01 08:00:33.068  1272  1272 E AndroidRuntime: 	at android.app.ActivityThread$H.handleMessage(ActivityThread.java:1589)
01-01 08:00:33.068  1272  1272 E AndroidRuntime: 	at android.os.Handler.dispatchMessage(Handler.java:106)
01-01 08:00:33.068  1272  1272 E AndroidRuntime: 	at android.os.Looper.loop(Looper.java:164)
01-01 08:00:33.068  1272  1272 E AndroidRuntime: 	at android.app.ActivityThread.main(ActivityThread.java:6494)
01-01 08:00:33.068  1272  1272 E AndroidRuntime: 	at java.lang.reflect.Method.invoke(Native Method)
01-01 08:00:33.068  1272  1272 E AndroidRuntime: 	at com.android.internal.os.RuntimeInit$MethodAndArgsCaller.run(RuntimeInit.java:438)
01-01 08:00:33.068  1272  1272 E AndroidRuntime: 	at com.android.internal.os.ZygoteInit.main(ZygoteInit.java:807)
01-01 08:00:33.068  1272  1272 E AndroidRuntime: Caused by: java.lang.RuntimeException: Fail to connect to camera service
01-01 08:00:33.068  1272  1272 E AndroidRuntime: 	at android.hardware.Camera.<init>(Camera.java:519)
01-01 08:00:33.068  1272  1272 E AndroidRuntime: 	at android.hardware.Camera.open(Camera.java:365)
01-01 08:00:33.068  1272  1272 E AndroidRuntime: 	at com.unisound.vds.ui.VdsMainActivity.openCamera(VdsMainActivity.java:1637)
01-01 08:00:33.068  1272  1272 E AndroidRuntime: 	at com.unisound.vds.ui.VdsMainActivity.onResume(VdsMainActivity.java:1028)
01-01 08:00:33.068  1272  1272 E AndroidRuntime: 	at android.app.Instrumentation.callActivityOnResume(Instrumentation.java:1355)
01-01 08:00:33.068  1272  1272 E AndroidRuntime: 	at android.app.Activity.performResume(Activity.java:7117)
01-01 08:00:33.068  1272  1272 E AndroidRuntime: 	at android.app.ActivityThread.performResumeActivity(ActivityThread.java:3556)
01-01 08:00:33.068  1272  1272 E AndroidRuntime: 	... 10 more
01-01 08:00:33.194   599  1173 W ActivityManager:   Force finishing activity com.unisound.vds/.ui.VdsMainActivity
01-01 08:00:33.202   599   621 I ActivityManager: Showing crash dialog for package====== com.unisound.vds u0
01-01 08:00:33.203   599   621 W ContextImpl: Calling a method in the system process without a qualified user: android.app.ContextImpl.sendBroadcast:966 com.android.server.am.AppErrors.handleShowAppErrorUi:763 com.android.server.am.ActivityManagerService$UiHandler.handleMessage:1786 android.os.Handler.dispatchMessage:106 android.os.Looper.loop:164 
01-01 08:00:33.417   854   854 I TelecomFramework: PstnIncomingCallNotifier: Unregistering: Handler (com.android.internal.telephony.GsmCdmaPhone) {c016a2c}
01-01 08:00:33.417   854   854 D TelecomFramework: PstnPhoneCapabilitiesNotifier: Unregistering: Handler (com.android.internal.telephony.GsmCdmaPhone) {c016a2c}
01-01 08:00:33.417   854   854 D TelecomFramework: TelecomAccountRegistry: Found 2 phones.  Attempting to register.
01-01 08:00:33.417   854   854 D TelecomFramework: TelecomAccountRegistry: Phone with subscription id 1
01-01 08:00:33.441   599   895 D Telecom : Logging: START_SESSION
01-01 08:00:33.442   599   895 D Telecom : PhoneAccountRegistrar: addOrReplacePhoneAccount(ComponentInfo{com.android.phone/com.android.services.telephony.TelephonyConnectionService}, 89860619140006530925, UserHandle{0} -> [[ ] PhoneAccount: ComponentInfo{com.android.phone/com.android.services.telephony.TelephonyConnectionService}, 89860619140006530925, UserHandle{0} Capabilities: CallProvider MultiUser PlaceEmerg SimSub  Audio Routes: BESW Schemes: tel voicemail  Extras: Bundle[mParcelledData.dataSize=208] GroupId: ]): TSI.rPA@ABY
01-01 08:00:33.443   599   895 I Telecom : PhoneAccountRegistrar: New phone account registered: [[ ] PhoneAccount: ComponentInfo{com.android.phone/com.android.services.telephony.TelephonyConnectionService}, 89860619140006530925, UserHandle{0} Capabilities: CallProvider MultiUser PlaceEmerg SimSub  Audio Routes: BESW Schemes: tel voicemail  Extras: Bundle[mParcelledData.dataSize=208] GroupId: ]: TSI.rPA@ABY
01-01 08:00:33.443   599   895 W Telecom : PhoneAccountRegistrar: addOrReplacePhoneAccount, will add account[[ ] PhoneAccount: ComponentInfo{com.android.phone/com.android.services.telephony.TelephonyConnectionService}, 89860619140006530925, UserHandle{0} Capabilities: CallProvider MultiUser PlaceEmerg SimSub  Audio Routes: BESW Schemes: tel voicemail  Extras: Bundle[mParcelledData.dataSize=208] GroupId: ]: TSI.rPA@ABY
01-01 08:00:33.443   599   895 V Telecom : PhoneAccountRegistrar: maybeReplaceOldAccount: Not replacing PhoneAccount, no group Id or default.: TSI.rPA@ABY
01-01 08:00:33.453   599   895 I Telecom : CallsManager: Sending phone-account ComponentInfo{com.android.phone/com.android.services.telephony.TelephonyConnectionService}, 89860619140006530925, UserHandle{0} registered intent as user: TSI.rPA@ABY
01-01 08:00:33.456   599   895 V Telecom : Logging: CREATE_SUBSESSION (Invisible subsession): TSI.rPA@ABY
01-01 08:00:33.456   599   895 V Telecom : Logging: CONTINUE_SUBSESSION (Invisible Subsession) with Method TSI.gSDP: TSI.rPA@ABY
01-01 08:00:33.456   599   895 V Telecom : Logging: END_SUBSESSION (Invisible Subsession) (dur: 0 ms): TSI.rPA@ABY
01-01 08:00:33.457   599   895 V Telecom : Logging: END_SUBSESSION (dur: 14 mS): TSI.rPA@ABY
01-01 08:00:33.457   599   895 D Telecom : Logging: END_SESSION (dur: 15 ms): TSI.rPA@ABY
01-01 08:00:33.457   854   854 I TelecomFramework: AccountEntry: Registered phoneAccount: [[ ] PhoneAccount: ComponentInfo{com.android.phone/com.android.services.telephony.TelephonyConnectionService}, 89860619140006530925, UserHandle{0} Capabilities: CallProvider MultiUser PlaceEmerg SimSub  Audio Routes: BESW Schemes: tel voicemail  Extras: Bundle[{android.telecom.extra.SUPPORTS_VIDEO_CALLING_FALLBACK=false, android.telecom.extra.SORT_ORDER=0}] GroupId: ] with handle: ComponentInfo{com.android.phone/com.android.services.telephony.TelephonyConnectionService}, 89860619140006530925, UserHandle{0}
01-01 08:00:33.458   854   854 I TelecomFramework: PstnIncomingCallNotifier: Registering: Handler (com.android.internal.telephony.GsmCdmaPhone) {c016a2c}
01-01 08:00:33.458   854   854 D TelecomFramework: PstnPhoneCapabilitiesNotifier: Registering: Handler (com.android.internal.telephony.GsmCdmaPhone) {c016a2c}
01-01 08:00:33.458   854   854 D TelecomFramework: TelecomAccountRegistry: Phone with subscription id -3
01-01 08:00:33.460   599   895 D Telecom : Logging: START_SESSION
01-01 08:00:33.463   599   895 V Telecom : Logging: CREATE_SUBSESSION (Invisible subsession): TSI.gCCPA@ABc
01-01 08:00:33.463   599   895 V Telecom : Logging: CONTINUE_SUBSESSION (Invisible Subsession) with Method TSI.gSDP: TSI.gCCPA@ABc
01-01 08:00:33.463   599   895 V Telecom : Logging: END_SUBSESSION (Invisible Subsession) (dur: 0 ms): TSI.gCCPA@ABc
01-01 08:00:33.464   599   895 W Telecom : PhoneAccountRegistrar: getPhoneAccounts, mState.accounts.size=2: TSI.gCCPA@ABc
01-01 08:00:33.464   599   895 V Telecom : Logging: END_SUBSESSION (dur: 4 mS): TSI.gCCPA@ABc
01-01 08:00:33.464   599   895 D Telecom : Logging: END_SESSION (dur: 4 ms): TSI.gCCPA@ABc
01-01 08:00:33.465   854   854 I TelecomFramework: TelecomAccountRegistry: Unregistering phone account ComponentInfo{com.android.phone/com.android.services.telephony.TelephonyConnectionService}, E, UserHandle{0}.
01-01 08:00:33.467   599   895 D Telecom : Logging: START_SESSION
01-01 08:00:33.471   599   895 I Telecom : CallsManager: Sending phone-account ComponentInfo{com.android.phone/com.android.services.telephony.TelephonyConnectionService}, E, UserHandle{0} unregistered intent as user: TSI.uPA@ABg
01-01 08:00:33.473   599   895 V Telecom : Logging: CREATE_SUBSESSION (Invisible subsession): TSI.uPA@ABg
01-01 08:00:33.473   599   895 V Telecom : Logging: CONTINUE_SUBSESSION (Invisible Subsession) with Method TSI.gSDP: TSI.uPA@ABg
01-01 08:00:33.473   599   895 V Telecom : Logging: END_SUBSESSION (Invisible Subsession) (dur: 0 ms): TSI.uPA@ABg
01-01 08:00:33.474   599   895 V Telecom : Logging: END_SUBSESSION (dur: 7 mS): TSI.uPA@ABg
01-01 08:00:33.474   599   895 D Telecom : Logging: END_SESSION (dur: 7 ms): TSI.uPA@ABg
01-01 08:00:33.475   599   895 D Telecom : Logging: START_SESSION
01-01 08:00:33.476   599   895 V Telecom : Logging: END_SUBSESSION (dur: 0 mS): TSI.gUSOPA@ABk
01-01 08:00:33.476   599   895 D Telecom : Logging: END_SESSION (dur: 0 ms): TSI.gUSOPA@ABk
01-01 08:00:33.489   854   854 I TelecomFramework: PstnIncomingCallNotifier: Unregistering: Handler (com.android.internal.telephony.GsmCdmaPhone) {c016a2c}
01-01 08:00:33.489   854   854 D TelecomFramework: PstnPhoneCapabilitiesNotifier: Unregistering: Handler (com.android.internal.telephony.GsmCdmaPhone) {c016a2c}
01-01 08:00:33.489   854   854 D TelecomFramework: TelecomAccountRegistry: Found 2 phones.  Attempting to register.
01-01 08:00:33.490   854   854 D TelecomFramework: TelecomAccountRegistry: Phone with subscription id 1
01-01 08:00:33.506   599   895 D Telecom : Logging: START_SESSION
01-01 08:00:33.507   599   895 D Telecom : PhoneAccountRegistrar: addOrReplacePhoneAccount(ComponentInfo{com.android.phone/com.android.services.telephony.TelephonyConnectionService}, 89860619140006530925, UserHandle{0} -> [[ ] PhoneAccount: ComponentInfo{com.android.phone/com.android.services.telephony.TelephonyConnectionService}, 89860619140006530925, UserHandle{0} Capabilities: CallProvider MultiUser PlaceEmerg SimSub  Audio Routes: BESW Schemes: tel voicemail  Extras: Bundle[mParcelledData.dataSize=208] GroupId: ]): TSI.rPA@ABo
01-01 08:00:33.507   599   895 I Telecom : PhoneAccountRegistrar: Modify account: [ComponentInfo{com.android.phone/com.android.services.telephony.TelephonyConnectionService}, 89860619140006530925, UserHandle{0}]: TSI.rPA@ABo
01-01 08:00:33.507   599   895 W Telecom : PhoneAccountRegistrar: addOrReplacePhoneAccount, will add account[[ ] PhoneAccount: ComponentInfo{com.android.phone/com.android.services.telephony.TelephonyConnectionService}, 89860619140006530925, UserHandle{0} Capabilities: CallProvider MultiUser PlaceEmerg SimSub  Audio Routes: BESW Schemes: tel voicemail  Extras: Bundle[mParcelledData.dataSize=208] GroupId: ]: TSI.rPA@ABo
01-01 08:00:33.507   599   895 V Telecom : PhoneAccountRegistrar: maybeReplaceOldAccount: Not replacing PhoneAccount, no group Id or default.: TSI.rPA@ABo
01-01 08:00:33.509   599   895 V Telecom : Logging: END_SUBSESSION (dur: 3 mS): TSI.rPA@ABo
01-01 08:00:33.509   599   895 D Telecom : Logging: END_SESSION (dur: 3 ms): TSI.rPA@ABo
01-01 08:00:33.511   854   854 I TelecomFramework: AccountEntry: Registered phoneAccount: [[ ] PhoneAccount: ComponentInfo{com.android.phone/com.android.services.telephony.TelephonyConnectionService}, 89860619140006530925, UserHandle{0} Capabilities: CallProvider MultiUser PlaceEmerg SimSub  Audio Routes: BESW Schemes: tel voicemail  Extras: Bundle[{android.telecom.extra.SUPPORTS_VIDEO_CALLING_FALLBACK=false, android.telecom.extra.SORT_ORDER=0}] GroupId: ] with handle: ComponentInfo{com.android.phone/com.android.services.telephony.TelephonyConnectionService}, 89860619140006530925, UserHandle{0}
01-01 08:00:33.511   854   854 I TelecomFramework: PstnIncomingCallNotifier: Registering: Handler (com.android.internal.telephony.GsmCdmaPhone) {c016a2c}
01-01 08:00:33.512   854   854 D TelecomFramework: PstnPhoneCapabilitiesNotifier: Registering: Handler (com.android.internal.telephony.GsmCdmaPhone) {c016a2c}
01-01 08:00:33.512   854   854 D TelecomFramework: TelecomAccountRegistry: Phone with subscription id -3
01-01 08:00:33.514   599   895 D Telecom : Logging: START_SESSION
01-01 08:00:33.516   599   895 V Telecom : Logging: CREATE_SUBSESSION (Invisible subsession): TSI.gCCPA@ABs
01-01 08:00:33.516   599   895 V Telecom : Logging: CONTINUE_SUBSESSION (Invisible Subsession) with Method TSI.gSDP: TSI.gCCPA@ABs
01-01 08:00:33.516   599   895 V Telecom : Logging: END_SUBSESSION (Invisible Subsession) (dur: 0 ms): TSI.gCCPA@ABs
01-01 08:00:33.517   599   895 W Telecom : PhoneAccountRegistrar: getPhoneAccounts, mState.accounts.size=1: TSI.gCCPA@ABs
01-01 08:00:33.517   599   895 V Telecom : Logging: END_SUBSESSION (dur: 3 mS): TSI.gCCPA@ABs
01-01 08:00:33.517   599   895 D Telecom : Logging: END_SESSION (dur: 3 ms): TSI.gCCPA@ABs
01-01 08:00:33.519   599   895 D Telecom : Logging: START_SESSION
01-01 08:00:33.519   599   895 V Telecom : Logging: END_SUBSESSION (dur: 0 mS): TSI.gUSOPA@ABw
01-01 08:00:33.519   599   895 D Telecom : Logging: END_SESSION (dur: 0 ms): TSI.gUSOPA@ABw
01-01 08:00:33.532   854   854 I TelecomFramework: PstnIncomingCallNotifier: Unregistering: Handler (com.android.internal.telephony.GsmCdmaPhone) {c016a2c}
01-01 08:00:33.532   854   854 D TelecomFramework: PstnPhoneCapabilitiesNotifier: Unregistering: Handler (com.android.internal.telephony.GsmCdmaPhone) {c016a2c}
01-01 08:00:33.532   854   854 D TelecomFramework: TelecomAccountRegistry: Found 2 phones.  Attempting to register.
01-01 08:00:33.532   854   854 D TelecomFramework: TelecomAccountRegistry: Phone with subscription id 1
01-01 08:00:33.551   599   658 D Telecom : Logging: START_SESSION
01-01 08:00:33.551   599   658 D Telecom : PhoneAccountRegistrar: addOrReplacePhoneAccount(ComponentInfo{com.android.phone/com.android.services.telephony.TelephonyConnectionService}, 89860619140006530925, UserHandle{0} -> [[ ] PhoneAccount: ComponentInfo{com.android.phone/com.android.services.telephony.TelephonyConnectionService}, 89860619140006530925, UserHandle{0} Capabilities: CallProvider MultiUser PlaceEmerg SimSub  Audio Routes: BESW Schemes: tel voicemail  Extras: Bundle[mParcelledData.dataSize=208] GroupId: ]): TSI.rPA@AB0
01-01 08:00:33.552   599   658 I Telecom : PhoneAccountRegistrar: Modify account: [ComponentInfo{com.android.phone/com.android.services.telephony.TelephonyConnectionService}, 89860619140006530925, UserHandle{0}]: TSI.rPA@AB0
01-01 08:00:33.552   599   658 W Telecom : PhoneAccountRegistrar: addOrReplacePhoneAccount, will add account[[ ] PhoneAccount: ComponentInfo{com.android.phone/com.android.services.telephony.TelephonyConnectionService}, 89860619140006530925, UserHandle{0} Capabilities: CallProvider MultiUser PlaceEmerg SimSub  Audio Routes: BESW Schemes: tel voicemail  Extras: Bundle[mParcelledData.dataSize=208] GroupId: ]: TSI.rPA@AB0
01-01 08:00:33.552   599   658 V Telecom : PhoneAccountRegistrar: maybeReplaceOldAccount: Not replacing PhoneAccount, no group Id or default.: TSI.rPA@AB0
01-01 08:00:33.554   599   658 V Telecom : Logging: END_SUBSESSION (dur: 3 mS): TSI.rPA@AB0
01-01 08:00:33.555   599   658 D Telecom : Logging: END_SESSION (dur: 3 ms): TSI.rPA@AB0
01-01 08:00:33.556   854   854 I TelecomFramework: AccountEntry: Registered phoneAccount: [[ ] PhoneAccount: ComponentInfo{com.android.phone/com.android.services.telephony.TelephonyConnectionService}, 89860619140006530925, UserHandle{0} Capabilities: CallProvider MultiUser PlaceEmerg SimSub  Audio Routes: BESW Schemes: tel voicemail  Extras: Bundle[{android.telecom.extra.SUPPORTS_VIDEO_CALLING_FALLBACK=false, android.telecom.extra.SORT_ORDER=0}] GroupId: ] with handle: ComponentInfo{com.android.phone/com.android.services.telephony.TelephonyConnectionService}, 89860619140006530925, UserHandle{0}
01-01 08:00:33.556   854   854 I TelecomFramework: PstnIncomingCallNotifier: Registering: Handler (com.android.internal.telephony.GsmCdmaPhone) {c016a2c}
01-01 08:00:33.556   854   854 D TelecomFramework: PstnPhoneCapabilitiesNotifier: Registering: Handler (com.android.internal.telephony.GsmCdmaPhone) {c016a2c}
01-01 08:00:33.556   854   854 D TelecomFramework: TelecomAccountRegistry: Phone with subscription id -3
01-01 08:00:33.558   599   658 D Telecom : Logging: START_SESSION
01-01 08:00:33.560   599   658 V Telecom : Logging: CREATE_SUBSESSION (Invisible subsession): TSI.gCCPA@AB4
01-01 08:00:33.560   599   658 V Telecom : Logging: CONTINUE_SUBSESSION (Invisible Subsession) with Method TSI.gSDP: TSI.gCCPA@AB4
01-01 08:00:33.560   599   658 V Telecom : Logging: END_SUBSESSION (Invisible Subsession) (dur: 0 ms): TSI.gCCPA@AB4
01-01 08:00:33.561   599   658 W Telecom : PhoneAccountRegistrar: getPhoneAccounts, mState.accounts.size=1: TSI.gCCPA@AB4
01-01 08:00:33.566   599   658 V Telecom : Logging: END_SUBSESSION (dur: 8 mS): TSI.gCCPA@AB4
01-01 08:00:33.566   599   658 D Telecom : Logging: END_SESSION (dur: 8 ms): TSI.gCCPA@AB4
01-01 08:00:33.568   599   658 D Telecom : Logging: START_SESSION
01-01 08:00:33.569   599   658 V Telecom : Logging: END_SUBSESSION (dur: 1 mS): TSI.gUSOPA@AB8
01-01 08:00:33.569   599   658 D Telecom : Logging: END_SESSION (dur: 1 ms): TSI.gUSOPA@AB8
01-01 08:00:33.578   854   854 I TelecomFramework: PstnIncomingCallNotifier: Unregistering: Handler (com.android.internal.telephony.GsmCdmaPhone) {c016a2c}
01-01 08:00:33.578   854   854 D TelecomFramework: PstnPhoneCapabilitiesNotifier: Unregistering: Handler (com.android.internal.telephony.GsmCdmaPhone) {c016a2c}
01-01 08:00:33.578   854   854 D TelecomFramework: TelecomAccountRegistry: Found 2 phones.  Attempting to register.
01-01 08:00:33.579   854   854 D TelecomFramework: TelecomAccountRegistry: Phone with subscription id 1
01-01 08:00:33.597   599   658 D Telecom : Logging: START_SESSION
01-01 08:00:33.598   599   658 D Telecom : PhoneAccountRegistrar: addOrReplacePhoneAccount(ComponentInfo{com.android.phone/com.android.services.telephony.TelephonyConnectionService}, 89860619140006530925, UserHandle{0} -> [[ ] PhoneAccount: ComponentInfo{com.android.phone/com.android.services.telephony.TelephonyConnectionService}, 89860619140006530925, UserHandle{0} Capabilities: CallProvider MultiUser PlaceEmerg SimSub  Audio Routes: BESW Schemes: tel voicemail  Extras: Bundle[mParcelledData.dataSize=208] GroupId: ]): TSI.rPA@ACA
