04-22 16:40:46.232  1272  1396 V FaceRecognizeThread_YUV: thread end,thread=Thread-17
04-22 16:40:46.233  1272  1396 V FaceRecognizeThread_YUV: in while,thread=Thread-17
04-22 16:40:46.253  1272  1396 V FaceRecognizeThread_YUV: thread end,thread=Thread-17
04-22 16:40:46.253  1272  1396 V FaceRecognizeThread_YUV: in while,thread=Thread-17
04-22 16:40:46.274  1272  1396 V FaceRecognizeThread_YUV: thread end,thread=Thread-17
04-22 16:40:46.274  1272  1396 V FaceRecognizeThread_YUV: in while,thread=Thread-17
04-22 16:40:46.295  1272  1396 V FaceRecognizeThread_YUV: thread end,thread=Thread-17
04-22 16:40:46.295  1272  1396 V FaceRecognizeThread_YUV: in while,thread=Thread-17
04-22 16:40:46.316  1272  1396 V FaceRecognizeThread_YUV: thread end,thread=Thread-17
04-22 16:40:46.316  1272  1396 V FaceRecognizeThread_YUV: in while,thread=Thread-17
04-22 16:40:46.337  1272  1396 V FaceRecognizeThread_YUV: thread end,thread=Thread-17
04-22 16:40:46.337  1272  1396 V FaceRecognizeThread_YUV: in while,thread=Thread-17
04-22 16:40:46.358  1272  1396 V FaceRecognizeThread_YUV: thread end,thread=Thread-17
04-22 16:40:46.358  1272  1396 V FaceRecognizeThread_YUV: in while,thread=Thread-17
04-22 16:40:46.379  1272  1396 V FaceRecognizeThread_YUV: thread end,thread=Thread-17
04-22 16:40:46.379  1272  1396 V FaceRecognizeThread_YUV: in while,thread=Thread-17
04-22 16:40:46.400  1272  1396 V FaceRecognizeThread_YUV: thread end,thread=Thread-17
04-22 16:40:46.400  1272  1396 V FaceRecognizeThread_YUV: in while,thread=Thread-17
04-22 16:40:46.421  1272  1396 V FaceRecognizeThread_YUV: thread end,thread=Thread-17
04-22 16:40:46.421  1272  1396 V FaceRecognizeThread_YUV: in while,thread=Thread-17
04-22 16:40:46.442  1272  1396 V FaceRecognizeThread_YUV: thread end,thread=Thread-17
04-22 16:40:46.442  1272  1396 V FaceRecognizeThread_YUV: in while,thread=Thread-17
04-22 16:40:46.463  1272  1396 V FaceRecognizeThread_YUV: thread end,thread=Thread-17
04-22 16:40:46.463  1272  1396 V FaceRecognizeThread_YUV: in while,thread=Thread-17
04-22 16:40:46.484  1272  1396 V FaceRecognizeThread_YUV: thread end,thread=Thread-17
04-22 16:40:46.484  1272  1396 V FaceRecognizeThread_YUV: in while,thread=Thread-17
04-22 16:40:46.504  1272  1396 V FaceRecognizeThread_YUV: thread end,thread=Thread-17
04-22 16:40:46.505  1272  1396 V FaceRecognizeThread_YUV: in while,thread=Thread-17
04-22 16:40:46.525  1272  1396 V FaceRecognizeThread_YUV: thread end,thread=Thread-17
04-22 16:40:46.526  1272  1396 V FaceRecognizeThread_YUV: in while,thread=Thread-17
04-22 16:40:46.546  1272  1396 V FaceRecognizeThread_YUV: thread end,thread=Thread-17
04-22 16:40:46.546  1272  1396 V FaceRecognizeThread_YUV: in while,thread=Thread-17
04-22 16:40:46.567  1272  1396 V FaceRecognizeThread_YUV: thread end,thread=Thread-17
04-22 16:40:46.568  1272  1396 V FaceRecognizeThread_YUV: in while,thread=Thread-17
04-22 16:40:46.588  1272  1396 V FaceRecognizeThread_YUV: thread end,thread=Thread-17
04-22 16:40:46.588  1272  1396 V FaceRecognizeThread_YUV: in while,thread=Thread-17
04-22 16:40:46.609  1272  1396 V FaceRecognizeThread_YUV: thread end,thread=Thread-17
04-22 16:40:46.609  1272  1396 V FaceRecognizeThread_YUV: in while,thread=Thread-17
04-22 16:40:46.630  1272  1396 V FaceRecognizeThread_YUV: thread end,thread=Thread-17
04-22 16:40:46.630  1272  1396 V FaceRecognizeThread_YUV: in while,thread=Thread-17
04-22 16:40:46.651  1272  1396 V FaceRecognizeThread_YUV: thread end,thread=Thread-17
04-22 16:40:46.651  1272  1396 V FaceRecognizeThread_YUV: in while,thread=Thread-17
04-22 16:40:46.671  1272  1294 D CrashReport: end!
04-22 16:40:46.671  1272  1294 D CrashReport: anr handler onThreadBlock proc state is unvisiable!
04-22 16:40:46.671  1272  1294 W CrashReport: although thread is blocked ,may not be anr error,so restore handler check wait time and restart check main thread
04-22 16:40:46.671  1272  1294 W CrashReport: scheduleCheckBlock fail as main thread is blocked.
04-22 16:40:46.672  1272  1396 V FaceRecognizeThread_YUV: thread end,thread=Thread-17
04-22 16:40:46.672  1272  1396 V FaceRecognizeThread_YUV: in while,thread=Thread-17
04-22 16:40:46.693  1272  1396 V FaceRecognizeThread_YUV: thread end,thread=Thread-17
04-22 16:40:46.693  1272  1396 V FaceRecognizeThread_YUV: in while,thread=Thread-17
04-22 16:40:46.713  1272  1396 V FaceRecognizeThread_YUV: thread end,thread=Thread-17
04-22 16:40:46.714  1272  1396 V FaceRecognizeThread_YUV: in while,thread=Thread-17
04-22 16:40:46.734  1272  1396 V FaceRecognizeThread_YUV: thread end,thread=Thread-17
04-22 16:40:46.734  1272  1396 V FaceRecognizeThread_YUV: in while,thread=Thread-17
04-22 16:40:46.755  1272  1396 V FaceRecognizeThread_YUV: thread end,thread=Thread-17
04-22 16:40:46.756  1272  1396 V FaceRecognizeThread_YUV: in while,thread=Thread-17
04-22 16:40:46.777  1272  1396 V FaceRecognizeThread_YUV: thread end,thread=Thread-17
04-22 16:40:46.777  1272  1396 V FaceRecognizeThread_YUV: in while,thread=Thread-17
04-22 16:40:46.798  1272  1396 V FaceRecognizeThread_YUV: thread end,thread=Thread-17
04-22 16:40:46.798  1272  1396 V FaceRecognizeThread_YUV: in while,thread=Thread-17
04-22 16:40:46.818  1272  1396 V FaceRecognizeThread_YUV: thread end,thread=Thread-17
04-22 16:40:46.819  1272  1396 V FaceRecognizeThread_YUV: in while,thread=Thread-17
04-22 16:40:46.839  1272  1396 V FaceRecognizeThread_YUV: thread end,thread=Thread-17
04-22 16:40:46.840  1272  1396 V FaceRecognizeThread_YUV: in while,thread=Thread-17
04-22 16:40:46.860  1272  1396 V FaceRecognizeThread_YUV: thread end,thread=Thread-17
04-22 16:40:46.860  1272  1396 V FaceRecognizeThread_YUV: in while,thread=Thread-17
04-22 16:40:46.881  1272  1396 V FaceRecognizeThread_YUV: thread end,thread=Thread-17
04-22 16:40:46.881  1272  1396 V FaceRecognizeThread_YUV: in while,thread=Thread-17
04-22 16:40:46.902  1272  1396 V FaceRecognizeThread_YUV: thread end,thread=Thread-17
04-22 16:40:46.902  1272  1396 V FaceRecognizeThread_YUV: in while,thread=Thread-17
04-22 16:40:46.922  1272  1396 V FaceRecognizeThread_YUV: thread end,thread=Thread-17
04-22 16:40:46.923  1272  1396 V FaceRecognizeThread_YUV: in while,thread=Thread-17
04-22 16:40:46.943  1272  1396 V FaceRecognizeThread_YUV: thread end,thread=Thread-17
04-22 16:40:46.944  1272  1396 V FaceRecognizeThread_YUV: in while,thread=Thread-17
04-22 16:40:46.964  1272  1396 V FaceRecognizeThread_YUV: thread end,thread=Thread-17
04-22 16:40:46.964  1272  1396 V FaceRecognizeThread_YUV: in while,thread=Thread-17
04-22 16:40:46.985  1272  1396 V FaceRecognizeThread_YUV: thread end,thread=Thread-17
04-22 16:40:46.985  1272  1396 V FaceRecognizeThread_YUV: in while,thread=Thread-17
04-22 16:40:47.006  1272  1396 V FaceRecognizeThread_YUV: thread end,thread=Thread-17
04-22 16:40:47.006  1272  1396 V FaceRecognizeThread_YUV: in while,thread=Thread-17
04-22 16:40:47.027  1272  1396 V FaceRecognizeThread_YUV: thread end,thread=Thread-17
04-22 16:40:47.027  1272  1396 V FaceRecognizeThread_YUV: in while,thread=Thread-17
04-22 16:40:47.048  1272  1396 V FaceRecognizeThread_YUV: thread end,thread=Thread-17
04-22 16:40:47.048  1272  1396 V FaceRecognizeThread_YUV: in while,thread=Thread-17
04-22 16:40:47.069  1272  1396 V FaceRecognizeThread_YUV: thread end,thread=Thread-17
04-22 16:40:47.069  1272  1396 V FaceRecognizeThread_YUV: in while,thread=Thread-17
04-22 16:40:47.089  1272  1396 V FaceRecognizeThread_YUV: thread end,thread=Thread-17
04-22 16:40:47.090  1272  1396 V FaceRecognizeThread_YUV: in while,thread=Thread-17
04-22 16:40:47.110  1272  1396 V FaceRecognizeThread_YUV: thread end,thread=Thread-17
04-22 16:40:47.110  1272  1396 V FaceRecognizeThread_YUV: in while,thread=Thread-17
04-22 16:40:47.131  1272  1396 V FaceRecognizeThread_YUV: thread end,thread=Thread-17
04-22 16:40:47.132  1272  1396 V FaceRecognizeThread_YUV: in while,thread=Thread-17
04-22 16:40:47.152  1272  1396 V FaceRecognizeThread_YUV: thread end,thread=Thread-17
04-22 16:40:47.152  1272  1396 V FaceRecognizeThread_YUV: in while,thread=Thread-17
04-22 16:40:47.173  1272  1396 V FaceRecognizeThread_YUV: thread end,thread=Thread-17
04-22 16:40:47.173  1272  1396 V FaceRecognizeThread_YUV: in while,thread=Thread-17
04-22 16:40:47.194  1272  1396 V FaceRecognizeThread_YUV: thread end,thread=Thread-17
04-22 16:40:47.194  1272  1396 V FaceRecognizeThread_YUV: in while,thread=Thread-17
04-22 16:40:47.215  1272  1396 V FaceRecognizeThread_YUV: thread end,thread=Thread-17
04-22 16:40:47.215  1272  1396 V FaceRecognizeThread_YUV: in while,thread=Thread-17
04-22 16:40:47.236  1272  1396 V FaceRecognizeThread_YUV: thread end,thread=Thread-17
04-22 16:40:47.236  1272  1396 V FaceRecognizeThread_YUV: in while,thread=Thread-17
04-22 16:40:47.256  1272  1396 V FaceRecognizeThread_YUV: thread end,thread=Thread-17
04-22 16:40:47.257  1272  1396 V FaceRecognizeThread_YUV: in while,thread=Thread-17
04-22 16:40:47.277  1272  1396 V FaceRecognizeThread_YUV: thread end,thread=Thread-17
04-22 16:40:47.278  1272  1396 V FaceRecognizeThread_YUV: in while,thread=Thread-17
04-22 16:40:47.298  1272  1396 V FaceRecognizeThread_YUV: thread end,thread=Thread-17
04-22 16:40:47.298  1272  1396 V FaceRecognizeThread_YUV: in while,thread=Thread-17
04-22 16:40:47.319  1272  1396 V FaceRecognizeThread_YUV: thread end,thread=Thread-17
04-22 16:40:47.319  1272  1396 V FaceRecognizeThread_YUV: in while,thread=Thread-17
04-22 16:40:47.340  1272  1396 V FaceRecognizeThread_YUV: thread end,thread=Thread-17
04-22 16:40:47.340  1272  1396 V FaceRecognizeThread_YUV: in while,thread=Thread-17
04-22 16:40:47.360  1272  1396 V FaceRecognizeThread_YUV: thread end,thread=Thread-17
04-22 16:40:47.360  1272  1396 V FaceRecognizeThread_YUV: in while,thread=Thread-17
04-22 16:40:47.381  1272  1396 V FaceRecognizeThread_YUV: thread end,thread=Thread-17
04-22 16:40:47.381  1272  1396 V FaceRecognizeThread_YUV: in while,thread=Thread-17
04-22 16:40:47.402  1272  1396 V FaceRecognizeThread_YUV: thread end,thread=Thread-17
04-22 16:40:47.402  1272  1396 V FaceRecognizeThread_YUV: in while,thread=Thread-17
04-22 16:40:47.423  1272  1396 V FaceRecognizeThread_YUV: thread end,thread=Thread-17
04-22 16:40:47.423  1272  1396 V FaceRecognizeThread_YUV: in while,thread=Thread-17
04-22 16:40:47.444  1272  1396 V FaceRecognizeThread_YUV: thread end,thread=Thread-17
04-22 16:40:47.444  1272  1396 V FaceRecognizeThread_YUV: in while,thread=Thread-17
04-22 16:40:47.465  1272  1396 V FaceRecognizeThread_YUV: thread end,thread=Thread-17
04-22 16:40:47.465  1272  1396 V FaceRecognizeThread_YUV: in while,thread=Thread-17
04-22 16:40:47.486  1272  1396 V FaceRecognizeThread_YUV: thread end,thread=Thread-17
04-22 16:40:47.486  1272  1396 V FaceRecognizeThread_YUV: in while,thread=Thread-17
04-22 16:40:47.507  1272  1396 V FaceRecognizeThread_YUV: thread end,thread=Thread-17
04-22 16:40:47.507  1272  1396 V FaceRecognizeThread_YUV: in while,thread=Thread-17
04-22 16:40:47.528  1272  1396 V FaceRecognizeThread_YUV: thread end,thread=Thread-17
04-22 16:40:47.528  1272  1396 V FaceRecognizeThread_YUV: in while,thread=Thread-17
04-22 16:40:47.549  1272  1396 V FaceRecognizeThread_YUV: thread end,thread=Thread-17
04-22 16:40:47.549  1272  1396 V FaceRecognizeThread_YUV: in while,thread=Thread-17
04-22 16:40:47.570  1272  1396 V FaceRecognizeThread_YUV: thread end,thread=Thread-17
04-22 16:40:47.570  1272  1396 V FaceRecognizeThread_YUV: in while,thread=Thread-17
04-22 16:40:47.591  1272  1396 V FaceRecognizeThread_YUV: thread end,thread=Thread-17
04-22 16:40:47.591  1272  1396 V FaceRecognizeThread_YUV: in while,thread=Thread-17
04-22 16:40:47.611  1272  1396 V FaceRecognizeThread_YUV: thread end,thread=Thread-17
04-22 16:40:47.612  1272  1396 V FaceRecognizeThread_YUV: in while,thread=Thread-17
04-22 16:40:47.632  1272  1396 V FaceRecognizeThread_YUV: thread end,thread=Thread-17
04-22 16:40:47.632  1272  1396 V FaceRecognizeThread_YUV: in while,thread=Thread-17
04-22 16:40:47.653  1272  1396 V FaceRecognizeThread_YUV: thread end,thread=Thread-17
04-22 16:40:47.653  1272  1396 V FaceRecognizeThread_YUV: in while,thread=Thread-17
04-22 16:40:47.674  1272  1396 V FaceRecognizeThread_YUV: thread end,thread=Thread-17
04-22 16:40:47.674  1272  1396 V FaceRecognizeThread_YUV: in while,thread=Thread-17
04-22 16:40:47.695  1272  1396 V FaceRecognizeThread_YUV: thread end,thread=Thread-17
04-22 16:40:47.695  1272  1396 V FaceRecognizeThread_YUV: in while,thread=Thread-17
04-22 16:40:47.715  1272  1396 V FaceRecognizeThread_YUV: thread end,thread=Thread-17
04-22 16:40:47.716  1272  1396 V FaceRecognizeThread_YUV: in while,thread=Thread-17
04-22 16:40:47.736  1272  1396 V FaceRecognizeThread_YUV: thread end,thread=Thread-17
04-22 16:40:47.736  1272  1396 V FaceRecognizeThread_YUV: in while,thread=Thread-17
04-22 16:40:47.757  1272  1396 V FaceRecognizeThread_YUV: thread end,thread=Thread-17
04-22 16:40:47.757  1272  1396 V FaceRecognizeThread_YUV: in while,thread=Thread-17
04-22 16:40:47.778  1272  1396 V FaceRecognizeThread_YUV: thread end,thread=Thread-17
04-22 16:40:47.778  1272  1396 V FaceRecognizeThread_YUV: in while,thread=Thread-17
04-22 16:40:47.799  1272  1396 V FaceRecognizeThread_YUV: thread end,thread=Thread-17
04-22 16:40:47.799  1272  1396 V FaceRecognizeThread_YUV: in while,thread=Thread-17
04-22 16:40:47.820  1272  1396 V FaceRecognizeThread_YUV: thread end,thread=Thread-17
04-22 16:40:47.820  1272  1396 V FaceRecognizeThread_YUV: in while,thread=Thread-17
04-22 16:40:47.841  1272  1396 V FaceRecognizeThread_YUV: thread end,thread=Thread-17
04-22 16:40:47.841  1272  1396 V FaceRecognizeThread_YUV: in while,thread=Thread-17
04-22 16:40:47.861  1272  1396 V FaceRecognizeThread_YUV: thread end,thread=Thread-17
04-22 16:40:47.862  1272  1396 V FaceRecognizeThread_YUV: in while,thread=Thread-17
04-22 16:40:47.882  1272  1396 V FaceRecognizeThread_YUV: thread end,thread=Thread-17
04-22 16:40:47.882  1272  1396 V FaceRecognizeThread_YUV: in while,thread=Thread-17
04-22 16:40:47.903  1272  1396 V FaceRecognizeThread_YUV: thread end,thread=Thread-17
04-22 16:40:47.903  1272  1396 V FaceRecognizeThread_YUV: in while,thread=Thread-17
04-22 16:40:47.924  1272  1396 V FaceRecognizeThread_YUV: thread end,thread=Thread-17
04-22 16:40:47.924  1272  1396 V FaceRecognizeThread_YUV: in while,thread=Thread-17
04-22 16:40:47.945  1272  1396 V FaceRecognizeThread_YUV: thread end,thread=Thread-17
04-22 16:40:47.945  1272  1396 V FaceRecognizeThread_YUV: in while,thread=Thread-17
04-22 16:40:47.966  1272  1396 V FaceRecognizeThread_YUV: thread end,thread=Thread-17
04-22 16:40:47.966  1272  1396 V FaceRecognizeThread_YUV: in while,thread=Thread-17
04-22 16:40:47.987  1272  1396 V FaceRecognizeThread_YUV: thread end,thread=Thread-17
04-22 16:40:47.987  1272  1396 V FaceRecognizeThread_YUV: in while,thread=Thread-17
04-22 16:40:48.008  1272  1396 V FaceRecognizeThread_YUV: thread end,thread=Thread-17
04-22 16:40:48.008  1272  1396 V FaceRecognizeThread_YUV: in while,thread=Thread-17
04-22 16:40:48.028  1272  1396 V FaceRecognizeThread_YUV: thread end,thread=Thread-17
04-22 16:40:48.029  1272  1396 V FaceRecognizeThread_YUV: in while,thread=Thread-17
04-22 16:40:48.049  1272  1396 V FaceRecognizeThread_YUV: thread end,thread=Thread-17
04-22 16:40:48.049  1272  1396 V FaceRecognizeThread_YUV: in while,thread=Thread-17
04-22 16:40:48.070  1272  1396 V FaceRecognizeThread_YUV: thread end,thread=Thread-17
04-22 16:40:48.070  1272  1396 V FaceRecognizeThread_YUV: in while,thread=Thread-17
04-22 16:40:48.095  1272  1396 V FaceRecognizeThread_YUV: thread end,thread=Thread-17
04-22 16:40:48.096  1272  1396 V FaceRecognizeThread_YUV: in while,thread=Thread-17
04-22 16:40:48.116  1272  1396 V FaceRecognizeThread_YUV: thread end,thread=Thread-17
04-22 16:40:48.116  1272  1396 V FaceRecognizeThread_YUV: in while,thread=Thread-17
04-22 16:40:48.137  1272  1396 V FaceRecognizeThread_YUV: thread end,thread=Thread-17
04-22 16:40:48.137  1272  1396 V FaceRecognizeThread_YUV: in while,thread=Thread-17
04-22 16:40:48.158  1272  1396 V FaceRecognizeThread_YUV: thread end,thread=Thread-17
04-22 16:40:48.158  1272  1396 V FaceRecognizeThread_YUV: in while,thread=Thread-17
04-22 16:40:48.179  1272  1396 V FaceRecognizeThread_YUV: thread end,thread=Thread-17
04-22 16:40:48.179  1272  1396 V FaceRecognizeThread_YUV: in while,thread=Thread-17
04-22 16:40:48.200  1272  1396 V FaceRecognizeThread_YUV: thread end,thread=Thread-17
04-22 16:40:48.200  1272  1396 V FaceRecognizeThread_YUV: in while,thread=Thread-17
04-22 16:40:48.221  1272  1396 V FaceRecognizeThread_YUV: thread end,thread=Thread-17
04-22 16:40:48.221  1272  1396 V FaceRecognizeThread_YUV: in while,thread=Thread-17
04-22 16:40:48.245  1272  1396 V FaceRecognizeThread_YUV: thread end,thread=Thread-17
04-22 16:40:48.245  1272  1396 V FaceRecognizeThread_YUV: in while,thread=Thread-17
04-22 16:40:48.266  1272  1396 V FaceRecognizeThread_YUV: thread end,thread=Thread-17
04-22 16:40:48.266  1272  1396 V FaceRecognizeThread_YUV: in while,thread=Thread-17
04-22 16:40:48.286  1272  1396 V FaceRecognizeThread_YUV: thread end,thread=Thread-17
04-22 16:40:48.286  1272  1396 V FaceRecognizeThread_YUV: in while,thread=Thread-17
04-22 16:40:48.308  1272  1396 V FaceRecognizeThread_YUV: thread end,thread=Thread-17
04-22 16:40:48.308  1272  1396 V FaceRecognizeThread_YUV: in while,thread=Thread-17
04-22 16:40:48.329  1272  1396 V FaceRecognizeThread_YUV: thread end,thread=Thread-17
04-22 16:40:48.329  1272  1396 V FaceRecognizeThread_YUV: in while,thread=Thread-17
04-22 16:40:48.350  1272  1396 V FaceRecognizeThread_YUV: thread end,thread=Thread-17
04-22 16:40:48.350  1272  1396 V FaceRecognizeThread_YUV: in while,thread=Thread-17
04-22 16:40:48.371  1272  1396 V FaceRecognizeThread_YUV: thread end,thread=Thread-17
04-22 16:40:48.371  1272  1396 V FaceRecognizeThread_YUV: in while,thread=Thread-17
04-22 16:40:48.392  1272  1396 V FaceRecognizeThread_YUV: thread end,thread=Thread-17
04-22 16:40:48.392  1272  1396 V FaceRecognizeThread_YUV: in while,thread=Thread-17
04-22 16:40:48.413  1272  1396 V FaceRecognizeThread_YUV: thread end,thread=Thread-17
04-22 16:40:48.413  1272  1396 V FaceRecognizeThread_YUV: in while,thread=Thread-17
04-22 16:40:48.433  1272  1396 V FaceRecognizeThread_YUV: thread end,thread=Thread-17
04-22 16:40:48.433  1272  1396 V FaceRecognizeThread_YUV: in while,thread=Thread-17
04-22 16:40:48.454  1272  1396 V FaceRecognizeThread_YUV: thread end,thread=Thread-17
04-22 16:40:48.454  1272  1396 V FaceRecognizeThread_YUV: in while,thread=Thread-17
04-22 16:40:48.475  1272  1396 V FaceRecognizeThread_YUV: thread end,thread=Thread-17
04-22 16:40:48.475  1272  1396 V FaceRecognizeThread_YUV: in while,thread=Thread-17
04-22 16:40:48.496  1272  1396 V FaceRecognizeThread_YUV: thread end,thread=Thread-17
04-22 16:40:48.496  1272  1396 V FaceRecognizeThread_YUV: in while,thread=Thread-17
04-22 16:40:48.516  1272  1396 V FaceRecognizeThread_YUV: thread end,thread=Thread-17
04-22 16:40:48.516  1272  1396 V FaceRecognizeThread_YUV: in while,thread=Thread-17
04-22 16:40:48.537  1272  1396 V FaceRecognizeThread_YUV: thread end,thread=Thread-17
04-22 16:40:48.537  1272  1396 V FaceRecognizeThread_YUV: in while,thread=Thread-17
04-22 16:40:48.558  1272  1396 V FaceRecognizeThread_YUV: thread end,thread=Thread-17
04-22 16:40:48.558  1272  1396 V FaceRecognizeThread_YUV: in while,thread=Thread-17
04-22 16:40:48.579  1272  1396 V FaceRecognizeThread_YUV: thread end,thread=Thread-17
04-22 16:40:48.579  1272  1396 V FaceRecognizeThread_YUV: in while,thread=Thread-17
04-22 16:40:48.600  1272  1396 V FaceRecognizeThread_YUV: thread end,thread=Thread-17
04-22 16:40:48.600  1272  1396 V FaceRecognizeThread_YUV: in while,thread=Thread-17
04-22 16:40:48.621  1272  1396 V FaceRecognizeThread_YUV: thread end,thread=Thread-17
04-22 16:40:48.621  1272  1396 V FaceRecognizeThread_YUV: in while,thread=Thread-17
04-22 16:40:48.642  1272  1396 V FaceRecognizeThread_YUV: thread end,thread=Thread-17
04-22 16:40:48.642  1272  1396 V FaceRecognizeThread_YUV: in while,thread=Thread-17
04-22 16:40:48.662  1272  1396 V FaceRecognizeThread_YUV: thread end,thread=Thread-17
04-22 16:40:48.662  1272  1396 V FaceRecognizeThread_YUV: in while,thread=Thread-17
04-22 16:40:48.672  1272  1294 D CrashReport: main thread waitTime:5000
04-22 16:40:48.672  1272  1294 W CrashReport: to avoid upload block state repeated. as thread is blocked ,it may not be monitor until thread is unblock or this state has not been dealed with.
04-22 16:40:48.672  1272  1294 D CrashReport: to find!
04-22 16:40:48.672  1272  1294 D CrashReport: waiting!
04-22 16:40:48.683  1272  1396 V FaceRecognizeThread_YUV: thread end,thread=Thread-17
04-22 16:40:48.684  1272  1396 V FaceRecognizeThread_YUV: in while,thread=Thread-17
04-22 16:40:48.704  1272  1396 V FaceRecognizeThread_YUV: thread end,thread=Thread-17
04-22 16:40:48.704  1272  1396 V FaceRecognizeThread_YUV: in while,thread=Thread-17
04-22 16:40:48.725  1272  1396 V FaceRecognizeThread_YUV: thread end,thread=Thread-17
04-22 16:40:48.725  1272  1396 V FaceRecognizeThread_YUV: in while,thread=Thread-17
04-22 16:40:48.746  1272  1396 V FaceRecognizeThread_YUV: thread end,thread=Thread-17
04-22 16:40:48.746  1272  1396 V FaceRecognizeThread_YUV: in while,thread=Thread-17
04-22 16:40:48.767  1272  1396 V FaceRecognizeThread_YUV: thread end,thread=Thread-17
04-22 16:40:48.767  1272  1396 V FaceRecognizeThread_YUV: in while,thread=Thread-17
04-22 16:40:48.788  1272  1396 V FaceRecognizeThread_YUV: thread end,thread=Thread-17
04-22 16:40:48.788  1272  1396 V FaceRecognizeThread_YUV: in while,thread=Thread-17
04-22 16:40:48.808  1272  1396 V FaceRecognizeThread_YUV: thread end,thread=Thread-17
04-22 16:40:48.808  1272  1396 V FaceRecognizeThread_YUV: in while,thread=Thread-17
04-22 16:40:48.829  1272  1396 V FaceRecognizeThread_YUV: thread end,thread=Thread-17
04-22 16:40:48.829  1272  1396 V FaceRecognizeThread_YUV: in while,thread=Thread-17
04-22 16:40:48.850  1272  1396 V FaceRecognizeThread_YUV: thread end,thread=Thread-17
04-22 16:40:48.850  1272  1396 V FaceRecognizeThread_YUV: in while,thread=Thread-17
04-22 16:40:48.871  1272  1396 V FaceRecognizeThread_YUV: thread end,thread=Thread-17
04-22 16:40:48.871  1272  1396 V FaceRecognizeThread_YUV: in while,thread=Thread-17
04-22 16:40:48.892  1272  1396 V FaceRecognizeThread_YUV: thread end,thread=Thread-17
04-22 16:40:48.892  1272  1396 V FaceRecognizeThread_YUV: in while,thread=Thread-17
04-22 16:40:48.912  1272  1396 V FaceRecognizeThread_YUV: thread end,thread=Thread-17
04-22 16:40:48.912  1272  1396 V FaceRecognizeThread_YUV: in while,thread=Thread-17
04-22 16:40:48.933  1272  1396 V FaceRecognizeThread_YUV: thread end,thread=Thread-17
04-22 16:40:48.933  1272  1396 V FaceRecognizeThread_YUV: in while,thread=Thread-17
04-22 16:40:48.954  1272  1396 V FaceRecognizeThread_YUV: thread end,thread=Thread-17
04-22 16:40:48.954  1272  1396 V FaceRecognizeThread_YUV: in while,thread=Thread-17
04-22 16:40:48.963   599   620 W ActivityManager: Activity destroy timeout for ActivityRecord{376aa33 u0 com.unisound.vds/.MainActivity t138 f}
04-22 16:40:48.975  1272  1396 V FaceRecognizeThread_YUV: thread end,thread=Thread-17
04-22 16:40:48.975  1272  1396 V FaceRecognizeThread_YUV: in while,thread=Thread-17
04-22 16:40:48.996  1272  1396 V FaceRecognizeThread_YUV: thread end,thread=Thread-17
04-22 16:40:48.996  1272  1396 V FaceRecognizeThread_YUV: in while,thread=Thread-17
04-22 16:40:49.017  1272  1396 V FaceRecognizeThread_YUV: thread end,thread=Thread-17
04-22 16:40:49.017  1272  1396 V FaceRecognizeThread_YUV: in while,thread=Thread-17
04-22 16:40:49.038  1272  1396 V FaceRecognizeThread_YUV: thread end,thread=Thread-17
04-22 16:40:49.038  1272  1396 V FaceRecognizeThread_YUV: in while,thread=Thread-17
04-22 16:40:49.058  1272  1396 V FaceRecognizeThread_YUV: thread end,thread=Thread-17
04-22 16:40:49.059  1272  1396 V FaceRecognizeThread_YUV: in while,thread=Thread-17
04-22 16:40:49.079  1272  1396 V FaceRecognizeThread_YUV: thread end,thread=Thread-17
04-22 16:40:49.080  1272  1396 V FaceRecognizeThread_YUV: in while,thread=Thread-17
04-22 16:40:49.100  1272  1396 V FaceRecognizeThread_YUV: thread end,thread=Thread-17
04-22 16:40:49.100  1272  1396 V FaceRecognizeThread_YUV: in while,thread=Thread-17
04-22 16:40:49.121  1272  1396 V FaceRecognizeThread_YUV: thread end,thread=Thread-17
04-22 16:40:49.121  1272  1396 V FaceRecognizeThread_YUV: in while,thread=Thread-17
04-22 16:40:49.142  1272  1396 V FaceRecognizeThread_YUV: thread end,thread=Thread-17
04-22 16:40:49.142  1272  1396 V FaceRecognizeThread_YUV: in while,thread=Thread-17
04-22 16:40:49.163  1272  1396 V FaceRecognizeThread_YUV: thread end,thread=Thread-17
04-22 16:40:49.163  1272  1396 V FaceRecognizeThread_YUV: in while,thread=Thread-17
04-22 16:40:49.174  1272  1294 D CrashReport: waiting!
04-22 16:40:49.184  1272  1396 V FaceRecognizeThread_YUV: thread end,thread=Thread-17
04-22 16:40:49.184  1272  1396 V FaceRecognizeThread_YUV: in while,thread=Thread-17
04-22 16:40:49.205  1272  1396 V FaceRecognizeThread_YUV: thread end,thread=Thread-17
04-22 16:40:49.205  1272  1396 V FaceRecognizeThread_YUV: in while,thread=Thread-17
04-22 16:40:49.226  1272  1396 V FaceRecognizeThread_YUV: thread end,thread=Thread-17
04-22 16:40:49.226  1272  1396 V FaceRecognizeThread_YUV: in while,thread=Thread-17
04-22 16:40:49.247  1272  1396 V FaceRecognizeThread_YUV: thread end,thread=Thread-17
04-22 16:40:49.247  1272  1396 V FaceRecognizeThread_YUV: in while,thread=Thread-17
04-22 16:40:49.267  1272  1396 V FaceRecognizeThread_YUV: thread end,thread=Thread-17
04-22 16:40:49.268  1272  1396 V FaceRecognizeThread_YUV: in while,thread=Thread-17
04-22 16:40:49.288  1272  1396 V FaceRecognizeThread_YUV: thread end,thread=Thread-17
04-22 16:40:49.288  1272  1396 V FaceRecognizeThread_YUV: in while,thread=Thread-17
04-22 16:40:49.310  1272  1396 V FaceRecognizeThread_YUV: thread end,thread=Thread-17
04-22 16:40:49.310  1272  1396 V FaceRecognizeThread_YUV: in while,thread=Thread-17
04-22 16:40:49.331  1272  1396 V FaceRecognizeThread_YUV: thread end,thread=Thread-17
04-22 16:40:49.331  1272  1396 V FaceRecognizeThread_YUV: in while,thread=Thread-17
04-22 16:40:49.352  1272  1396 V FaceRecognizeThread_YUV: thread end,thread=Thread-17
04-22 16:40:49.352  1272  1396 V FaceRecognizeThread_YUV: in while,thread=Thread-17
04-22 16:40:49.373  1272  1396 V FaceRecognizeThread_YUV: thread end,thread=Thread-17
04-22 16:40:49.373  1272  1396 V FaceRecognizeThread_YUV: in while,thread=Thread-17
04-22 16:40:49.394  1272  1396 V FaceRecognizeThread_YUV: thread end,thread=Thread-17
04-22 16:40:49.394  1272  1396 V FaceRecognizeThread_YUV: in while,thread=Thread-17
04-22 16:40:49.415  1272  1396 V FaceRecognizeThread_YUV: thread end,thread=Thread-17
04-22 16:40:49.415  1272  1396 V FaceRecognizeThread_YUV: in while,thread=Thread-17
04-22 16:40:49.436  1272  1396 V FaceRecognizeThread_YUV: thread end,thread=Thread-17
04-22 16:40:49.436  1272  1396 V FaceRecognizeThread_YUV: in while,thread=Thread-17
04-22 16:40:49.457  1272  1396 V FaceRecognizeThread_YUV: thread end,thread=Thread-17
04-22 16:40:49.457  1272  1396 V FaceRecognizeThread_YUV: in while,thread=Thread-17
04-22 16:40:49.477  1272  1396 V FaceRecognizeThread_YUV: thread end,thread=Thread-17
04-22 16:40:49.477  1272  1396 V FaceRecognizeThread_YUV: in while,thread=Thread-17
04-22 16:40:49.498  1272  1396 V FaceRecognizeThread_YUV: thread end,thread=Thread-17
04-22 16:40:49.498  1272  1396 V FaceRecognizeThread_YUV: in while,thread=Thread-17
04-22 16:40:49.519  1272  1396 V FaceRecognizeThread_YUV: thread end,thread=Thread-17
04-22 16:40:49.519  1272  1396 V FaceRecognizeThread_YUV: in while,thread=Thread-17
04-22 16:40:49.540  1272  1396 V FaceRecognizeThread_YUV: thread end,thread=Thread-17
04-22 16:40:49.540  1272  1396 V FaceRecognizeThread_YUV: in while,thread=Thread-17
04-22 16:40:49.561  1272  1396 V FaceRecognizeThread_YUV: thread end,thread=Thread-17
04-22 16:40:49.561  1272  1396 V FaceRecognizeThread_YUV: in while,thread=Thread-17
04-22 16:40:49.582  1272  1396 V FaceRecognizeThread_YUV: thread end,thread=Thread-17
04-22 16:40:49.582  1272  1396 V FaceRecognizeThread_YUV: in while,thread=Thread-17
04-22 16:40:49.603  1272  1396 V FaceRecognizeThread_YUV: thread end,thread=Thread-17
04-22 16:40:49.603  1272  1396 V FaceRecognizeThread_YUV: in while,thread=Thread-17
04-22 16:40:49.624  1272  1396 V FaceRecognizeThread_YUV: thread end,thread=Thread-17
04-22 16:40:49.624  1272  1396 V FaceRecognizeThread_YUV: in while,thread=Thread-17
04-22 16:40:49.644  1272  1396 V FaceRecognizeThread_YUV: thread end,thread=Thread-17
04-22 16:40:49.644  1272  1396 V FaceRecognizeThread_YUV: in while,thread=Thread-17
04-22 16:40:49.665  1272  1396 V FaceRecognizeThread_YUV: thread end,thread=Thread-17
04-22 16:40:49.665  1272  1396 V FaceRecognizeThread_YUV: in while,thread=Thread-17
04-22 16:40:49.675  1272  1294 D CrashReport: waiting!
04-22 16:40:49.686  1272  1396 V FaceRecognizeThread_YUV: thread end,thread=Thread-17
04-22 16:40:49.686  1272  1396 V FaceRecognizeThread_YUV: in while,thread=Thread-17
04-22 16:40:49.707  1272  1396 V FaceRecognizeThread_YUV: thread end,thread=Thread-17
04-22 16:40:49.707  1272  1396 V FaceRecognizeThread_YUV: in while,thread=Thread-17
04-22 16:40:49.728  1272  1396 V FaceRecognizeThread_YUV: thread end,thread=Thread-17
04-22 16:40:49.728  1272  1396 V FaceRecognizeThread_YUV: in while,thread=Thread-17
04-22 16:40:49.749  1272  1396 V FaceRecognizeThread_YUV: thread end,thread=Thread-17
04-22 16:40:49.749  1272  1396 V FaceRecognizeThread_YUV: in while,thread=Thread-17
04-22 16:40:49.770  1272  1396 V FaceRecognizeThread_YUV: thread end,thread=Thread-17
04-22 16:40:49.770  1272  1396 V FaceRecognizeThread_YUV: in while,thread=Thread-17
04-22 16:40:49.790  1272  1396 V FaceRecognizeThread_YUV: thread end,thread=Thread-17
04-22 16:40:49.791  1272  1396 V FaceRecognizeThread_YUV: in while,thread=Thread-17
04-22 16:40:49.811  1272  1396 V FaceRecognizeThread_YUV: thread end,thread=Thread-17
04-22 16:40:49.811  1272  1396 V FaceRecognizeThread_YUV: in while,thread=Thread-17
04-22 16:40:49.832  1272  1396 V FaceRecognizeThread_YUV: thread end,thread=Thread-17
04-22 16:40:49.832  1272  1396 V FaceRecognizeThread_YUV: in while,thread=Thread-17
04-22 16:40:49.853  1272  1396 V FaceRecognizeThread_YUV: thread end,thread=Thread-17
04-22 16:40:49.853  1272  1396 V FaceRecognizeThread_YUV: in while,thread=Thread-17
04-22 16:40:49.874  1272  1396 V FaceRecognizeThread_YUV: thread end,thread=Thread-17
04-22 16:40:49.874  1272  1396 V FaceRecognizeThread_YUV: in while,thread=Thread-17
04-22 16:40:49.895  1272  1396 V FaceRecognizeThread_YUV: thread end,thread=Thread-17
04-22 16:40:49.895  1272  1396 V FaceRecognizeThread_YUV: in while,thread=Thread-17
04-22 16:40:49.916  1272  1396 V FaceRecognizeThread_YUV: thread end,thread=Thread-17
04-22 16:40:49.916  1272  1396 V FaceRecognizeThread_YUV: in while,thread=Thread-17
04-22 16:40:49.937  1272  1396 V FaceRecognizeThread_YUV: thread end,thread=Thread-17
04-22 16:40:49.937  1272  1396 V FaceRecognizeThread_YUV: in while,thread=Thread-17
04-22 16:40:49.958  1272  1396 V FaceRecognizeThread_YUV: thread end,thread=Thread-17
04-22 16:40:49.958  1272  1396 V FaceRecognizeThread_YUV: in while,thread=Thread-17
04-22 16:40:49.978  1272  1396 V FaceRecognizeThread_YUV: thread end,thread=Thread-17
04-22 16:40:49.979  1272  1396 V FaceRecognizeThread_YUV: in while,thread=Thread-17
04-22 16:40:49.999  1272  1396 V FaceRecognizeThread_YUV: thread end,thread=Thread-17
04-22 16:40:50.000  1272  1396 V FaceRecognizeThread_YUV: in while,thread=Thread-17
04-22 16:40:50.020  1272  1396 V FaceRecognizeThread_YUV: thread end,thread=Thread-17
04-22 16:40:50.020  1272  1396 V FaceRecognizeThread_YUV: in while,thread=Thread-17
04-22 16:40:50.041  1272  1396 V FaceRecognizeThread_YUV: thread end,thread=Thread-17
04-22 16:40:50.041  1272  1396 V FaceRecognizeThread_YUV: in while,thread=Thread-17
04-22 16:40:50.062  1272  1396 V FaceRecognizeThread_YUV: thread end,thread=Thread-17
04-22 16:40:50.062  1272  1396 V FaceRecognizeThread_YUV: in while,thread=Thread-17
04-22 16:40:50.083  1272  1396 V FaceRecognizeThread_YUV: thread end,thread=Thread-17
04-22 16:40:50.083  1272  1396 V FaceRecognizeThread_YUV: in while,thread=Thread-17
04-22 16:40:50.104  1272  1396 V FaceRecognizeThread_YUV: thread end,thread=Thread-17
04-22 16:40:50.104  1272  1396 V FaceRecognizeThread_YUV: in while,thread=Thread-17
04-22 16:40:50.124  1272  1396 V FaceRecognizeThread_YUV: thread end,thread=Thread-17
04-22 16:40:50.124  1272  1396 V FaceRecognizeThread_YUV: in while,thread=Thread-17
04-22 16:40:50.145  1272  1396 V FaceRecognizeThread_YUV: thread end,thread=Thread-17
04-22 16:40:50.145  1272  1396 V FaceRecognizeThread_YUV: in while,thread=Thread-17
04-22 16:40:50.166  1272  1396 V FaceRecognizeThread_YUV: thread end,thread=Thread-17
04-22 16:40:50.166  1272  1396 V FaceRecognizeThread_YUV: in while,thread=Thread-17
04-22 16:40:50.177  1272  1294 D CrashReport: waiting!
04-22 16:40:50.187  1272  1396 V FaceRecognizeThread_YUV: thread end,thread=Thread-17
04-22 16:40:50.187  1272  1396 V FaceRecognizeThread_YUV: in while,thread=Thread-17
04-22 16:40:50.209  1272  1396 V FaceRecognizeThread_YUV: thread end,thread=Thread-17
04-22 16:40:50.209  1272  1396 V FaceRecognizeThread_YUV: in while,thread=Thread-17
04-22 16:40:50.230  1272  1396 V FaceRecognizeThread_YUV: thread end,thread=Thread-17
04-22 16:40:50.230  1272  1396 V FaceRecognizeThread_YUV: in while,thread=Thread-17
04-22 16:40:50.250  1272  1396 V FaceRecognizeThread_YUV: thread end,thread=Thread-17
04-22 16:40:50.251  1272  1396 V FaceRecognizeThread_YUV: in while,thread=Thread-17
04-22 16:40:50.271  1272  1396 V FaceRecognizeThread_YUV: thread end,thread=Thread-17
04-22 16:40:50.272  1272  1396 V FaceRecognizeThread_YUV: in while,thread=Thread-17
04-22 16:40:50.292  1272  1396 V FaceRecognizeThread_YUV: thread end,thread=Thread-17
04-22 16:40:50.292  1272  1396 V FaceRecognizeThread_YUV: in while,thread=Thread-17
04-22 16:40:50.313  1272  1396 V FaceRecognizeThread_YUV: thread end,thread=Thread-17
04-22 16:40:50.313  1272  1396 V FaceRecognizeThread_YUV: in while,thread=Thread-17
04-22 16:40:50.334  1272  1396 V FaceRecognizeThread_YUV: thread end,thread=Thread-17
04-22 16:40:50.334  1272  1396 V FaceRecognizeThread_YUV: in while,thread=Thread-17
04-22 16:40:50.355  1272  1396 V FaceRecognizeThread_YUV: thread end,thread=Thread-17
04-22 16:40:50.355  1272  1396 V FaceRecognizeThread_YUV: in while,thread=Thread-17
04-22 16:40:50.376  1272  1396 V FaceRecognizeThread_YUV: thread end,thread=Thread-17
04-22 16:40:50.376  1272  1396 V FaceRecognizeThread_YUV: in while,thread=Thread-17
04-22 16:40:50.384   599   620 W ActivityManager: Launch timeout has expired, giving up wake lock!
04-22 16:40:50.396  1272  1396 V FaceRecognizeThread_YUV: thread end,thread=Thread-17
04-22 16:40:50.396  1272  1396 V FaceRecognizeThread_YUV: in while,thread=Thread-17
04-22 16:40:50.417  1272  1396 V FaceRecognizeThread_YUV: thread end,thread=Thread-17
04-22 16:40:50.417  1272  1396 V FaceRecognizeThread_YUV: in while,thread=Thread-17
04-22 16:40:50.437  1272  1396 V FaceRecognizeThread_YUV: thread end,thread=Thread-17
04-22 16:40:50.437  1272  1396 V FaceRecognizeThread_YUV: in while,thread=Thread-17
04-22 16:40:50.458  1272  1396 V FaceRecognizeThread_YUV: thread end,thread=Thread-17
04-22 16:40:50.458  1272  1396 V FaceRecognizeThread_YUV: in while,thread=Thread-17
04-22 16:40:50.478  1272  1396 V FaceRecognizeThread_YUV: thread end,thread=Thread-17
04-22 16:40:50.479  1272  1396 V FaceRecognizeThread_YUV: in while,thread=Thread-17
04-22 16:40:50.499  1272  1396 V FaceRecognizeThread_YUV: thread end,thread=Thread-17
04-22 16:40:50.500  1272  1396 V FaceRecognizeThread_YUV: in while,thread=Thread-17
04-22 16:40:50.520  1272  1396 V FaceRecognizeThread_YUV: thread end,thread=Thread-17
04-22 16:40:50.521  1272  1396 V FaceRecognizeThread_YUV: in while,thread=Thread-17
04-22 16:40:50.541  1272  1396 V FaceRecognizeThread_YUV: thread end,thread=Thread-17
04-22 16:40:50.541  1272  1396 V FaceRecognizeThread_YUV: in while,thread=Thread-17
04-22 16:40:50.562  1272  1396 V FaceRecognizeThread_YUV: thread end,thread=Thread-17
04-22 16:40:50.562  1272  1396 V FaceRecognizeThread_YUV: in while,thread=Thread-17
04-22 16:40:50.583  1272  1396 V FaceRecognizeThread_YUV: thread end,thread=Thread-17
04-22 16:40:50.583  1272  1396 V FaceRecognizeThread_YUV: in while,thread=Thread-17
04-22 16:40:50.604  1272  1396 V FaceRecognizeThread_YUV: thread end,thread=Thread-17
04-22 16:40:50.605  1272  1396 V FaceRecognizeThread_YUV: in while,thread=Thread-17
04-22 16:40:50.625  1272  1396 V FaceRecognizeThread_YUV: thread end,thread=Thread-17
04-22 16:40:50.625  1272  1396 V FaceRecognizeThread_YUV: in while,thread=Thread-17
04-22 16:40:50.646  1272  1396 V FaceRecognizeThread_YUV: thread end,thread=Thread-17
04-22 16:40:50.646  1272  1396 V FaceRecognizeThread_YUV: in while,thread=Thread-17
04-22 16:40:50.667  1272  1396 V FaceRecognizeThread_YUV: thread end,thread=Thread-17
04-22 16:40:50.667  1272  1396 V FaceRecognizeThread_YUV: in while,thread=Thread-17
04-22 16:40:50.678  1272  1294 D CrashReport: waiting!
04-22 16:40:50.688  1272  1396 V FaceRecognizeThread_YUV: thread end,thread=Thread-17
04-22 16:40:50.689  1272  1396 V FaceRecognizeThread_YUV: in while,thread=Thread-17
04-22 16:40:50.709  1272  1396 V FaceRecognizeThread_YUV: thread end,thread=Thread-17
04-22 16:40:50.709  1272  1396 V FaceRecognizeThread_YUV: in while,thread=Thread-17
04-22 16:40:50.730  1272  1396 V FaceRecognizeThread_YUV: thread end,thread=Thread-17
04-22 16:40:50.730  1272  1396 V FaceRecognizeThread_YUV: in while,thread=Thread-17
04-22 16:40:50.751  1272  1396 V FaceRecognizeThread_YUV: thread end,thread=Thread-17
04-22 16:40:50.751  1272  1396 V FaceRecognizeThread_YUV: in while,thread=Thread-17
04-22 16:40:50.772  1272  1396 V FaceRecognizeThread_YUV: thread end,thread=Thread-17
04-22 16:40:50.773  1272  1396 V FaceRecognizeThread_YUV: in while,thread=Thread-17
04-22 16:40:50.793  1272  1396 V FaceRecognizeThread_YUV: thread end,thread=Thread-17
04-22 16:40:50.793  1272  1396 V FaceRecognizeThread_YUV: in while,thread=Thread-17
04-22 16:40:50.814  1272  1396 V FaceRecognizeThread_YUV: thread end,thread=Thread-17
04-22 16:40:50.814  1272  1396 V FaceRecognizeThread_YUV: in while,thread=Thread-17
04-22 16:40:50.835  1272  1396 V FaceRecognizeThread_YUV: thread end,thread=Thread-17
04-22 16:40:50.836  1272  1396 V FaceRecognizeThread_YUV: in while,thread=Thread-17
04-22 16:40:50.856  1272  1396 V FaceRecognizeThread_YUV: thread end,thread=Thread-17
04-22 16:40:50.856  1272  1396 V FaceRecognizeThread_YUV: in while,thread=Thread-17
04-22 16:40:50.877  1272  1396 V FaceRecognizeThread_YUV: thread end,thread=Thread-17
04-22 16:40:50.877  1272  1396 V FaceRecognizeThread_YUV: in while,thread=Thread-17
04-22 16:40:50.897  1272  1396 V FaceRecognizeThread_YUV: thread end,thread=Thread-17
04-22 16:40:50.898  1272  1396 V FaceRecognizeThread_YUV: in while,thread=Thread-17
04-22 16:40:50.918  1272  1396 V FaceRecognizeThread_YUV: thread end,thread=Thread-17
04-22 16:40:50.918  1272  1396 V FaceRecognizeThread_YUV: in while,thread=Thread-17
04-22 16:40:50.939  1272  1396 V FaceRecognizeThread_YUV: thread end,thread=Thread-17
04-22 16:40:50.940  1272  1396 V FaceRecognizeThread_YUV: in while,thread=Thread-17
04-22 16:40:50.960  1272  1396 V FaceRecognizeThread_YUV: thread end,thread=Thread-17
04-22 16:40:50.960  1272  1396 V FaceRecognizeThread_YUV: in while,thread=Thread-17
04-22 16:40:50.981  1272  1396 V FaceRecognizeThread_YUV: thread end,thread=Thread-17
04-22 16:40:50.981  1272  1396 V FaceRecognizeThread_YUV: in while,thread=Thread-17
04-22 16:40:51.002  1272  1396 V FaceRecognizeThread_YUV: thread end,thread=Thread-17
04-22 16:40:51.002  1272  1396 V FaceRecognizeThread_YUV: in while,thread=Thread-17
04-22 16:40:51.023  1272  1396 V FaceRecognizeThread_YUV: thread end,thread=Thread-17
04-22 16:40:51.023  1272  1396 V FaceRecognizeThread_YUV: in while,thread=Thread-17
04-22 16:40:51.044  1272  1396 V FaceRecognizeThread_YUV: thread end,thread=Thread-17
04-22 16:40:51.044  1272  1396 V FaceRecognizeThread_YUV: in while,thread=Thread-17
04-22 16:40:51.065  1272  1396 V FaceRecognizeThread_YUV: thread end,thread=Thread-17
04-22 16:40:51.065  1272  1396 V FaceRecognizeThread_YUV: in while,thread=Thread-17
04-22 16:40:51.086  1272  1396 V FaceRecognizeThread_YUV: thread end,thread=Thread-17
04-22 16:40:51.086  1272  1396 V FaceRecognizeThread_YUV: in while,thread=Thread-17
04-22 16:40:51.112  1272  1396 V FaceRecognizeThread_YUV: thread end,thread=Thread-17
04-22 16:40:51.112  1272  1396 V FaceRecognizeThread_YUV: in while,thread=Thread-17
04-22 16:40:51.132  1272  1396 V FaceRecognizeThread_YUV: thread end,thread=Thread-17
04-22 16:40:51.132  1272  1396 V FaceRecognizeThread_YUV: in while,thread=Thread-17
04-22 16:40:51.153  1272  1396 V FaceRecognizeThread_YUV: thread end,thread=Thread-17
04-22 16:40:51.153  1272  1396 V FaceRecognizeThread_YUV: in while,thread=Thread-17
04-22 16:40:51.174  1272  1396 V FaceRecognizeThread_YUV: thread end,thread=Thread-17
04-22 16:40:51.174  1272  1396 V FaceRecognizeThread_YUV: in while,thread=Thread-17
04-22 16:40:51.180  1272  1294 D CrashReport: waiting!
04-22 16:40:51.195  1272  1396 V FaceRecognizeThread_YUV: thread end,thread=Thread-17
04-22 16:40:51.195  1272  1396 V FaceRecognizeThread_YUV: in while,thread=Thread-17
04-22 16:40:51.216  1272  1396 V FaceRecognizeThread_YUV: thread end,thread=Thread-17
04-22 16:40:51.216  1272  1396 V FaceRecognizeThread_YUV: in while,thread=Thread-17
04-22 16:40:51.236  1272  1396 V FaceRecognizeThread_YUV: thread end,thread=Thread-17
04-22 16:40:51.237  1272  1396 V FaceRecognizeThread_YUV: in while,thread=Thread-17
04-22 16:40:51.257  1272  1396 V FaceRecognizeThread_YUV: thread end,thread=Thread-17
04-22 16:40:51.257  1272  1396 V FaceRecognizeThread_YUV: in while,thread=Thread-17
04-22 16:40:51.278  1272  1396 V FaceRecognizeThread_YUV: thread end,thread=Thread-17
04-22 16:40:51.278  1272  1396 V FaceRecognizeThread_YUV: in while,thread=Thread-17
04-22 16:40:51.299  1272  1396 V FaceRecognizeThread_YUV: thread end,thread=Thread-17
04-22 16:40:51.299  1272  1396 V FaceRecognizeThread_YUV: in while,thread=Thread-17
04-22 16:40:51.320  1272  1396 V FaceRecognizeThread_YUV: thread end,thread=Thread-17
04-22 16:40:51.320  1272  1396 V FaceRecognizeThread_YUV: in while,thread=Thread-17
04-22 16:40:51.341  1272  1396 V FaceRecognizeThread_YUV: thread end,thread=Thread-17
04-22 16:40:51.341  1272  1396 V FaceRecognizeThread_YUV: in while,thread=Thread-17
04-22 16:40:51.362  1272  1396 V FaceRecognizeThread_YUV: thread end,thread=Thread-17
04-22 16:40:51.362  1272  1396 V FaceRecognizeThread_YUV: in while,thread=Thread-17
04-22 16:40:51.383  1272  1396 V FaceRecognizeThread_YUV: thread end,thread=Thread-17
04-22 16:40:51.383  1272  1396 V FaceRecognizeThread_YUV: in while,thread=Thread-17
04-22 16:40:51.403  1272  1396 V FaceRecognizeThread_YUV: thread end,thread=Thread-17
04-22 16:40:51.404  1272  1396 V FaceRecognizeThread_YUV: in while,thread=Thread-17
04-22 16:40:51.424  1272  1396 V FaceRecognizeThread_YUV: thread end,thread=Thread-17
04-22 16:40:51.424  1272  1396 V FaceRecognizeThread_YUV: in while,thread=Thread-17
04-22 16:40:51.445  1272  1396 V FaceRecognizeThread_YUV: thread end,thread=Thread-17
04-22 16:40:51.445  1272  1396 V FaceRecognizeThread_YUV: in while,thread=Thread-17
04-22 16:40:51.466  1272  1396 V FaceRecognizeThread_YUV: thread end,thread=Thread-17
04-22 16:40:51.466  1272  1396 V FaceRecognizeThread_YUV: in while,thread=Thread-17
04-22 16:40:51.487  1272  1396 V FaceRecognizeThread_YUV: thread end,thread=Thread-17
04-22 16:40:51.487  1272  1396 V FaceRecognizeThread_YUV: in while,thread=Thread-17
04-22 16:40:51.507  1272  1396 V FaceRecognizeThread_YUV: thread end,thread=Thread-17
04-22 16:40:51.508  1272  1396 V FaceRecognizeThread_YUV: in while,thread=Thread-17
04-22 16:40:51.528  1272  1396 V FaceRecognizeThread_YUV: thread end,thread=Thread-17
04-22 16:40:51.528  1272  1396 V FaceRecognizeThread_YUV: in while,thread=Thread-17
04-22 16:40:51.549  1272  1396 V FaceRecognizeThread_YUV: thread end,thread=Thread-17
04-22 16:40:51.549  1272  1396 V FaceRecognizeThread_YUV: in while,thread=Thread-17
04-22 16:40:51.570  1272  1396 V FaceRecognizeThread_YUV: thread end,thread=Thread-17
04-22 16:40:51.570  1272  1396 V FaceRecognizeThread_YUV: in while,thread=Thread-17
04-22 16:40:51.591  1272  1396 V FaceRecognizeThread_YUV: thread end,thread=Thread-17
04-22 16:40:51.591  1272  1396 V FaceRecognizeThread_YUV: in while,thread=Thread-17
04-22 16:40:51.612  1272  1396 V FaceRecognizeThread_YUV: thread end,thread=Thread-17
04-22 16:40:51.612  1272  1396 V FaceRecognizeThread_YUV: in while,thread=Thread-17
04-22 16:40:51.633  1272  1396 V FaceRecognizeThread_YUV: thread end,thread=Thread-17
04-22 16:40:51.633  1272  1396 V FaceRecognizeThread_YUV: in while,thread=Thread-17
04-22 16:40:51.653  1272  1396 V FaceRecognizeThread_YUV: thread end,thread=Thread-17
04-22 16:40:51.653  1272  1396 V FaceRecognizeThread_YUV: in while,thread=Thread-17
04-22 16:40:51.674  1272  1396 V FaceRecognizeThread_YUV: thread end,thread=Thread-17
04-22 16:40:51.674  1272  1396 V FaceRecognizeThread_YUV: in while,thread=Thread-17
04-22 16:40:51.681  1272  1294 D CrashReport: waiting!
04-22 16:40:51.695  1272  1396 V FaceRecognizeThread_YUV: thread end,thread=Thread-17
04-22 16:40:51.695  1272  1396 V FaceRecognizeThread_YUV: in while,thread=Thread-17
04-22 16:40:51.716  1272  1396 V FaceRecognizeThread_YUV: thread end,thread=Thread-17
04-22 16:40:51.716  1272  1396 V FaceRecognizeThread_YUV: in while,thread=Thread-17
04-22 16:40:51.737  1272  1396 V FaceRecognizeThread_YUV: thread end,thread=Thread-17
04-22 16:40:51.737  1272  1396 V FaceRecognizeThread_YUV: in while,thread=Thread-17
04-22 16:40:51.758  1272  1396 V FaceRecognizeThread_YUV: thread end,thread=Thread-17
04-22 16:40:51.758  1272  1396 V FaceRecognizeThread_YUV: in while,thread=Thread-17
04-22 16:40:51.779  1272  1396 V FaceRecognizeThread_YUV: thread end,thread=Thread-17
04-22 16:40:51.779  1272  1396 V FaceRecognizeThread_YUV: in while,thread=Thread-17
04-22 16:40:51.799  1272  1396 V FaceRecognizeThread_YUV: thread end,thread=Thread-17
04-22 16:40:51.800  1272  1396 V FaceRecognizeThread_YUV: in while,thread=Thread-17
04-22 16:40:51.821  1272  1396 V FaceRecognizeThread_YUV: thread end,thread=Thread-17
04-22 16:40:51.821  1272  1396 V FaceRecognizeThread_YUV: in while,thread=Thread-17
04-22 16:40:51.841  1272  1396 V FaceRecognizeThread_YUV: thread end,thread=Thread-17
04-22 16:40:51.842  1272  1396 V FaceRecognizeThread_YUV: in while,thread=Thread-17
04-22 16:40:51.862  1272  1396 V FaceRecognizeThread_YUV: thread end,thread=Thread-17
04-22 16:40:51.862  1272  1396 V FaceRecognizeThread_YUV: in while,thread=Thread-17
04-22 16:40:51.883  1272  1396 V FaceRecognizeThread_YUV: thread end,thread=Thread-17
04-22 16:40:51.883  1272  1396 V FaceRecognizeThread_YUV: in while,thread=Thread-17
04-22 16:40:51.904  1272  1396 V FaceRecognizeThread_YUV: thread end,thread=Thread-17
04-22 16:40:51.904  1272  1396 V FaceRecognizeThread_YUV: in while,thread=Thread-17
04-22 16:40:51.925  1272  1396 V FaceRecognizeThread_YUV: thread end,thread=Thread-17
04-22 16:40:51.925  1272  1396 V FaceRecognizeThread_YUV: in while,thread=Thread-17
04-22 16:40:51.946  1272  1396 V FaceRecognizeThread_YUV: thread end,thread=Thread-17
04-22 16:40:51.946  1272  1396 V FaceRecognizeThread_YUV: in while,thread=Thread-17
04-22 16:40:51.967  1272  1396 V FaceRecognizeThread_YUV: thread end,thread=Thread-17
04-22 16:40:51.967  1272  1396 V FaceRecognizeThread_YUV: in while,thread=Thread-17
04-22 16:40:51.988  1272  1396 V FaceRecognizeThread_YUV: thread end,thread=Thread-17
04-22 16:40:51.988  1272  1396 V FaceRecognizeThread_YUV: in while,thread=Thread-17
04-22 16:40:52.008  1272  1396 V FaceRecognizeThread_YUV: thread end,thread=Thread-17
04-22 16:40:52.008  1272  1396 V FaceRecognizeThread_YUV: in while,thread=Thread-17
04-22 16:40:52.029  1272  1396 V FaceRecognizeThread_YUV: thread end,thread=Thread-17
04-22 16:40:52.029  1272  1396 V FaceRecognizeThread_YUV: in while,thread=Thread-17
04-22 16:40:52.050  1272  1396 V FaceRecognizeThread_YUV: thread end,thread=Thread-17
04-22 16:40:52.050  1272  1396 V FaceRecognizeThread_YUV: in while,thread=Thread-17
04-22 16:40:52.071  1272  1396 V FaceRecognizeThread_YUV: thread end,thread=Thread-17
04-22 16:40:52.071  1272  1396 V FaceRecognizeThread_YUV: in while,thread=Thread-17
04-22 16:40:52.092  1272  1396 V FaceRecognizeThread_YUV: thread end,thread=Thread-17
04-22 16:40:52.092  1272  1396 V FaceRecognizeThread_YUV: in while,thread=Thread-17
04-22 16:40:52.112  1272  1396 V FaceRecognizeThread_YUV: thread end,thread=Thread-17
04-22 16:40:52.113  1272  1396 V FaceRecognizeThread_YUV: in while,thread=Thread-17
04-22 16:40:52.133  1272  1396 V FaceRecognizeThread_YUV: thread end,thread=Thread-17
04-22 16:40:52.133  1272  1396 V FaceRecognizeThread_YUV: in while,thread=Thread-17
04-22 16:40:52.154  1272  1396 V FaceRecognizeThread_YUV: thread end,thread=Thread-17
04-22 16:40:52.154  1272  1396 V FaceRecognizeThread_YUV: in while,thread=Thread-17
04-22 16:40:52.175  1272  1396 V FaceRecognizeThread_YUV: thread end,thread=Thread-17
04-22 16:40:52.175  1272  1396 V FaceRecognizeThread_YUV: in while,thread=Thread-17
04-22 16:40:52.183  1272  1294 D CrashReport: waiting!
04-22 16:40:52.196  1272  1396 V FaceRecognizeThread_YUV: thread end,thread=Thread-17
