04-22 16:40:40.531   386   527 D audio_hw_primary: out_set_parameters: enter: usecase(0: low-latency-playback) kvpairs: stream_pause=1-out->devices(2)-adev->mode(0)-in_call(0)-standby(0)
04-22 16:40:40.531   386   527 D audio_hw_primary: out_set_parameters: exit: code(0)
04-22 16:40:40.535  1272  1396 V FaceRecognizeThread_YUV: thread end,thread=Thread-17
04-22 16:40:40.536  1272  1396 V FaceRecognizeThread_YUV: in while,thread=Thread-17
04-22 16:40:40.556  1272  1396 V FaceRecognizeThread_YUV: thread end,thread=Thread-17
04-22 16:40:40.556  1272  1396 V FaceRecognizeThread_YUV: in while,thread=Thread-17
04-22 16:40:40.576  1272  1396 V FaceRecognizeThread_YUV: thread end,thread=Thread-17
04-22 16:40:40.577  1272  1396 V FaceRecognizeThread_YUV: in while,thread=Thread-17
04-22 16:40:40.598  1272  1396 V FaceRecognizeThread_YUV: thread end,thread=Thread-17
04-22 16:40:40.598  1272  1396 V FaceRecognizeThread_YUV: in while,thread=Thread-17
04-22 16:40:40.619  1272  1396 V FaceRecognizeThread_YUV: thread end,thread=Thread-17
04-22 16:40:40.619  1272  1396 V FaceRecognizeThread_YUV: in while,thread=Thread-17
04-22 16:40:40.639  1272  1396 V FaceRecognizeThread_YUV: thread end,thread=Thread-17
04-22 16:40:40.640  1272  1396 V FaceRecognizeThread_YUV: in while,thread=Thread-17
04-22 16:40:40.652  1272  1294 D CrashReport: waiting!
04-22 16:40:40.660  1272  1396 V FaceRecognizeThread_YUV: thread end,thread=Thread-17
04-22 16:40:40.660  1272  1396 V FaceRecognizeThread_YUV: in while,thread=Thread-17
04-22 16:40:40.681  1272  1396 V FaceRecognizeThread_YUV: thread end,thread=Thread-17
04-22 16:40:40.681  1272  1396 V FaceRecognizeThread_YUV: in while,thread=Thread-17
04-22 16:40:40.701  1272  1396 V FaceRecognizeThread_YUV: thread end,thread=Thread-17
04-22 16:40:40.707  1272  1396 V FaceRecognizeThread_YUV: in while,thread=Thread-17
04-22 16:40:40.727  1272  1396 V FaceRecognizeThread_YUV: thread end,thread=Thread-17
04-22 16:40:40.728  1272  1396 V FaceRecognizeThread_YUV: in while,thread=Thread-17
04-22 16:40:40.748  1272  1396 V FaceRecognizeThread_YUV: thread end,thread=Thread-17
04-22 16:40:40.748  1272  1396 V FaceRecognizeThread_YUV: in while,thread=Thread-17
04-22 16:40:40.768  1272  1396 V FaceRecognizeThread_YUV: thread end,thread=Thread-17
04-22 16:40:40.769  1272  1396 V FaceRecognizeThread_YUV: in while,thread=Thread-17
04-22 16:40:40.791  1272  1396 V FaceRecognizeThread_YUV: thread end,thread=Thread-17
04-22 16:40:40.791  1272  1396 V FaceRecognizeThread_YUV: in while,thread=Thread-17
04-22 16:40:40.793   739   739 D StatusBar: hiding the MENU button
04-22 16:40:40.797   739   739 D ImageWallpaper: onVisibilityChanged: mVisible, visible=true, false
04-22 16:40:40.798   739   739 D ImageWallpaper: Visibility changed to visible=false
04-22 16:40:40.804   739   739 D StatusBar: hiding the MENU button
04-22 16:40:40.812  1272  1396 V FaceRecognizeThread_YUV: thread end,thread=Thread-17
04-22 16:40:40.812  1272  1396 V FaceRecognizeThread_YUV: in while,thread=Thread-17
04-22 16:40:40.832  1272  1396 V FaceRecognizeThread_YUV: thread end,thread=Thread-17
04-22 16:40:40.833  1272  1396 V FaceRecognizeThread_YUV: in while,thread=Thread-17
04-22 16:40:40.853  1272  1396 V FaceRecognizeThread_YUV: thread end,thread=Thread-17
04-22 16:40:40.853  1272  1396 V FaceRecognizeThread_YUV: in while,thread=Thread-17
04-22 16:40:40.873  1272  1396 V FaceRecognizeThread_YUV: thread end,thread=Thread-17
04-22 16:40:40.874  1272  1396 V FaceRecognizeThread_YUV: in while,thread=Thread-17
04-22 16:40:40.894  1272  1396 V FaceRecognizeThread_YUV: thread end,thread=Thread-17
04-22 16:40:40.894  1272  1396 V FaceRecognizeThread_YUV: in while,thread=Thread-17
04-22 16:40:40.915  1272  1396 V FaceRecognizeThread_YUV: thread end,thread=Thread-17
04-22 16:40:40.915  1272  1396 V FaceRecognizeThread_YUV: in while,thread=Thread-17
04-22 16:40:40.936  1272  1396 V FaceRecognizeThread_YUV: thread end,thread=Thread-17
04-22 16:40:40.936  1272  1396 V FaceRecognizeThread_YUV: in while,thread=Thread-17
04-22 16:40:40.957  1272  1396 V FaceRecognizeThread_YUV: thread end,thread=Thread-17
04-22 16:40:40.958  1272  1396 V FaceRecognizeThread_YUV: in while,thread=Thread-17
04-22 16:40:40.978  1272  1396 V FaceRecognizeThread_YUV: thread end,thread=Thread-17
04-22 16:40:40.978  1272  1396 V FaceRecognizeThread_YUV: in while,thread=Thread-17
04-22 16:40:40.999  1272  1396 V FaceRecognizeThread_YUV: thread end,thread=Thread-17
04-22 16:40:40.999  1272  1396 V FaceRecognizeThread_YUV: in while,thread=Thread-17
04-22 16:40:41.020  1272  1396 V FaceRecognizeThread_YUV: thread end,thread=Thread-17
04-22 16:40:41.020  1272  1396 V FaceRecognizeThread_YUV: in while,thread=Thread-17
04-22 16:40:41.040  1272  1396 V FaceRecognizeThread_YUV: thread end,thread=Thread-17
04-22 16:40:41.040  1272  1396 V FaceRecognizeThread_YUV: in while,thread=Thread-17
04-22 16:40:41.061  1272  1396 V FaceRecognizeThread_YUV: thread end,thread=Thread-17
04-22 16:40:41.061  1272  1396 V FaceRecognizeThread_YUV: in while,thread=Thread-17
04-22 16:40:41.081  1272  1396 V FaceRecognizeThread_YUV: thread end,thread=Thread-17
04-22 16:40:41.081  1272  1396 V FaceRecognizeThread_YUV: in while,thread=Thread-17
04-22 16:40:41.102  1272  1396 V FaceRecognizeThread_YUV: thread end,thread=Thread-17
04-22 16:40:41.102  1272  1396 V FaceRecognizeThread_YUV: in while,thread=Thread-17
04-22 16:40:41.123  1272  1396 V FaceRecognizeThread_YUV: thread end,thread=Thread-17
04-22 16:40:41.123  1272  1396 V FaceRecognizeThread_YUV: in while,thread=Thread-17
04-22 16:40:41.143  1272  1396 V FaceRecognizeThread_YUV: thread end,thread=Thread-17
04-22 16:40:41.145  1272  1396 V FaceRecognizeThread_YUV: in while,thread=Thread-17
04-22 16:40:41.153  1272  1294 D CrashReport: waiting!
04-22 16:40:41.166  1272  1396 V FaceRecognizeThread_YUV: thread end,thread=Thread-17
04-22 16:40:41.166  1272  1396 V FaceRecognizeThread_YUV: in while,thread=Thread-17
04-22 16:40:41.187  1272  1396 V FaceRecognizeThread_YUV: thread end,thread=Thread-17
04-22 16:40:41.187  1272  1396 V FaceRecognizeThread_YUV: in while,thread=Thread-17
04-22 16:40:41.208  1272  1396 V FaceRecognizeThread_YUV: thread end,thread=Thread-17
04-22 16:40:41.208  1272  1396 V FaceRecognizeThread_YUV: in while,thread=Thread-17
04-22 16:40:41.229  1272  1396 V FaceRecognizeThread_YUV: thread end,thread=Thread-17
04-22 16:40:41.229  1272  1396 V FaceRecognizeThread_YUV: in while,thread=Thread-17
04-22 16:40:41.249  1272  1396 V FaceRecognizeThread_YUV: thread end,thread=Thread-17
04-22 16:40:41.250  1272  1396 V FaceRecognizeThread_YUV: in while,thread=Thread-17
04-22 16:40:41.270  1272  1396 V FaceRecognizeThread_YUV: thread end,thread=Thread-17
04-22 16:40:41.270  1272  1396 V FaceRecognizeThread_YUV: in while,thread=Thread-17
04-22 16:40:41.291  1272  1396 V FaceRecognizeThread_YUV: thread end,thread=Thread-17
04-22 16:40:41.291  1272  1396 V FaceRecognizeThread_YUV: in while,thread=Thread-17
04-22 16:40:41.312  1272  1396 V FaceRecognizeThread_YUV: thread end,thread=Thread-17
04-22 16:40:41.313  1272  1396 V FaceRecognizeThread_YUV: in while,thread=Thread-17
04-22 16:40:41.334  1272  1396 V FaceRecognizeThread_YUV: thread end,thread=Thread-17
04-22 16:40:41.334  1272  1396 V FaceRecognizeThread_YUV: in while,thread=Thread-17
04-22 16:40:41.354  1272  1396 V FaceRecognizeThread_YUV: thread end,thread=Thread-17
04-22 16:40:41.354  1272  1396 V FaceRecognizeThread_YUV: in while,thread=Thread-17
04-22 16:40:41.375  1272  1396 V FaceRecognizeThread_YUV: thread end,thread=Thread-17
04-22 16:40:41.375  1272  1396 V FaceRecognizeThread_YUV: in while,thread=Thread-17
04-22 16:40:41.396  1272  1396 V FaceRecognizeThread_YUV: thread end,thread=Thread-17
04-22 16:40:41.396  1272  1396 V FaceRecognizeThread_YUV: in while,thread=Thread-17
04-22 16:40:41.416  1272  1396 V FaceRecognizeThread_YUV: thread end,thread=Thread-17
04-22 16:40:41.416  1272  1396 V FaceRecognizeThread_YUV: in while,thread=Thread-17
04-22 16:40:41.437  1272  1396 V FaceRecognizeThread_YUV: thread end,thread=Thread-17
04-22 16:40:41.439  1272  1396 V FaceRecognizeThread_YUV: in while,thread=Thread-17
04-22 16:40:41.459  1272  1396 V FaceRecognizeThread_YUV: thread end,thread=Thread-17
04-22 16:40:41.460  1272  1396 V FaceRecognizeThread_YUV: in while,thread=Thread-17
04-22 16:40:41.480  1272  1396 V FaceRecognizeThread_YUV: thread end,thread=Thread-17
04-22 16:40:41.481  1272  1396 V FaceRecognizeThread_YUV: in while,thread=Thread-17
04-22 16:40:41.501  1272  1396 V FaceRecognizeThread_YUV: thread end,thread=Thread-17
04-22 16:40:41.501  1272  1396 V FaceRecognizeThread_YUV: in while,thread=Thread-17
04-22 16:40:41.522  1272  1396 V FaceRecognizeThread_YUV: thread end,thread=Thread-17
04-22 16:40:41.522  1272  1396 V FaceRecognizeThread_YUV: in while,thread=Thread-17
04-22 16:40:41.543  1272  1396 V FaceRecognizeThread_YUV: thread end,thread=Thread-17
04-22 16:40:41.543  1272  1396 V FaceRecognizeThread_YUV: in while,thread=Thread-17
04-22 16:40:41.563  1272  1396 V FaceRecognizeThread_YUV: thread end,thread=Thread-17
04-22 16:40:41.563  1272  1396 V FaceRecognizeThread_YUV: in while,thread=Thread-17
04-22 16:40:41.584  1272  1396 V FaceRecognizeThread_YUV: thread end,thread=Thread-17
04-22 16:40:41.584  1272  1396 V FaceRecognizeThread_YUV: in while,thread=Thread-17
04-22 16:40:41.606  1272  1396 V FaceRecognizeThread_YUV: thread end,thread=Thread-17
04-22 16:40:41.606  1272  1396 V FaceRecognizeThread_YUV: in while,thread=Thread-17
04-22 16:40:41.627  1272  1396 V FaceRecognizeThread_YUV: thread end,thread=Thread-17
04-22 16:40:41.627  1272  1396 V FaceRecognizeThread_YUV: in while,thread=Thread-17
04-22 16:40:41.647  1272  1396 V FaceRecognizeThread_YUV: thread end,thread=Thread-17
04-22 16:40:41.647  1272  1396 V FaceRecognizeThread_YUV: in while,thread=Thread-17
04-22 16:40:41.656  1272  1294 D CrashReport: waiting!
04-22 16:40:41.668  1272  1396 V FaceRecognizeThread_YUV: thread end,thread=Thread-17
04-22 16:40:41.668  1272  1396 V FaceRecognizeThread_YUV: in while,thread=Thread-17
04-22 16:40:41.689  1272  1396 V FaceRecognizeThread_YUV: thread end,thread=Thread-17
04-22 16:40:41.690  1272  1396 V FaceRecognizeThread_YUV: in while,thread=Thread-17
04-22 16:40:41.710  1272  1396 V FaceRecognizeThread_YUV: thread end,thread=Thread-17
04-22 16:40:41.711  1272  1396 V FaceRecognizeThread_YUV: in while,thread=Thread-17
04-22 16:40:41.731  1272  1396 V FaceRecognizeThread_YUV: thread end,thread=Thread-17
04-22 16:40:41.733  1272  1396 V FaceRecognizeThread_YUV: in while,thread=Thread-17
04-22 16:40:41.754  1272  1396 V FaceRecognizeThread_YUV: thread end,thread=Thread-17
04-22 16:40:41.754  1272  1396 V FaceRecognizeThread_YUV: in while,thread=Thread-17
04-22 16:40:41.775  1272  1396 V FaceRecognizeThread_YUV: thread end,thread=Thread-17
04-22 16:40:41.776  1272  1396 V FaceRecognizeThread_YUV: in while,thread=Thread-17
04-22 16:40:41.796  1272  1396 V FaceRecognizeThread_YUV: thread end,thread=Thread-17
04-22 16:40:41.796  1272  1396 V FaceRecognizeThread_YUV: in while,thread=Thread-17
04-22 16:40:41.817  1272  1396 V FaceRecognizeThread_YUV: thread end,thread=Thread-17
04-22 16:40:41.818  1272  1396 V FaceRecognizeThread_YUV: in while,thread=Thread-17
04-22 16:40:41.838  1272  1396 V FaceRecognizeThread_YUV: thread end,thread=Thread-17
04-22 16:40:41.838  1272  1396 V FaceRecognizeThread_YUV: in while,thread=Thread-17
04-22 16:40:41.859  1272  1396 V FaceRecognizeThread_YUV: thread end,thread=Thread-17
04-22 16:40:41.859  1272  1396 V FaceRecognizeThread_YUV: in while,thread=Thread-17
04-22 16:40:41.880  1272  1396 V FaceRecognizeThread_YUV: thread end,thread=Thread-17
04-22 16:40:41.880  1272  1396 V FaceRecognizeThread_YUV: in while,thread=Thread-17
04-22 16:40:41.901  1272  1396 V FaceRecognizeThread_YUV: thread end,thread=Thread-17
04-22 16:40:41.901  1272  1396 V FaceRecognizeThread_YUV: in while,thread=Thread-17
04-22 16:40:41.922  1272  1396 V FaceRecognizeThread_YUV: thread end,thread=Thread-17
04-22 16:40:41.922  1272  1396 V FaceRecognizeThread_YUV: in while,thread=Thread-17
04-22 16:40:41.942  1272  1396 V FaceRecognizeThread_YUV: thread end,thread=Thread-17
04-22 16:40:41.942  1272  1396 V FaceRecognizeThread_YUV: in while,thread=Thread-17
04-22 16:40:41.963  1272  1396 V FaceRecognizeThread_YUV: thread end,thread=Thread-17
04-22 16:40:41.963  1272  1396 V FaceRecognizeThread_YUV: in while,thread=Thread-17
04-22 16:40:41.984  1272  1396 V FaceRecognizeThread_YUV: thread end,thread=Thread-17
04-22 16:40:41.984  1272  1396 V FaceRecognizeThread_YUV: in while,thread=Thread-17
04-22 16:40:42.005  1272  1396 V FaceRecognizeThread_YUV: thread end,thread=Thread-17
04-22 16:40:42.005  1272  1396 V FaceRecognizeThread_YUV: in while,thread=Thread-17
04-22 16:40:42.025  1272  1396 V FaceRecognizeThread_YUV: thread end,thread=Thread-17
04-22 16:40:42.026  1272  1396 V FaceRecognizeThread_YUV: in while,thread=Thread-17
04-22 16:40:42.046  1272  1396 V FaceRecognizeThread_YUV: thread end,thread=Thread-17
04-22 16:40:42.046  1272  1396 V FaceRecognizeThread_YUV: in while,thread=Thread-17
04-22 16:40:42.067  1272  1396 V FaceRecognizeThread_YUV: thread end,thread=Thread-17
04-22 16:40:42.067  1272  1396 V FaceRecognizeThread_YUV: in while,thread=Thread-17
04-22 16:40:42.087  1272  1396 V FaceRecognizeThread_YUV: thread end,thread=Thread-17
04-22 16:40:42.087  1272  1396 V FaceRecognizeThread_YUV: in while,thread=Thread-17
04-22 16:40:42.108  1272  1396 V FaceRecognizeThread_YUV: thread end,thread=Thread-17
04-22 16:40:42.108  1272  1396 V FaceRecognizeThread_YUV: in while,thread=Thread-17
04-22 16:40:42.129  1272  1396 V FaceRecognizeThread_YUV: thread end,thread=Thread-17
04-22 16:40:42.129  1272  1396 V FaceRecognizeThread_YUV: in while,thread=Thread-17
04-22 16:40:42.150  1272  1396 V FaceRecognizeThread_YUV: thread end,thread=Thread-17
04-22 16:40:42.150  1272  1396 V FaceRecognizeThread_YUV: in while,thread=Thread-17
04-22 16:40:42.158  1272  1294 D CrashReport: waiting!
04-22 16:40:42.171  1272  1396 V FaceRecognizeThread_YUV: thread end,thread=Thread-17
04-22 16:40:42.171  1272  1396 V FaceRecognizeThread_YUV: in while,thread=Thread-17
04-22 16:40:42.191  1272  1396 V FaceRecognizeThread_YUV: thread end,thread=Thread-17
04-22 16:40:42.191  1272  1396 V FaceRecognizeThread_YUV: in while,thread=Thread-17
04-22 16:40:42.212  1272  1396 V FaceRecognizeThread_YUV: thread end,thread=Thread-17
04-22 16:40:42.212  1272  1396 V FaceRecognizeThread_YUV: in while,thread=Thread-17
04-22 16:40:42.233  1272  1396 V FaceRecognizeThread_YUV: thread end,thread=Thread-17
04-22 16:40:42.233  1272  1396 V FaceRecognizeThread_YUV: in while,thread=Thread-17
04-22 16:40:42.254  1272  1396 V FaceRecognizeThread_YUV: thread end,thread=Thread-17
04-22 16:40:42.254  1272  1396 V FaceRecognizeThread_YUV: in while,thread=Thread-17
04-22 16:40:42.274  1272  1396 V FaceRecognizeThread_YUV: thread end,thread=Thread-17
04-22 16:40:42.274  1272  1396 V FaceRecognizeThread_YUV: in while,thread=Thread-17
04-22 16:40:42.295  1272  1396 V FaceRecognizeThread_YUV: thread end,thread=Thread-17
04-22 16:40:42.295  1272  1396 V FaceRecognizeThread_YUV: in while,thread=Thread-17
04-22 16:40:42.315  1272  1396 V FaceRecognizeThread_YUV: thread end,thread=Thread-17
04-22 16:40:42.316  1272  1396 V FaceRecognizeThread_YUV: in while,thread=Thread-17
04-22 16:40:42.336  1272  1396 V FaceRecognizeThread_YUV: thread end,thread=Thread-17
04-22 16:40:42.336  1272  1396 V FaceRecognizeThread_YUV: in while,thread=Thread-17
04-22 16:40:42.356  1272  1396 V FaceRecognizeThread_YUV: thread end,thread=Thread-17
04-22 16:40:42.357  1272  1396 V FaceRecognizeThread_YUV: in while,thread=Thread-17
04-22 16:40:42.377  1272  1396 V FaceRecognizeThread_YUV: thread end,thread=Thread-17
04-22 16:40:42.377  1272  1396 V FaceRecognizeThread_YUV: in while,thread=Thread-17
04-22 16:40:42.398  1272  1396 V FaceRecognizeThread_YUV: thread end,thread=Thread-17
04-22 16:40:42.398  1272  1396 V FaceRecognizeThread_YUV: in while,thread=Thread-17
04-22 16:40:42.418  1272  1396 V FaceRecognizeThread_YUV: thread end,thread=Thread-17
04-22 16:40:42.418  1272  1396 V FaceRecognizeThread_YUV: in while,thread=Thread-17
04-22 16:40:42.439  1272  1396 V FaceRecognizeThread_YUV: thread end,thread=Thread-17
04-22 16:40:42.439  1272  1396 V FaceRecognizeThread_YUV: in while,thread=Thread-17
04-22 16:40:42.460  1272  1396 V FaceRecognizeThread_YUV: thread end,thread=Thread-17
04-22 16:40:42.460  1272  1396 V FaceRecognizeThread_YUV: in while,thread=Thread-17
04-22 16:40:42.480  1272  1396 V FaceRecognizeThread_YUV: thread end,thread=Thread-17
04-22 16:40:42.480  1272  1396 V FaceRecognizeThread_YUV: in while,thread=Thread-17
04-22 16:40:42.501  1272  1396 V FaceRecognizeThread_YUV: thread end,thread=Thread-17
04-22 16:40:42.501  1272  1396 V FaceRecognizeThread_YUV: in while,thread=Thread-17
04-22 16:40:42.522  1272  1396 V FaceRecognizeThread_YUV: thread end,thread=Thread-17
04-22 16:40:42.522  1272  1396 V FaceRecognizeThread_YUV: in while,thread=Thread-17
04-22 16:40:42.542  1272  1396 V FaceRecognizeThread_YUV: thread end,thread=Thread-17
04-22 16:40:42.543  1272  1396 V FaceRecognizeThread_YUV: in while,thread=Thread-17
04-22 16:40:42.563  1272  1396 V FaceRecognizeThread_YUV: thread end,thread=Thread-17
04-22 16:40:42.563  1272  1396 V FaceRecognizeThread_YUV: in while,thread=Thread-17
04-22 16:40:42.584  1272  1396 V FaceRecognizeThread_YUV: thread end,thread=Thread-17
04-22 16:40:42.584  1272  1396 V FaceRecognizeThread_YUV: in while,thread=Thread-17
04-22 16:40:42.605  1272  1396 V FaceRecognizeThread_YUV: thread end,thread=Thread-17
04-22 16:40:42.605  1272  1396 V FaceRecognizeThread_YUV: in while,thread=Thread-17
04-22 16:40:42.625  1272  1396 V FaceRecognizeThread_YUV: thread end,thread=Thread-17
04-22 16:40:42.625  1272  1396 V FaceRecognizeThread_YUV: in while,thread=Thread-17
04-22 16:40:42.646  1272  1396 V FaceRecognizeThread_YUV: thread end,thread=Thread-17
04-22 16:40:42.646  1272  1396 V FaceRecognizeThread_YUV: in while,thread=Thread-17
04-22 16:40:42.659  1272  1294 D CrashReport: waiting!
04-22 16:40:42.666  1272  1396 V FaceRecognizeThread_YUV: thread end,thread=Thread-17
04-22 16:40:42.666  1272  1396 V FaceRecognizeThread_YUV: in while,thread=Thread-17
04-22 16:40:42.687  1272  1396 V FaceRecognizeThread_YUV: thread end,thread=Thread-17
04-22 16:40:42.687  1272  1396 V FaceRecognizeThread_YUV: in while,thread=Thread-17
04-22 16:40:42.708  1272  1396 V FaceRecognizeThread_YUV: thread end,thread=Thread-17
04-22 16:40:42.708  1272  1396 V FaceRecognizeThread_YUV: in while,thread=Thread-17
04-22 16:40:42.728  1272  1396 V FaceRecognizeThread_YUV: thread end,thread=Thread-17
04-22 16:40:42.728  1272  1396 V FaceRecognizeThread_YUV: in while,thread=Thread-17
04-22 16:40:42.749  1272  1396 V FaceRecognizeThread_YUV: thread end,thread=Thread-17
04-22 16:40:42.749  1272  1396 V FaceRecognizeThread_YUV: in while,thread=Thread-17
04-22 16:40:42.770  1272  1396 V FaceRecognizeThread_YUV: thread end,thread=Thread-17
04-22 16:40:42.770  1272  1396 V FaceRecognizeThread_YUV: in while,thread=Thread-17
04-22 16:40:42.790  1272  1396 V FaceRecognizeThread_YUV: thread end,thread=Thread-17
04-22 16:40:42.791  1272  1396 V FaceRecognizeThread_YUV: in while,thread=Thread-17
04-22 16:40:42.811  1272  1396 V FaceRecognizeThread_YUV: thread end,thread=Thread-17
04-22 16:40:42.811  1272  1396 V FaceRecognizeThread_YUV: in while,thread=Thread-17
04-22 16:40:42.832  1272  1396 V FaceRecognizeThread_YUV: thread end,thread=Thread-17
04-22 16:40:42.833  1272  1396 V FaceRecognizeThread_YUV: in while,thread=Thread-17
04-22 16:40:42.853  1272  1396 V FaceRecognizeThread_YUV: thread end,thread=Thread-17
04-22 16:40:42.853  1272  1396 V FaceRecognizeThread_YUV: in while,thread=Thread-17
04-22 16:40:42.874  1272  1396 V FaceRecognizeThread_YUV: thread end,thread=Thread-17
04-22 16:40:42.874  1272  1396 V FaceRecognizeThread_YUV: in while,thread=Thread-17
04-22 16:40:42.894  1272  1396 V FaceRecognizeThread_YUV: thread end,thread=Thread-17
04-22 16:40:42.894  1272  1396 V FaceRecognizeThread_YUV: in while,thread=Thread-17
04-22 16:40:42.915  1272  1396 V FaceRecognizeThread_YUV: thread end,thread=Thread-17
04-22 16:40:42.915  1272  1396 V FaceRecognizeThread_YUV: in while,thread=Thread-17
04-22 16:40:42.935  1272  1396 V FaceRecognizeThread_YUV: thread end,thread=Thread-17
04-22 16:40:42.936  1272  1396 V FaceRecognizeThread_YUV: in while,thread=Thread-17
04-22 16:40:42.956  1272  1396 V FaceRecognizeThread_YUV: thread end,thread=Thread-17
04-22 16:40:42.956  1272  1396 V FaceRecognizeThread_YUV: in while,thread=Thread-17
04-22 16:40:42.977  1272  1396 V FaceRecognizeThread_YUV: thread end,thread=Thread-17
04-22 16:40:42.977  1272  1396 V FaceRecognizeThread_YUV: in while,thread=Thread-17
04-22 16:40:42.998  1272  1396 V FaceRecognizeThread_YUV: thread end,thread=Thread-17
04-22 16:40:42.998  1272  1396 V FaceRecognizeThread_YUV: in while,thread=Thread-17
04-22 16:40:43.019  1272  1396 V FaceRecognizeThread_YUV: thread end,thread=Thread-17
04-22 16:40:43.019  1272  1396 V FaceRecognizeThread_YUV: in while,thread=Thread-17
04-22 16:40:43.040  1272  1396 V FaceRecognizeThread_YUV: thread end,thread=Thread-17
04-22 16:40:43.040  1272  1396 V FaceRecognizeThread_YUV: in while,thread=Thread-17
04-22 16:40:43.060  1272  1396 V FaceRecognizeThread_YUV: thread end,thread=Thread-17
04-22 16:40:43.061  1272  1396 V FaceRecognizeThread_YUV: in while,thread=Thread-17
04-22 16:40:43.081  1272  1396 V FaceRecognizeThread_YUV: thread end,thread=Thread-17
04-22 16:40:43.081  1272  1396 V FaceRecognizeThread_YUV: in while,thread=Thread-17
04-22 16:40:43.102  1272  1396 V FaceRecognizeThread_YUV: thread end,thread=Thread-17
04-22 16:40:43.102  1272  1396 V FaceRecognizeThread_YUV: in while,thread=Thread-17
04-22 16:40:43.123  1272  1396 V FaceRecognizeThread_YUV: thread end,thread=Thread-17
04-22 16:40:43.123  1272  1396 V FaceRecognizeThread_YUV: in while,thread=Thread-17
04-22 16:40:43.144  1272  1396 V FaceRecognizeThread_YUV: thread end,thread=Thread-17
04-22 16:40:43.144  1272  1396 V FaceRecognizeThread_YUV: in while,thread=Thread-17
04-22 16:40:43.161  1272  1294 D CrashReport: waiting!
04-22 16:40:43.164  1272  1396 V FaceRecognizeThread_YUV: thread end,thread=Thread-17
04-22 16:40:43.164  1272  1396 V FaceRecognizeThread_YUV: in while,thread=Thread-17
04-22 16:40:43.185  1272  1396 V FaceRecognizeThread_YUV: thread end,thread=Thread-17
04-22 16:40:43.185  1272  1396 V FaceRecognizeThread_YUV: in while,thread=Thread-17
04-22 16:40:43.205  1272  1396 V FaceRecognizeThread_YUV: thread end,thread=Thread-17
04-22 16:40:43.205  1272  1396 V FaceRecognizeThread_YUV: in while,thread=Thread-17
04-22 16:40:43.226  1272  1396 V FaceRecognizeThread_YUV: thread end,thread=Thread-17
04-22 16:40:43.226  1272  1396 V FaceRecognizeThread_YUV: in while,thread=Thread-17
04-22 16:40:43.246  1272  1396 V FaceRecognizeThread_YUV: thread end,thread=Thread-17
04-22 16:40:43.246  1272  1396 V FaceRecognizeThread_YUV: in while,thread=Thread-17
04-22 16:40:43.267  1272  1396 V FaceRecognizeThread_YUV: thread end,thread=Thread-17
04-22 16:40:43.267  1272  1396 V FaceRecognizeThread_YUV: in while,thread=Thread-17
04-22 16:40:43.288  1272  1396 V FaceRecognizeThread_YUV: thread end,thread=Thread-17
04-22 16:40:43.288  1272  1396 V FaceRecognizeThread_YUV: in while,thread=Thread-17
04-22 16:40:43.308  1272  1396 V FaceRecognizeThread_YUV: thread end,thread=Thread-17
04-22 16:40:43.309  1272  1396 V FaceRecognizeThread_YUV: in while,thread=Thread-17
04-22 16:40:43.329  1272  1396 V FaceRecognizeThread_YUV: thread end,thread=Thread-17
04-22 16:40:43.329  1272  1396 V FaceRecognizeThread_YUV: in while,thread=Thread-17
04-22 16:40:43.350  1272  1396 V FaceRecognizeThread_YUV: thread end,thread=Thread-17
04-22 16:40:43.350  1272  1396 V FaceRecognizeThread_YUV: in while,thread=Thread-17
04-22 16:40:43.371  1272  1396 V FaceRecognizeThread_YUV: thread end,thread=Thread-17
04-22 16:40:43.371  1272  1396 V FaceRecognizeThread_YUV: in while,thread=Thread-17
04-22 16:40:43.392  1272  1396 V FaceRecognizeThread_YUV: thread end,thread=Thread-17
04-22 16:40:43.392  1272  1396 V FaceRecognizeThread_YUV: in while,thread=Thread-17
04-22 16:40:43.412  1272  1396 V FaceRecognizeThread_YUV: thread end,thread=Thread-17
04-22 16:40:43.412  1272  1396 V FaceRecognizeThread_YUV: in while,thread=Thread-17
04-22 16:40:43.433  1272  1396 V FaceRecognizeThread_YUV: thread end,thread=Thread-17
04-22 16:40:43.433  1272  1396 V FaceRecognizeThread_YUV: in while,thread=Thread-17
04-22 16:40:43.453  1272  1396 V FaceRecognizeThread_YUV: thread end,thread=Thread-17
04-22 16:40:43.454  1272  1396 V FaceRecognizeThread_YUV: in while,thread=Thread-17
04-22 16:40:43.474  1272  1396 V FaceRecognizeThread_YUV: thread end,thread=Thread-17
04-22 16:40:43.474  1272  1396 V FaceRecognizeThread_YUV: in while,thread=Thread-17
04-22 16:40:43.495  1272  1396 V FaceRecognizeThread_YUV: thread end,thread=Thread-17
04-22 16:40:43.495  1272  1396 V FaceRecognizeThread_YUV: in while,thread=Thread-17
04-22 16:40:43.511   386   527 D audio_hw_primary: out_standby: enter: usecase(0: low-latency-playback), adev=0xf0a8c000, out=0xf0fd0000
04-22 16:40:43.512   386   527 D audio_hw_primary: stop_output_stream: enter: usecase(0: low-latency-playback), adev=0xf0a8c000, out=0xf0fd0000
04-22 16:40:43.512   386   527 D audio_hw_primary: disable_snd_device: count=1, snd_device(2,speaker), usecase =0, offload_disable=1
04-22 16:40:43.512   386   527 D audio_hw_primary: disable_snd_device: reset snd_device(2: speaker)
04-22 16:40:43.515   386   527 V audio_hw_primary: platform_add_backend_name: path=low-latency-playback, adev->mode=0, usecase->id=0
04-22 16:40:43.516  1272  1396 V FaceRecognizeThread_YUV: thread end,thread=Thread-17
04-22 16:40:43.516  1272  1396 V FaceRecognizeThread_YUV: in while,thread=Thread-17
04-22 16:40:43.527   386   527 V audio_hw_primary: disable_audio_route: type=1, usecase=(0,low-latency-playback), snd_device=speaker, mixer_path=low-latency-playback
04-22 16:40:43.527   386   527 D audio_hw_primary: stop_output_stream: exit: status(0)
04-22 16:40:43.527   383   433 D adspd   : [ADSP][   113.983765][audsrv  ] stream eos(id 0x0, type 0x1)
04-22 16:40:43.527   383   433 D adspd   : [ADSP][   113.983795][audsrv  ] stream eos(id 0x0, type 0x1)
04-22 16:40:43.528   383   433 I adspd   : [ADSP][   113.983856][audipc  ] audio_ipc pause stream type                      0x00010000 services/audio/audio_ipc.c:265
04-22 16:40:43.528   383   433 D adspd   : [ADSP][   113.983856][audsrv  ] stream stop(id 0x0, type 0x1)
04-22 16:40:43.528   383   433 D adspd   : [ADSP][   113.983887][audsrv  ] audio out close(id 0x0)
04-22 16:40:43.528   386   527 D audio_fifo: report_usecase_status: 210 low_latency_enable=0
04-22 16:40:43.528   383   433 D adspd   : [ADSP][   113.983917][audsrv  ] stream exit(id 0x0, type0x1)
04-22 16:40:43.528   383   433 D adspd   : [ADSP][   113.983948][audsrv  ] stream free done(id 0x0, type 0x1)
04-22 16:40:43.528   383   433 D adspd   : [ADSP][   113.983948][audsrv  ] release_adsp_wakelock: wake=0, level=2
04-22 16:40:43.528   386   527 D audio_hw_primary: out_standby: usecase (low-latency-playback) exit
04-22 16:40:43.537  1272  1396 V FaceRecognizeThread_YUV: thread end,thread=Thread-17
04-22 16:40:43.537  1272  1396 V FaceRecognizeThread_YUV: in while,thread=Thread-17
04-22 16:40:43.557  1272  1396 V FaceRecognizeThread_YUV: thread end,thread=Thread-17
04-22 16:40:43.558  1272  1396 V FaceRecognizeThread_YUV: in while,thread=Thread-17
04-22 16:40:43.578  1272  1396 V FaceRecognizeThread_YUV: thread end,thread=Thread-17
04-22 16:40:43.578  1272  1396 V FaceRecognizeThread_YUV: in while,thread=Thread-17
04-22 16:40:43.599  1272  1396 V FaceRecognizeThread_YUV: thread end,thread=Thread-17
04-22 16:40:43.599  1272  1396 V FaceRecognizeThread_YUV: in while,thread=Thread-17
04-22 16:40:43.620  1272  1396 V FaceRecognizeThread_YUV: thread end,thread=Thread-17
04-22 16:40:43.620  1272  1396 V FaceRecognizeThread_YUV: in while,thread=Thread-17
04-22 16:40:43.621  1706  1721 I zygote  : Waiting for a blocking GC ProfileSaver
04-22 16:40:43.638  1706  1721 I zygote  : Waiting for a blocking GC ProfileSaver
04-22 16:40:43.638  1706  1721 I zygote  : WaitForGcToComplete blocked ProfileSaver on HeapTrim for 17.496ms
04-22 16:40:43.641  1272  1396 V FaceRecognizeThread_YUV: thread end,thread=Thread-17
04-22 16:40:43.641  1272  1396 V FaceRecognizeThread_YUV: in while,thread=Thread-17
04-22 16:40:43.662  1272  1294 D CrashReport: waiting!
04-22 16:40:43.662  1272  1396 V FaceRecognizeThread_YUV: thread end,thread=Thread-17
04-22 16:40:43.663  1272  1396 V FaceRecognizeThread_YUV: in while,thread=Thread-17
04-22 16:40:43.684  1272  1396 V FaceRecognizeThread_YUV: thread end,thread=Thread-17
04-22 16:40:43.684  1272  1396 V FaceRecognizeThread_YUV: in while,thread=Thread-17
04-22 16:40:43.704  1272  1396 V FaceRecognizeThread_YUV: thread end,thread=Thread-17
04-22 16:40:43.705  1272  1396 V FaceRecognizeThread_YUV: in while,thread=Thread-17
04-22 16:40:43.725  1272  1396 V FaceRecognizeThread_YUV: thread end,thread=Thread-17
04-22 16:40:43.726  1272  1396 V FaceRecognizeThread_YUV: in while,thread=Thread-17
04-22 16:40:43.746  1272  1396 V FaceRecognizeThread_YUV: thread end,thread=Thread-17
04-22 16:40:43.746  1272  1396 V FaceRecognizeThread_YUV: in while,thread=Thread-17
04-22 16:40:43.767  1272  1396 V FaceRecognizeThread_YUV: thread end,thread=Thread-17
04-22 16:40:43.767  1272  1396 V FaceRecognizeThread_YUV: in while,thread=Thread-17
04-22 16:40:43.788  1272  1396 V FaceRecognizeThread_YUV: thread end,thread=Thread-17
04-22 16:40:43.788  1272  1396 V FaceRecognizeThread_YUV: in while,thread=Thread-17
04-22 16:40:43.809  1272  1396 V FaceRecognizeThread_YUV: thread end,thread=Thread-17
04-22 16:40:43.809  1272  1396 V FaceRecognizeThread_YUV: in while,thread=Thread-17
04-22 16:40:43.830  1272  1396 V FaceRecognizeThread_YUV: thread end,thread=Thread-17
04-22 16:40:43.830  1272  1396 V FaceRecognizeThread_YUV: in while,thread=Thread-17
04-22 16:40:43.851  1272  1396 V FaceRecognizeThread_YUV: thread end,thread=Thread-17
04-22 16:40:43.851  1272  1396 V FaceRecognizeThread_YUV: in while,thread=Thread-17
04-22 16:40:43.872  1272  1396 V FaceRecognizeThread_YUV: thread end,thread=Thread-17
04-22 16:40:43.872  1272  1396 V FaceRecognizeThread_YUV: in while,thread=Thread-17
04-22 16:40:43.892  1272  1396 V FaceRecognizeThread_YUV: thread end,thread=Thread-17
04-22 16:40:43.893  1272  1396 V FaceRecognizeThread_YUV: in while,thread=Thread-17
04-22 16:40:43.913  1272  1396 V FaceRecognizeThread_YUV: thread end,thread=Thread-17
04-22 16:40:43.914  1272  1396 V FaceRecognizeThread_YUV: in while,thread=Thread-17
04-22 16:40:43.934  1272  1396 V FaceRecognizeThread_YUV: thread end,thread=Thread-17
04-22 16:40:43.934  1272  1396 V FaceRecognizeThread_YUV: in while,thread=Thread-17
04-22 16:40:43.955  1272  1396 V FaceRecognizeThread_YUV: thread end,thread=Thread-17
04-22 16:40:43.955  1272  1396 V FaceRecognizeThread_YUV: in while,thread=Thread-17
04-22 16:40:43.976  1272  1396 V FaceRecognizeThread_YUV: thread end,thread=Thread-17
04-22 16:40:43.977  1272  1396 V FaceRecognizeThread_YUV: in while,thread=Thread-17
04-22 16:40:43.997  1272  1396 V FaceRecognizeThread_YUV: thread end,thread=Thread-17
04-22 16:40:43.997  1272  1396 V FaceRecognizeThread_YUV: in while,thread=Thread-17
04-22 16:40:44.018  1272  1396 V FaceRecognizeThread_YUV: thread end,thread=Thread-17
04-22 16:40:44.018  1272  1396 V FaceRecognizeThread_YUV: in while,thread=Thread-17
04-22 16:40:44.039  1272  1396 V FaceRecognizeThread_YUV: thread end,thread=Thread-17
04-22 16:40:44.039  1272  1396 V FaceRecognizeThread_YUV: in while,thread=Thread-17
04-22 16:40:44.060  1272  1396 V FaceRecognizeThread_YUV: thread end,thread=Thread-17
04-22 16:40:44.060  1272  1396 V FaceRecognizeThread_YUV: in while,thread=Thread-17
04-22 16:40:44.080  1272  1396 V FaceRecognizeThread_YUV: thread end,thread=Thread-17
04-22 16:40:44.081  1272  1396 V FaceRecognizeThread_YUV: in while,thread=Thread-17
04-22 16:40:44.101  1272  1396 V FaceRecognizeThread_YUV: thread end,thread=Thread-17
04-22 16:40:44.101  1272  1396 V FaceRecognizeThread_YUV: in while,thread=Thread-17
04-22 16:40:44.122  1272  1396 V FaceRecognizeThread_YUV: thread end,thread=Thread-17
04-22 16:40:44.122  1272  1396 V FaceRecognizeThread_YUV: in while,thread=Thread-17
04-22 16:40:44.143  1272  1396 V FaceRecognizeThread_YUV: thread end,thread=Thread-17
04-22 16:40:44.143  1272  1396 V FaceRecognizeThread_YUV: in while,thread=Thread-17
04-22 16:40:44.163  1272  1294 D CrashReport: waiting!
04-22 16:40:44.164  1272  1396 V FaceRecognizeThread_YUV: thread end,thread=Thread-17
04-22 16:40:44.164  1272  1396 V FaceRecognizeThread_YUV: in while,thread=Thread-17
04-22 16:40:44.185  1272  1396 V FaceRecognizeThread_YUV: thread end,thread=Thread-17
04-22 16:40:44.185  1272  1396 V FaceRecognizeThread_YUV: in while,thread=Thread-17
04-22 16:40:44.206  1272  1396 V FaceRecognizeThread_YUV: thread end,thread=Thread-17
04-22 16:40:44.206  1272  1396 V FaceRecognizeThread_YUV: in while,thread=Thread-17
04-22 16:40:44.227  1272  1396 V FaceRecognizeThread_YUV: thread end,thread=Thread-17
04-22 16:40:44.227  1272  1396 V FaceRecognizeThread_YUV: in while,thread=Thread-17
04-22 16:40:44.247  1272  1396 V FaceRecognizeThread_YUV: thread end,thread=Thread-17
04-22 16:40:44.248  1272  1396 V FaceRecognizeThread_YUV: in while,thread=Thread-17
04-22 16:40:44.268  1272  1396 V FaceRecognizeThread_YUV: thread end,thread=Thread-17
04-22 16:40:44.269  1272  1396 V FaceRecognizeThread_YUV: in while,thread=Thread-17
04-22 16:40:44.289  1272  1396 V FaceRecognizeThread_YUV: thread end,thread=Thread-17
04-22 16:40:44.289  1272  1396 V FaceRecognizeThread_YUV: in while,thread=Thread-17
04-22 16:40:44.310  1272  1396 V FaceRecognizeThread_YUV: thread end,thread=Thread-17
04-22 16:40:44.310  1272  1396 V FaceRecognizeThread_YUV: in while,thread=Thread-17
04-22 16:40:44.331  1272  1396 V FaceRecognizeThread_YUV: thread end,thread=Thread-17
04-22 16:40:44.331  1272  1396 V FaceRecognizeThread_YUV: in while,thread=Thread-17
04-22 16:40:44.352  1272  1396 V FaceRecognizeThread_YUV: thread end,thread=Thread-17
04-22 16:40:44.352  1272  1396 V FaceRecognizeThread_YUV: in while,thread=Thread-17
04-22 16:40:44.372  1272  1396 V FaceRecognizeThread_YUV: thread end,thread=Thread-17
04-22 16:40:44.373  1272  1396 V FaceRecognizeThread_YUV: in while,thread=Thread-17
04-22 16:40:44.394  1272  1396 V FaceRecognizeThread_YUV: thread end,thread=Thread-17
04-22 16:40:44.394  1272  1396 V FaceRecognizeThread_YUV: in while,thread=Thread-17
04-22 16:40:44.414  1272  1396 V FaceRecognizeThread_YUV: thread end,thread=Thread-17
04-22 16:40:44.415  1272  1396 V FaceRecognizeThread_YUV: in while,thread=Thread-17
04-22 16:40:44.435  1272  1396 V FaceRecognizeThread_YUV: thread end,thread=Thread-17
04-22 16:40:44.436  1272  1396 V FaceRecognizeThread_YUV: in while,thread=Thread-17
04-22 16:40:44.456  1272  1396 V FaceRecognizeThread_YUV: thread end,thread=Thread-17
04-22 16:40:44.456  1272  1396 V FaceRecognizeThread_YUV: in while,thread=Thread-17
04-22 16:40:44.477  1272  1396 V FaceRecognizeThread_YUV: thread end,thread=Thread-17
04-22 16:40:44.477  1272  1396 V FaceRecognizeThread_YUV: in while,thread=Thread-17
04-22 16:40:44.498  1272  1396 V FaceRecognizeThread_YUV: thread end,thread=Thread-17
04-22 16:40:44.498  1272  1396 V FaceRecognizeThread_YUV: in while,thread=Thread-17
04-22 16:40:44.519  1272  1396 V FaceRecognizeThread_YUV: thread end,thread=Thread-17
04-22 16:40:44.519  1272  1396 V FaceRecognizeThread_YUV: in while,thread=Thread-17
04-22 16:40:44.540  1272  1396 V FaceRecognizeThread_YUV: thread end,thread=Thread-17
04-22 16:40:44.540  1272  1396 V FaceRecognizeThread_YUV: in while,thread=Thread-17
04-22 16:40:44.561  1272  1396 V FaceRecognizeThread_YUV: thread end,thread=Thread-17
04-22 16:40:44.561  1272  1396 V FaceRecognizeThread_YUV: in while,thread=Thread-17
04-22 16:40:44.581  1272  1396 V FaceRecognizeThread_YUV: thread end,thread=Thread-17
04-22 16:40:44.582  1272  1396 V FaceRecognizeThread_YUV: in while,thread=Thread-17
04-22 16:40:44.602  1272  1396 V FaceRecognizeThread_YUV: thread end,thread=Thread-17
04-22 16:40:44.602  1272  1396 V FaceRecognizeThread_YUV: in while,thread=Thread-17
04-22 16:40:44.623  1272  1396 V FaceRecognizeThread_YUV: thread end,thread=Thread-17
04-22 16:40:44.623  1272  1396 V FaceRecognizeThread_YUV: in while,thread=Thread-17
04-22 16:40:44.644  1272  1396 V FaceRecognizeThread_YUV: thread end,thread=Thread-17
04-22 16:40:44.644  1272  1396 V FaceRecognizeThread_YUV: in while,thread=Thread-17
04-22 16:40:44.665  1272  1294 D CrashReport: waiting!
04-22 16:40:44.666  1272  1396 V FaceRecognizeThread_YUV: thread end,thread=Thread-17
04-22 16:40:44.666  1272  1396 V FaceRecognizeThread_YUV: in while,thread=Thread-17
04-22 16:40:44.687  1272  1396 V FaceRecognizeThread_YUV: thread end,thread=Thread-17
04-22 16:40:44.687  1272  1396 V FaceRecognizeThread_YUV: in while,thread=Thread-17
04-22 16:40:44.707  1272  1396 V FaceRecognizeThread_YUV: thread end,thread=Thread-17
04-22 16:40:44.708  1272  1396 V FaceRecognizeThread_YUV: in while,thread=Thread-17
04-22 16:40:44.728  1272  1396 V FaceRecognizeThread_YUV: thread end,thread=Thread-17
04-22 16:40:44.728  1272  1396 V FaceRecognizeThread_YUV: in while,thread=Thread-17
04-22 16:40:44.749  1272  1396 V FaceRecognizeThread_YUV: thread end,thread=Thread-17
04-22 16:40:44.749  1272  1396 V FaceRecognizeThread_YUV: in while,thread=Thread-17
04-22 16:40:44.770  1272  1396 V FaceRecognizeThread_YUV: thread end,thread=Thread-17
04-22 16:40:44.770  1272  1396 V FaceRecognizeThread_YUV: in while,thread=Thread-17
04-22 16:40:44.791  1272  1396 V FaceRecognizeThread_YUV: thread end,thread=Thread-17
04-22 16:40:44.791  1272  1396 V FaceRecognizeThread_YUV: in while,thread=Thread-17
04-22 16:40:44.812  1272  1396 V FaceRecognizeThread_YUV: thread end,thread=Thread-17
04-22 16:40:44.812  1272  1396 V FaceRecognizeThread_YUV: in while,thread=Thread-17
04-22 16:40:44.833  1272  1396 V FaceRecognizeThread_YUV: thread end,thread=Thread-17
04-22 16:40:44.833  1272  1396 V FaceRecognizeThread_YUV: in while,thread=Thread-17
04-22 16:40:44.854  1272  1396 V FaceRecognizeThread_YUV: thread end,thread=Thread-17
04-22 16:40:44.854  1272  1396 V FaceRecognizeThread_YUV: in while,thread=Thread-17
04-22 16:40:44.875  1272  1396 V FaceRecognizeThread_YUV: thread end,thread=Thread-17
04-22 16:40:44.875  1272  1396 V FaceRecognizeThread_YUV: in while,thread=Thread-17
04-22 16:40:44.896  1272  1396 V FaceRecognizeThread_YUV: thread end,thread=Thread-17
04-22 16:40:44.896  1272  1396 V FaceRecognizeThread_YUV: in while,thread=Thread-17
04-22 16:40:44.916  1272  1396 V FaceRecognizeThread_YUV: thread end,thread=Thread-17
04-22 16:40:44.917  1272  1396 V FaceRecognizeThread_YUV: in while,thread=Thread-17
04-22 16:40:44.937  1272  1396 V FaceRecognizeThread_YUV: thread end,thread=Thread-17
04-22 16:40:44.938  1272  1396 V FaceRecognizeThread_YUV: in while,thread=Thread-17
04-22 16:40:44.958  1272  1396 V FaceRecognizeThread_YUV: thread end,thread=Thread-17
04-22 16:40:44.958  1272  1396 V FaceRecognizeThread_YUV: in while,thread=Thread-17
04-22 16:40:44.979  1272  1396 V FaceRecognizeThread_YUV: thread end,thread=Thread-17
04-22 16:40:44.979  1272  1396 V FaceRecognizeThread_YUV: in while,thread=Thread-17
04-22 16:40:45.000  1272  1396 V FaceRecognizeThread_YUV: thread end,thread=Thread-17
04-22 16:40:45.000  1272  1396 V FaceRecognizeThread_YUV: in while,thread=Thread-17
04-22 16:40:45.021  1272  1396 V FaceRecognizeThread_YUV: thread end,thread=Thread-17
04-22 16:40:45.021  1272  1396 V FaceRecognizeThread_YUV: in while,thread=Thread-17
04-22 16:40:45.042  1272  1396 V FaceRecognizeThread_YUV: thread end,thread=Thread-17
04-22 16:40:45.042  1272  1396 V FaceRecognizeThread_YUV: in while,thread=Thread-17
04-22 16:40:45.063  1272  1396 V FaceRecognizeThread_YUV: thread end,thread=Thread-17
04-22 16:40:45.063  1272  1396 V FaceRecognizeThread_YUV: in while,thread=Thread-17
04-22 16:40:45.084  1272  1396 V FaceRecognizeThread_YUV: thread end,thread=Thread-17
04-22 16:40:45.084  1272  1396 V FaceRecognizeThread_YUV: in while,thread=Thread-17
04-22 16:40:45.105  1272  1396 V FaceRecognizeThread_YUV: thread end,thread=Thread-17
04-22 16:40:45.105  1272  1396 V FaceRecognizeThread_YUV: in while,thread=Thread-17
04-22 16:40:45.126  1272  1396 V FaceRecognizeThread_YUV: thread end,thread=Thread-17
04-22 16:40:45.126  1272  1396 V FaceRecognizeThread_YUV: in while,thread=Thread-17
04-22 16:40:45.146  1272  1396 V FaceRecognizeThread_YUV: thread end,thread=Thread-17
04-22 16:40:45.147  1272  1396 V FaceRecognizeThread_YUV: in while,thread=Thread-17
04-22 16:40:45.166  1272  1294 D CrashReport: waiting!
04-22 16:40:45.167  1272  1396 V FaceRecognizeThread_YUV: thread end,thread=Thread-17
04-22 16:40:45.167  1272  1396 V FaceRecognizeThread_YUV: in while,thread=Thread-17
04-22 16:40:45.188  1272  1396 V FaceRecognizeThread_YUV: thread end,thread=Thread-17
04-22 16:40:45.188  1272  1396 V FaceRecognizeThread_YUV: in while,thread=Thread-17
04-22 16:40:45.209  1272  1396 V FaceRecognizeThread_YUV: thread end,thread=Thread-17
04-22 16:40:45.209  1272  1396 V FaceRecognizeThread_YUV: in while,thread=Thread-17
04-22 16:40:45.229  1272  1396 V FaceRecognizeThread_YUV: thread end,thread=Thread-17
04-22 16:40:45.230  1272  1396 V FaceRecognizeThread_YUV: in while,thread=Thread-17
04-22 16:40:45.250  1272  1396 V FaceRecognizeThread_YUV: thread end,thread=Thread-17
04-22 16:40:45.251  1272  1396 V FaceRecognizeThread_YUV: in while,thread=Thread-17
04-22 16:40:45.272  1272  1396 V FaceRecognizeThread_YUV: thread end,thread=Thread-17
04-22 16:40:45.272  1272  1396 V FaceRecognizeThread_YUV: in while,thread=Thread-17
04-22 16:40:45.292  1272  1396 V FaceRecognizeThread_YUV: thread end,thread=Thread-17
04-22 16:40:45.293  1272  1396 V FaceRecognizeThread_YUV: in while,thread=Thread-17
04-22 16:40:45.313  1272  1396 V FaceRecognizeThread_YUV: thread end,thread=Thread-17
04-22 16:40:45.313  1272  1396 V FaceRecognizeThread_YUV: in while,thread=Thread-17
04-22 16:40:45.334  1272  1396 V FaceRecognizeThread_YUV: thread end,thread=Thread-17
04-22 16:40:45.334  1272  1396 V FaceRecognizeThread_YUV: in while,thread=Thread-17
04-22 16:40:45.355  1272  1396 V FaceRecognizeThread_YUV: thread end,thread=Thread-17
04-22 16:40:45.355  1272  1396 V FaceRecognizeThread_YUV: in while,thread=Thread-17
04-22 16:40:45.376  1272  1396 V FaceRecognizeThread_YUV: thread end,thread=Thread-17
04-22 16:40:45.376  1272  1396 V FaceRecognizeThread_YUV: in while,thread=Thread-17
04-22 16:40:45.397  1272  1396 V FaceRecognizeThread_YUV: thread end,thread=Thread-17
04-22 16:40:45.397  1272  1396 V FaceRecognizeThread_YUV: in while,thread=Thread-17
04-22 16:40:45.418  1272  1396 V FaceRecognizeThread_YUV: thread end,thread=Thread-17
04-22 16:40:45.418  1272  1396 V FaceRecognizeThread_YUV: in while,thread=Thread-17
04-22 16:40:45.439  1272  1396 V FaceRecognizeThread_YUV: thread end,thread=Thread-17
04-22 16:40:45.439  1272  1396 V FaceRecognizeThread_YUV: in while,thread=Thread-17
04-22 16:40:45.460  1272  1396 V FaceRecognizeThread_YUV: thread end,thread=Thread-17
04-22 16:40:45.460  1272  1396 V FaceRecognizeThread_YUV: in while,thread=Thread-17
04-22 16:40:45.481  1272  1396 V FaceRecognizeThread_YUV: thread end,thread=Thread-17
04-22 16:40:45.481  1272  1396 V FaceRecognizeThread_YUV: in while,thread=Thread-17
04-22 16:40:45.502  1272  1396 V FaceRecognizeThread_YUV: thread end,thread=Thread-17
04-22 16:40:45.502  1272  1396 V FaceRecognizeThread_YUV: in while,thread=Thread-17
04-22 16:40:45.523  1272  1396 V FaceRecognizeThread_YUV: thread end,thread=Thread-17
04-22 16:40:45.523  1272  1396 V FaceRecognizeThread_YUV: in while,thread=Thread-17
04-22 16:40:45.544  1272  1396 V FaceRecognizeThread_YUV: thread end,thread=Thread-17
04-22 16:40:45.544  1272  1396 V FaceRecognizeThread_YUV: in while,thread=Thread-17
04-22 16:40:45.565  1272  1396 V FaceRecognizeThread_YUV: thread end,thread=Thread-17
04-22 16:40:45.565  1272  1396 V FaceRecognizeThread_YUV: in while,thread=Thread-17
04-22 16:40:45.586  1272  1396 V FaceRecognizeThread_YUV: thread end,thread=Thread-17
04-22 16:40:45.586  1272  1396 V FaceRecognizeThread_YUV: in while,thread=Thread-17
04-22 16:40:45.607  1272  1396 V FaceRecognizeThread_YUV: thread end,thread=Thread-17
04-22 16:40:45.607  1272  1396 V FaceRecognizeThread_YUV: in while,thread=Thread-17
04-22 16:40:45.628  1272  1396 V FaceRecognizeThread_YUV: thread end,thread=Thread-17
04-22 16:40:45.628  1272  1396 V FaceRecognizeThread_YUV: in while,thread=Thread-17
04-22 16:40:45.648  1272  1396 V FaceRecognizeThread_YUV: thread end,thread=Thread-17
04-22 16:40:45.649  1272  1396 V FaceRecognizeThread_YUV: in while,thread=Thread-17
04-22 16:40:45.668  1272  1294 D CrashReport: waiting!
04-22 16:40:45.669  1272  1396 V FaceRecognizeThread_YUV: thread end,thread=Thread-17
04-22 16:40:45.669  1272  1396 V FaceRecognizeThread_YUV: in while,thread=Thread-17
04-22 16:40:45.690  1272  1396 V FaceRecognizeThread_YUV: thread end,thread=Thread-17
04-22 16:40:45.690  1272  1396 V FaceRecognizeThread_YUV: in while,thread=Thread-17
04-22 16:40:45.711  1272  1396 V FaceRecognizeThread_YUV: thread end,thread=Thread-17
04-22 16:40:45.711  1272  1396 V FaceRecognizeThread_YUV: in while,thread=Thread-17
04-22 16:40:45.732  1272  1396 V FaceRecognizeThread_YUV: thread end,thread=Thread-17
04-22 16:40:45.732  1272  1396 V FaceRecognizeThread_YUV: in while,thread=Thread-17
04-22 16:40:45.752  1272  1396 V FaceRecognizeThread_YUV: thread end,thread=Thread-17
04-22 16:40:45.753  1272  1396 V FaceRecognizeThread_YUV: in while,thread=Thread-17
04-22 16:40:45.773  1272  1396 V FaceRecognizeThread_YUV: thread end,thread=Thread-17
04-22 16:40:45.773  1272  1396 V FaceRecognizeThread_YUV: in while,thread=Thread-17
04-22 16:40:45.794  1272  1396 V FaceRecognizeThread_YUV: thread end,thread=Thread-17
04-22 16:40:45.794  1272  1396 V FaceRecognizeThread_YUV: in while,thread=Thread-17
04-22 16:40:45.815  1272  1396 V FaceRecognizeThread_YUV: thread end,thread=Thread-17
04-22 16:40:45.815  1272  1396 V FaceRecognizeThread_YUV: in while,thread=Thread-17
04-22 16:40:45.836  1272  1396 V FaceRecognizeThread_YUV: thread end,thread=Thread-17
04-22 16:40:45.836  1272  1396 V FaceRecognizeThread_YUV: in while,thread=Thread-17
04-22 16:40:45.857  1272  1396 V FaceRecognizeThread_YUV: thread end,thread=Thread-17
04-22 16:40:45.857  1272  1396 V FaceRecognizeThread_YUV: in while,thread=Thread-17
04-22 16:40:45.878  1272  1396 V FaceRecognizeThread_YUV: thread end,thread=Thread-17
04-22 16:40:45.878  1272  1396 V FaceRecognizeThread_YUV: in while,thread=Thread-17
04-22 16:40:45.898  1272  1396 V FaceRecognizeThread_YUV: thread end,thread=Thread-17
04-22 16:40:45.898  1272  1396 V FaceRecognizeThread_YUV: in while,thread=Thread-17
04-22 16:40:45.919  1272  1396 V FaceRecognizeThread_YUV: thread end,thread=Thread-17
04-22 16:40:45.919  1272  1396 V FaceRecognizeThread_YUV: in while,thread=Thread-17
04-22 16:40:45.940  1272  1396 V FaceRecognizeThread_YUV: thread end,thread=Thread-17
04-22 16:40:45.940  1272  1396 V FaceRecognizeThread_YUV: in while,thread=Thread-17
04-22 16:40:45.961  1272  1396 V FaceRecognizeThread_YUV: thread end,thread=Thread-17
04-22 16:40:45.961  1272  1396 V FaceRecognizeThread_YUV: in while,thread=Thread-17
04-22 16:40:45.982  1272  1396 V FaceRecognizeThread_YUV: thread end,thread=Thread-17
04-22 16:40:45.982  1272  1396 V FaceRecognizeThread_YUV: in while,thread=Thread-17
04-22 16:40:46.003  1272  1396 V FaceRecognizeThread_YUV: thread end,thread=Thread-17
04-22 16:40:46.003  1272  1396 V FaceRecognizeThread_YUV: in while,thread=Thread-17
04-22 16:40:46.024  1272  1396 V FaceRecognizeThread_YUV: thread end,thread=Thread-17
04-22 16:40:46.024  1272  1396 V FaceRecognizeThread_YUV: in while,thread=Thread-17
04-22 16:40:46.044  1272  1396 V FaceRecognizeThread_YUV: thread end,thread=Thread-17
04-22 16:40:46.045  1272  1396 V FaceRecognizeThread_YUV: in while,thread=Thread-17
04-22 16:40:46.065  1272  1396 V FaceRecognizeThread_YUV: thread end,thread=Thread-17
04-22 16:40:46.065  1272  1396 V FaceRecognizeThread_YUV: in while,thread=Thread-17
04-22 16:40:46.086  1272  1396 V FaceRecognizeThread_YUV: thread end,thread=Thread-17
04-22 16:40:46.086  1272  1396 V FaceRecognizeThread_YUV: in while,thread=Thread-17
04-22 16:40:46.107  1272  1396 V FaceRecognizeThread_YUV: thread end,thread=Thread-17
04-22 16:40:46.107  1272  1396 V FaceRecognizeThread_YUV: in while,thread=Thread-17
04-22 16:40:46.128  1272  1396 V FaceRecognizeThread_YUV: thread end,thread=Thread-17
04-22 16:40:46.128  1272  1396 V FaceRecognizeThread_YUV: in while,thread=Thread-17
04-22 16:40:46.148  1272  1396 V FaceRecognizeThread_YUV: thread end,thread=Thread-17
04-22 16:40:46.148  1272  1396 V FaceRecognizeThread_YUV: in while,thread=Thread-17
04-22 16:40:46.169  1272  1294 D CrashReport: waiting!
04-22 16:40:46.170  1272  1396 V FaceRecognizeThread_YUV: thread end,thread=Thread-17
04-22 16:40:46.170  1272  1396 V FaceRecognizeThread_YUV: in while,thread=Thread-17
04-22 16:40:46.191  1272  1396 V FaceRecognizeThread_YUV: thread end,thread=Thread-17
04-22 16:40:46.191  1272  1396 V FaceRecognizeThread_YUV: in while,thread=Thread-17
04-22 16:40:46.212  1272  1396 V FaceRecognizeThread_YUV: thread end,thread=Thread-17
04-22 16:40:46.212  1272  1396 V FaceRecognizeThread_YUV: in while,thread=Thread-17
